Archive member included to satisfy reference by file (symbol)

C:/ST/STM32CubeIDE_1.19.0/STM32CubeIDE/plugins/com.st.stm32cube.ide.mcu.externaltools.gnu-tools-for-stm32.13.3.rel1.win32_1.0.0.202411081344/tools/bin/../lib/gcc/arm-none-eabi/13.3.1/../../../../arm-none-eabi/lib/thumb/v7e-m+fp/hard\libc_nano.a(libc_a-exit.o)
                              C:/ST/STM32CubeIDE_1.19.0/STM32CubeIDE/plugins/com.st.stm32cube.ide.mcu.externaltools.gnu-tools-for-stm32.13.3.rel1.win32_1.0.0.202411081344/tools/bin/../lib/gcc/arm-none-eabi/13.3.1/../../../../arm-none-eabi/lib/thumb/v7e-m+fp/hard/crt0.o (exit)
C:/ST/STM32CubeIDE_1.19.0/STM32CubeIDE/plugins/com.st.stm32cube.ide.mcu.externaltools.gnu-tools-for-stm32.13.3.rel1.win32_1.0.0.202411081344/tools/bin/../lib/gcc/arm-none-eabi/13.3.1/../../../../arm-none-eabi/lib/thumb/v7e-m+fp/hard\libc_nano.a(libc_a-malloc.o)
                              ./Middlewares/ST/STM32_USB_Device_Library/Class/CDC/Src/usbd_cdc.o (malloc)
C:/ST/STM32CubeIDE_1.19.0/STM32CubeIDE/plugins/com.st.stm32cube.ide.mcu.externaltools.gnu-tools-for-stm32.13.3.rel1.win32_1.0.0.202411081344/tools/bin/../lib/gcc/arm-none-eabi/13.3.1/../../../../arm-none-eabi/lib/thumb/v7e-m+fp/hard\libc_nano.a(libc_a-mallocr.o)
                              C:/ST/STM32CubeIDE_1.19.0/STM32CubeIDE/plugins/com.st.stm32cube.ide.mcu.externaltools.gnu-tools-for-stm32.13.3.rel1.win32_1.0.0.202411081344/tools/bin/../lib/gcc/arm-none-eabi/13.3.1/../../../../arm-none-eabi/lib/thumb/v7e-m+fp/hard\libc_nano.a(libc_a-malloc.o) (_malloc_r)
C:/ST/STM32CubeIDE_1.19.0/STM32CubeIDE/plugins/com.st.stm32cube.ide.mcu.externaltools.gnu-tools-for-stm32.13.3.rel1.win32_1.0.0.202411081344/tools/bin/../lib/gcc/arm-none-eabi/13.3.1/../../../../arm-none-eabi/lib/thumb/v7e-m+fp/hard\libc_nano.a(libc_a-mlock.o)
                              C:/ST/STM32CubeIDE_1.19.0/STM32CubeIDE/plugins/com.st.stm32cube.ide.mcu.externaltools.gnu-tools-for-stm32.13.3.rel1.win32_1.0.0.202411081344/tools/bin/../lib/gcc/arm-none-eabi/13.3.1/../../../../arm-none-eabi/lib/thumb/v7e-m+fp/hard\libc_nano.a(libc_a-mallocr.o) (__malloc_lock)
C:/ST/STM32CubeIDE_1.19.0/STM32CubeIDE/plugins/com.st.stm32cube.ide.mcu.externaltools.gnu-tools-for-stm32.13.3.rel1.win32_1.0.0.202411081344/tools/bin/../lib/gcc/arm-none-eabi/13.3.1/../../../../arm-none-eabi/lib/thumb/v7e-m+fp/hard\libc_nano.a(libc_a-findfp.o)
                              ./Middlewares/Third_Party/FreeRTOS/Source/tasks.o (__sf)
C:/ST/STM32CubeIDE_1.19.0/STM32CubeIDE/plugins/com.st.stm32cube.ide.mcu.externaltools.gnu-tools-for-stm32.13.3.rel1.win32_1.0.0.202411081344/tools/bin/../lib/gcc/arm-none-eabi/13.3.1/../../../../arm-none-eabi/lib/thumb/v7e-m+fp/hard\libc_nano.a(libc_a-fwalk.o)
                              C:/ST/STM32CubeIDE_1.19.0/STM32CubeIDE/plugins/com.st.stm32cube.ide.mcu.externaltools.gnu-tools-for-stm32.13.3.rel1.win32_1.0.0.202411081344/tools/bin/../lib/gcc/arm-none-eabi/13.3.1/../../../../arm-none-eabi/lib/thumb/v7e-m+fp/hard\libc_nano.a(libc_a-findfp.o) (_fwalk_sglue)
C:/ST/STM32CubeIDE_1.19.0/STM32CubeIDE/plugins/com.st.stm32cube.ide.mcu.externaltools.gnu-tools-for-stm32.13.3.rel1.win32_1.0.0.202411081344/tools/bin/../lib/gcc/arm-none-eabi/13.3.1/../../../../arm-none-eabi/lib/thumb/v7e-m+fp/hard\libc_nano.a(libc_a-sprintf.o)
                              ./Core/Src/lab.o (sprintf)
C:/ST/STM32CubeIDE_1.19.0/STM32CubeIDE/plugins/com.st.stm32cube.ide.mcu.externaltools.gnu-tools-for-stm32.13.3.rel1.win32_1.0.0.202411081344/tools/bin/../lib/gcc/arm-none-eabi/13.3.1/../../../../arm-none-eabi/lib/thumb/v7e-m+fp/hard\libc_nano.a(libc_a-stdio.o)
                              C:/ST/STM32CubeIDE_1.19.0/STM32CubeIDE/plugins/com.st.stm32cube.ide.mcu.externaltools.gnu-tools-for-stm32.13.3.rel1.win32_1.0.0.202411081344/tools/bin/../lib/gcc/arm-none-eabi/13.3.1/../../../../arm-none-eabi/lib/thumb/v7e-m+fp/hard\libc_nano.a(libc_a-findfp.o) (__sread)
C:/ST/STM32CubeIDE_1.19.0/STM32CubeIDE/plugins/com.st.stm32cube.ide.mcu.externaltools.gnu-tools-for-stm32.13.3.rel1.win32_1.0.0.202411081344/tools/bin/../lib/gcc/arm-none-eabi/13.3.1/../../../../arm-none-eabi/lib/thumb/v7e-m+fp/hard\libc_nano.a(libc_a-memset.o)
                              C:/ST/STM32CubeIDE_1.19.0/STM32CubeIDE/plugins/com.st.stm32cube.ide.mcu.externaltools.gnu-tools-for-stm32.13.3.rel1.win32_1.0.0.202411081344/tools/bin/../lib/gcc/arm-none-eabi/13.3.1/../../../../arm-none-eabi/lib/thumb/v7e-m+fp/hard/crt0.o (memset)
C:/ST/STM32CubeIDE_1.19.0/STM32CubeIDE/plugins/com.st.stm32cube.ide.mcu.externaltools.gnu-tools-for-stm32.13.3.rel1.win32_1.0.0.202411081344/tools/bin/../lib/gcc/arm-none-eabi/13.3.1/../../../../arm-none-eabi/lib/thumb/v7e-m+fp/hard\libc_nano.a(libc_a-strncmp.o)
                              ./Core/Src/lab.o (strncmp)
[...]
Memory Configuration

Name             Origin             Length             Attributes
RAM              0x20000000         0x00050000         xrw
FLASH            0x08000000         0x00100000         xr
*default*        0x00000000         0xffffffff

Linker script and memory map

LOAD C:/ST/STM32CubeIDE_1.19.0/STM32CubeIDE/plugins/com.st.stm32cube.ide.mcu.externaltools.gnu-tools-for-stm32.13.3.rel1.win32_1.0.0.202411081344/tools/bin/../lib/gcc/arm-none-eabi/13.3.1/thumb/v7e-m+fp/hard/crti.o
LOAD C:/ST/STM32CubeIDE_1.19.0/STM32CubeIDE/plugins/com.st.stm32cube.ide.mcu.externaltools.gnu-tools-for-stm32.13.3.rel1.win32_1.0.0.202411081344/tools/bin/../lib/gcc/arm-none-eabi/13.3.1/thumb/v7e-m+fp/hard/crtbegin.o
LOAD C:/ST/STM32CubeIDE_1.19.0/STM32CubeIDE/plugins/com.st.stm32cube.ide.mcu.externaltools.gnu-tools-for-stm32.13.3.rel1.win32_1.0.0.202411081344/tools/bin/../lib/gcc/arm-none-eabi/13.3.1/../../../../arm-none-eabi/lib/thumb/v7e-m+fp/hard/crt0.o
LOAD ./Core/Src/freertos.o
LOAD ./Core/Src/lab.o
LOAD ./Core/Src/main.o
LOAD ./Core/Src/stm32f7xx_hal_msp.o
LOAD ./Core/Src/stm32f7xx_hal_timebase_tim.o
LOAD ./Core/Src/stm32f7xx_it.o
LOAD ./Core/Src/syscalls.o
LOAD ./Core/Src/sysmem.o
LOAD ./Core/Src/system_stm32f7xx.o
LOAD ./Core/Startup/startup_stm32f746zgtx.o
LOAD ./Drivers/STM32F7xx_HAL_Driver/Src/stm32f7xx_hal.o
LOAD ./Drivers/STM32F7xx_HAL_Driver/Src/stm32f7xx_hal_cortex.o
LOAD ./Drivers/STM32F7xx_HAL_Driver/Src/stm32f7xx_hal_dma.o
LOAD ./Drivers/STM32F7xx_HAL_Driver/Src/stm32f7xx_hal_dma_ex.o
LOAD ./Drivers/STM32F7xx_HAL_Driver/Src/stm32f7xx_hal_eth.o
LOAD ./Drivers/STM32F7xx_HAL_Driver/Src/stm32f7xx_hal_exti.o
LOAD ./Drivers/STM32F7xx_HAL_Driver/Src/stm32f7xx_hal_flash.o
LOAD ./Drivers/STM32F7xx_HAL_Driver/Src/stm32f7xx_hal_flash_ex.o
LOAD ./Drivers/STM32F7xx_HAL_Driver/Src/stm32f7xx_hal_gpio.o
LOAD ./Drivers/STM32F7xx_HAL_Driver/Src/stm32f7xx_hal_i2c.o
LOAD ./Drivers/STM32F7xx_HAL_Driver/Src/stm32f7xx_hal_i2c_ex.o
LOAD ./Drivers/STM32F7xx_HAL_Driver/Src/stm32f7xx_hal_pcd.o
LOAD ./Drivers/STM32F7xx_HAL_Driver/Src/stm32f7xx_hal_pcd_ex.o
LOAD ./Drivers/STM32F7xx_HAL_Driver/Src/stm32f7xx_hal_pwr.o
LOAD ./Drivers/STM32F7xx_HAL_Driver/Src/stm32f7xx_hal_pwr_ex.o
LOAD ./Drivers/STM32F7xx_HAL_Driver/Src/stm32f7xx_hal_rcc.o
LOAD ./Drivers/STM32F7xx_HAL_Driver/Src/stm32f7xx_hal_rcc_ex.o
LOAD ./Drivers/STM32F7xx_HAL_Driver/Src/stm32f7xx_hal_tim.o
LOAD ./Drivers/STM32F7xx_HAL_Driver/Src/stm32f7xx_hal_tim_ex.o
LOAD ./Drivers/STM32F7xx_HAL_Driver/Src/stm32f7xx_hal_uart.o
LOAD ./Drivers/STM32F7xx_HAL_Driver/Src/stm32f7xx_hal_uart_ex.o
LOAD ./Drivers/STM32F7xx_HAL_Driver/Src/stm32f7xx_ll_usb.o
LOAD ./Middlewares/ST/STM32_USB_Device_Library/Class/CDC/Src/usbd_cdc.o
LOAD ./Middlewares/ST/STM32_USB_Device_Library/Core/Src/usbd_core.o
LOAD ./Middlewares/ST/STM32_USB_Device_Library/Core/Src/usbd_ctlreq.o
LOAD ./Middlewares/ST/STM32_USB_Device_Library/Core/Src/usbd_ioreq.o
LOAD ./Middlewares/Third_Party/FreeRTOS/Source/CMSIS_RTOS_V2/cmsis_os2.o
LOAD ./Middlewares/Third_Party/FreeRTOS/Source/croutine.o
LOAD ./Middlewares/Third_Party/FreeRTOS/Source/event_groups.o
LOAD ./Middlewares/Third_Party/FreeRTOS/Source/list.o
LOAD ./Middlewares/Third_Party/FreeRTOS/Source/queue.o
LOAD ./Middlewares/Third_Party/FreeRTOS/Source/stream_buffer.o
LOAD ./Middlewares/Third_Party/FreeRTOS/Source/tasks.o
LOAD ./Middlewares/Third_Party/FreeRTOS/Source/timers.o
LOAD ./Middlewares/Third_Party/FreeRTOS/Source/portable/GCC/ARM_CM7/r0p1/port.o
LOAD ./Middlewares/Third_Party/FreeRTOS/Source/portable/MemMang/heap_4.o
LOAD ./USB_DEVICE/App/usb_device.o
LOAD ./USB_DEVICE/App/usbd_cdc_if.o
LOAD ./USB_DEVICE/App/usbd_desc.o
LOAD ./USB_DEVICE/Target/usbd_conf.o
START GROUP
LOAD C:/ST/STM32CubeIDE_1.19.0/STM32CubeIDE/plugins/com.st.stm32cube.ide.mcu.externaltools.gnu-tools-for-stm32.13.3.rel1.win32_1.0.0.202411081344/tools/bin/../lib/gcc/arm-none-eabi/13.3.1/../../../../arm-none-eabi/lib/thumb/v7e-m+fp/hard\libc_nano.a
LOAD C:/ST/STM32CubeIDE_1.19.0/STM32CubeIDE/plugins/com.st.stm32cube.ide.mcu.externaltools.gnu-tools-for-stm32.13.3.rel1.win32_1.0.0.202411081344/tools/bin/../lib/gcc/arm-none-eabi/13.3.1/../../../../arm-none-eabi/lib/thumb/v7e-m+fp/hard\libm.a
END GROUP
START GROUP
LOAD C:/ST/STM32CubeIDE_1.19.0/STM32CubeIDE/plugins/com.st.stm32cube.ide.mcu.externaltools.gnu-tools-for-stm32.13.3.rel1.win32_1.0.0.202411081344/tools/bin/../lib/gcc/arm-none-eabi/13.3.1/thumb/v7e-m+fp/hard\libgcc.a
LOAD C:/ST/STM32CubeIDE_1.19.0/STM32CubeIDE/plugins/com.st.stm32cube.ide.mcu.externaltools.gnu-tools-for-stm32.13.3.rel1.win32_1.0.0.202411081344/tools/bin/../lib/gcc/arm-none-eabi/13.3.1/../../../../arm-none-eabi/lib/thumb/v7e-m+fp/hard\libc_nano.a
END GROUP
START GROUP
LOAD C:/ST/STM32CubeIDE_1.19.0/STM32CubeIDE/plugins/com.st.stm32cube.ide.mcu.externaltools.gnu-tools-for-stm32.13.3.rel1.win32_1.0.0.202411081344/tools/bin/../lib/gcc/arm-none-eabi/13.3.1/thumb/v7e-m+fp/hard\libgcc.a
LOAD C:/ST/STM32CubeIDE_1.19.0/STM32CubeIDE/plugins/com.st.stm32cube.ide.mcu.externaltools.gnu-tools-for-stm32.13.3.rel1.win32_1.0.0.202411081344/tools/bin/../lib/gcc/arm-none-eabi/13.3.1/../../../../arm-none-eabi/lib/thumb/v7e-m+fp/hard\libc_nano.a
LOAD C:/ST/STM32CubeIDE_1.19.0/STM32CubeIDE/plugins/com.st.stm32cube.ide.mcu.externaltools.gnu-tools-for-stm32.13.3.rel1.win32_1.0.0.202411081344/tools/bin/../lib/gcc/arm-none-eabi/13.3.1/../../../../arm-none-eabi/lib/thumb/v7e-m+fp/hard\libnosys.a
END GROUP
START GROUP
LOAD C:/ST/STM32CubeIDE_1.19.0/STM32CubeIDE/plugins/com.st.stm32cube.ide.mcu.externaltools.gnu-tools-for-stm32.13.3.rel1.win32_1.0.0.202411081344/tools/bin/../lib/gcc/arm-none-eabi/13.3.1/thumb/v7e-m+fp/hard\libgcc.a
LOAD C:/ST/STM32CubeIDE_1.19.0/STM32CubeIDE/plugins/com.st.stm32cube.ide.mcu.externaltools.gnu-tools-for-stm32.13.3.rel1.win32_1.0.0.202411081344/tools/bin/../lib/gcc/arm-none-eabi/13.3.1/../../../../arm-none-eabi/lib/thumb/v7e-m+fp/hard\libc_nano.a
LOAD C:/ST/STM32CubeIDE_1.19.0/STM32CubeIDE/plugins/com.st.stm32cube.ide.mcu.externaltools.gnu-tools-for-stm32.13.3.rel1.win32_1.0.0.202411081344/tools/bin/../lib/gcc/arm-none-eabi/13.3.1/../../../../arm-none-eabi/lib/thumb/v7e-m+fp/hard\libnosys.a
END GROUP
LOAD C:/ST/STM32CubeIDE_1.19.0/STM32CubeIDE/plugins/com.st.stm32cube.ide.mcu.externaltools.gnu-tools-for-stm32.13.3.rel1.win32_1.0.0.202411081344/tools/bin/../lib/gcc/arm-none-eabi/13.3.1/thumb/v7e-m+fp/hard/crtend.o
LOAD C:/ST/STM32CubeIDE_1.19.0/STM32CubeIDE/plugins/com.st.stm32cube.ide.mcu.externaltools.gnu-tools-for-stm32.13.3.rel1.win32_1.0.0.202411081344/tools/bin/../lib/gcc/arm-none-eabi/13.3.1/thumb/v7e-m+fp/hard/crtn.o
                0x20050000                        _estack = (ORIGIN (RAM) + LENGTH (RAM))
                0x00000200                        _Min_Heap_Size = 0x200
                0x00000400                        _Min_Stack_Size = 0x400

.isr_vector     0x08000000      0x1c8
                0x08000000                        . = ALIGN (0x4)
 *(.isr_vector)
 .isr_vector    0x08000000      0x1c8 ./Core/Startup/startup_stm32f746zgtx.o
                0x08000000                g_pfnVectors
                0x080001c8                        . = ALIGN (0x4)

.text           0x080001d0     0xd808
                0x080001d0                        . = ALIGN (0x4)
 *(.text)
 .text          0x080001d0       0x40 C:/ST/STM32CubeIDE_1.19.0/STM32CubeIDE/plugins/com.st.stm32cube.ide.mcu.externaltools.gnu-tools-for-stm32.13.3.rel1.win32_1.0.0.202411081344/tools/bin/../lib/gcc/arm-none-eabi/13.3.1/thumb/v7e-m+fp/hard/crtbegin.o
 .text          0x08000210       0x10 C:/ST/STM32CubeIDE_1.19.0/STM32CubeIDE/plugins/com.st.stm32cube.ide.mcu.externaltools.gnu-tools-for-stm32.13.3.rel1.win32_1.0.0.202411081344/tools/bin/../lib/gcc/arm-none-eabi/13.3.1/../../../../arm-none-eabi/lib/thumb/v7e-m+fp/hard\libc_nano.a(libc_a-strlen.o)
                0x08000210                strlen
 .text          0x08000220       0xa0 C:/ST/STM32CubeIDE_1.19.0/STM32CubeIDE/plugins/com.st.stm32cube.ide.mcu.externaltools.gnu-tools-for-stm32.13.3.rel1.win32_1.0.0.202411081344/tools/bin/../lib/gcc/arm-none-eabi/13.3.1/../../../../arm-none-eabi/lib/thumb/v7e-m+fp/hard\libc_nano.a(libc_a-memchr.o)
                0x08000220                memchr
 .text          0x080002c0       0x30 C:/ST/STM32CubeIDE_1.19.0/STM32CubeIDE/plugins/com.st.stm32cube.ide.mcu.externaltools.gnu-tools-for-stm32.13.3.rel1.win32_1.0.0.202411081344/tools/bin/../lib/gcc/arm-none-eabi/13.3.1/thumb/v7e-m+fp/hard\libgcc.a(_aeabi_uldivmod.o)
                0x080002c0                __aeabi_uldivmod
 .text          0x080002f0      0x2f8 C:/ST/STM32CubeIDE_1.19.0/STM32CubeIDE/plugins/com.st.stm32cube.ide.mcu.externaltools.gnu-tools-for-stm32.13.3.rel1.win32_1.0.0.202411081344/tools/bin/../lib/gcc/arm-none-eabi/13.3.1/thumb/v7e-m+fp/hard\libgcc.a(_udivmoddi4.o)
                0x080002f0                __udivmoddi4
 .text          0x080005e8        0x4 C:/ST/STM32CubeIDE_1.19.0/STM32CubeIDE/plugins/com.st.stm32cube.ide.mcu.externaltools.gnu-tools-for-stm32.13.3.rel1.win32_1.0.0.202411081344/tools/bin/../lib/gcc/arm-none-eabi/13.3.1/thumb/v7e-m+fp/hard\libgcc.a(_dvmd_tls.o)
                0x080005e8                __aeabi_idiv0
                0x080005e8                __aeabi_ldiv0
 *(.text*)
 .text.TaskA    0x080005ec      0x144 ./Core/Src/lab.o
                0x080005ec                TaskA
 .text.Lab      0x08000730       0x50 ./Core/Src/lab.o
                0x08000730                Lab
 .text.CDC_ReceiveCallBack
                0x08000780      0x348 ./Core/Src/lab.o
                0x08000780                CDC_ReceiveCallBack
 .text.main     0x08000ac8       0x44 ./Core/Src/main.o
                0x08000ac8                main
 .text.SystemClock_Config
                0x08000b0c       0xcc ./Core/Src/main.o
                0x08000b0c                SystemClock_Config
 .text.MX_ETH_Init
                0x08000bd8       0x9c ./Core/Src/main.o
 .text.MX_USART3_UART_Init
                0x08000c74       0x60 ./Core/Src/main.o
 .text.MX_GPIO_Init
                0x08000cd4      0x144 ./Core/Src/main.o
 .text.StartDefaultTask
                0x08000e18       0x14 ./Core/Src/main.o
                0x08000e18                StartDefaultTask
 .text.HAL_TIM_PeriodElapsedCallback
                0x08000e2c       0x24 ./Core/Src/main.o
                0x08000e2c                HAL_TIM_PeriodElapsedCallback
 .text.Error_Handler
                0x08000e50        0xc ./Core/Src/main.o
                0x08000e50                Error_Handler
 .text.HAL_MspInit
                0x08000e5c       0x50 ./Core/Src/stm32f7xx_hal_msp.o
                0x08000e5c                HAL_MspInit
 .text.HAL_ETH_MspInit
                0x08000eac      0x170 ./Core/Src/stm32f7xx_hal_msp.o
                0x08000eac                HAL_ETH_MspInit
 .text.HAL_UART_MspInit
                0x0800101c       0xc0 ./Core/Src/stm32f7xx_hal_msp.o
                0x0800101c                HAL_UART_MspInit
 .text.HAL_InitTick
                0x080010dc       0xe0 ./Core/Src/stm32f7xx_hal_timebase_tim.o
                0x080010dc                HAL_InitTick
 .text.NMI_Handler
                0x080011bc        0x8 ./Core/Src/stm32f7xx_it.o
                0x080011bc                NMI_Handler
 .text.HardFault_Handler
                0x080011c4        0x8 ./Core/Src/stm32f7xx_it.o
                0x080011c4                HardFault_Handler
 .text.MemManage_Handler
                0x080011cc        0x8 ./Core/Src/stm32f7xx_it.o
                0x080011cc                MemManage_Handler
 .text.BusFault_Handler
                0x080011d4        0x8 ./Core/Src/stm32f7xx_it.o
                0x080011d4                BusFault_Handler
 .text.UsageFault_Handler
                0x080011dc        0x8 ./Core/Src/stm32f7xx_it.o
                0x080011dc                UsageFault_Handler
 .text.DebugMon_Handler
                0x080011e4        0xe ./Core/Src/stm32f7xx_it.o
                0x080011e4                DebugMon_Handler
 *fill*         0x080011f2        0x2 
 .text.TIM1_UP_TIM10_IRQHandler
                0x080011f4       0x14 ./Core/Src/stm32f7xx_it.o
                0x080011f4                TIM1_UP_TIM10_IRQHandler
 .text.OTG_FS_IRQHandler
                0x08001208       0x14 ./Core/Src/stm32f7xx_it.o
                0x08001208                OTG_FS_IRQHandler
 .text._sbrk    0x0800121c       0x6c ./Core/Src/sysmem.o
                0x0800121c                _sbrk
 .text.SystemInit
                0x08001288       0x24 ./Core/Src/system_stm32f7xx.o
                0x08001288                SystemInit
 .text.Reset_Handler
                0x080012ac       0x50 ./Core/Startup/startup_stm32f746zgtx.o
                0x080012ac                Reset_Handler
 .text.Default_Handler
                0x080012fc        0x2 ./Core/Startup/startup_stm32f746zgtx.o
                0x080012fc                RTC_Alarm_IRQHandler
                0x080012fc                EXTI2_IRQHandler
                0x080012fc                TIM8_CC_IRQHandler
                0x080012fc                UART8_IRQHandler
                0x080012fc                SPI4_IRQHandler
                0x080012fc                TIM1_CC_IRQHandler
                0x080012fc                DMA2_Stream5_IRQHandler
                0x080012fc                DMA1_Stream5_IRQHandler
                0x080012fc                PVD_IRQHandler
                0x080012fc                TAMP_STAMP_IRQHandler
                0x080012fc                CAN2_RX1_IRQHandler
                0x080012fc                EXTI3_IRQHandler
                0x080012fc                TIM8_TRG_COM_TIM14_IRQHandler
                0x080012fc                TIM8_UP_TIM13_IRQHandler
                0x080012fc                I2C3_ER_IRQHandler
                0x080012fc                EXTI0_IRQHandler
                0x080012fc                I2C2_EV_IRQHandler
                0x080012fc                DMA1_Stream2_IRQHandler
                0x080012fc                CAN1_RX0_IRQHandler
                0x080012fc                FPU_IRQHandler
                0x080012fc                OTG_HS_WKUP_IRQHandler
                0x080012fc                LTDC_ER_IRQHandler
                0x080012fc                CAN2_SCE_IRQHandler
                0x080012fc                DMA2_Stream2_IRQHandler
                0x080012fc                SPI1_IRQHandler
                0x080012fc                TIM6_DAC_IRQHandler
                0x080012fc                TIM1_BRK_TIM9_IRQHandler
                0x080012fc                DCMI_IRQHandler
                0x080012fc                CAN2_RX0_IRQHandler
                0x080012fc                DMA2_Stream3_IRQHandler
                0x080012fc                SAI2_IRQHandler
                0x080012fc                USART6_IRQHandler
                0x080012fc                USART3_IRQHandler
                0x080012fc                CAN1_RX1_IRQHandler
                0x080012fc                UART5_IRQHandler
                0x080012fc                DMA2_Stream0_IRQHandler
                0x080012fc                TIM4_IRQHandler
                0x080012fc                QUADSPI_IRQHandler
                0x080012fc                I2C1_EV_IRQHandler
                0x080012fc                DMA1_Stream6_IRQHandler
                0x080012fc                DMA1_Stream1_IRQHandler
                0x080012fc                UART4_IRQHandler
                0x080012fc                TIM3_IRQHandler
                0x080012fc                RCC_IRQHandler
                0x080012fc                TIM8_BRK_TIM12_IRQHandler
                0x080012fc                Default_Handler
                0x080012fc                CEC_IRQHandler
                0x080012fc                EXTI15_10_IRQHandler
                0x080012fc                ADC_IRQHandler
                0x080012fc                DMA1_Stream7_IRQHandler
                0x080012fc                SPI5_IRQHandler
                0x080012fc                TIM7_IRQHandler
                0x080012fc                SDMMC1_IRQHandler
                0x080012fc                CAN2_TX_IRQHandler
                0x080012fc                TIM5_IRQHandler
                0x080012fc                DMA2_Stream7_IRQHandler
                0x080012fc                I2C3_EV_IRQHandler
                0x080012fc                EXTI9_5_IRQHandler
                0x080012fc                RTC_WKUP_IRQHandler
                0x080012fc                LTDC_IRQHandler
                0x080012fc                ETH_WKUP_IRQHandler
                0x080012fc                SPDIF_RX_IRQHandler
                0x080012fc                SPI2_IRQHandler
                0x080012fc                OTG_HS_EP1_IN_IRQHandler
                0x080012fc                DMA1_Stream0_IRQHandler
                0x080012fc                CAN1_TX_IRQHandler
                0x080012fc                EXTI4_IRQHandler
                0x080012fc                RNG_IRQHandler
                0x080012fc                ETH_IRQHandler
                0x080012fc                OTG_HS_EP1_OUT_IRQHandler
                0x080012fc                WWDG_IRQHandler
                0x080012fc                SPI6_IRQHandler
                0x080012fc                I2C4_EV_IRQHandler
                0x080012fc                TIM2_IRQHandler
                0x080012fc                OTG_FS_WKUP_IRQHandler
                0x080012fc                TIM1_TRG_COM_TIM11_IRQHandler
                0x080012fc                OTG_HS_IRQHandler
                0x080012fc                DMA2D_IRQHandler
                0x080012fc                EXTI1_IRQHandler
                0x080012fc                UART7_IRQHandler
                0x080012fc                USART2_IRQHandler
                0x080012fc                I2C2_ER_IRQHandler
                0x080012fc                DMA2_Stream1_IRQHandler
                0x080012fc                CAN1_SCE_IRQHandler
                0x080012fc                FLASH_IRQHandler
                0x080012fc                DMA2_Stream4_IRQHandler
                0x080012fc                USART1_IRQHandler
                0x080012fc                SPI3_IRQHandler
                0x080012fc                DMA1_Stream4_IRQHandler
                0x080012fc                I2C1_ER_IRQHandler
                0x080012fc                FMC_IRQHandler
                0x080012fc                LPTIM1_IRQHandler
                0x080012fc                I2C4_ER_IRQHandler
                0x080012fc                DMA2_Stream6_IRQHandler
                0x080012fc                SAI1_IRQHandler
                0x080012fc                DMA1_Stream3_IRQHandler
 .text.HAL_Init
                0x080012fe       0x1a ./Drivers/STM32F7xx_HAL_Driver/Src/stm32f7xx_hal.o
                0x080012fe                HAL_Init
 .text.HAL_IncTick
                0x08001318       0x28 ./Drivers/STM32F7xx_HAL_Driver/Src/stm32f7xx_hal.o
                0x08001318                HAL_IncTick
 .text.HAL_GetTick
                0x08001340       0x18 ./Drivers/STM32F7xx_HAL_Driver/Src/stm32f7xx_hal.o
                0x08001340                HAL_GetTick
 .text.HAL_Delay
                0x08001358       0x48 ./Drivers/STM32F7xx_HAL_Driver/Src/stm32f7xx_hal.o
                0x08001358                HAL_Delay
 .text.__NVIC_SetPriorityGrouping
                0x080013a0       0x48 ./Drivers/STM32F7xx_HAL_Driver/Src/stm32f7xx_hal_cortex.o
 .text.__NVIC_GetPriorityGrouping
                0x080013e8       0x1c ./Drivers/STM32F7xx_HAL_Driver/Src/stm32f7xx_hal_cortex.o
 .text.__NVIC_EnableIRQ
                0x08001404       0x3c ./Drivers/STM32F7xx_HAL_Driver/Src/stm32f7xx_hal_cortex.o
 .text.__NVIC_SetPriority
                0x08001440       0x54 ./Drivers/STM32F7xx_HAL_Driver/Src/stm32f7xx_hal_cortex.o
 .text.NVIC_EncodePriority
                0x08001494       0x66 ./Drivers/STM32F7xx_HAL_Driver/Src/stm32f7xx_hal_cortex.o
 .text.HAL_NVIC_SetPriorityGrouping
                0x080014fa       0x16 ./Drivers/STM32F7xx_HAL_Driver/Src/stm32f7xx_hal_cortex.o
                0x080014fa                HAL_NVIC_SetPriorityGrouping
 .text.HAL_NVIC_SetPriority
                0x08001510       0x38 ./Drivers/STM32F7xx_HAL_Driver/Src/stm32f7xx_hal_cortex.o
                0x08001510                HAL_NVIC_SetPriority
 .text.HAL_NVIC_EnableIRQ
                0x08001548       0x1c ./Drivers/STM32F7xx_HAL_Driver/Src/stm32f7xx_hal_cortex.o
                0x08001548                HAL_NVIC_EnableIRQ
 .text.HAL_ETH_Init
                0x08001564       0xf8 ./Drivers/STM32F7xx_HAL_Driver/Src/stm32f7xx_hal_eth.o
                0x08001564                HAL_ETH_Init
 .text.ETH_SetMACConfig
                0x0800165c      0x160 ./Drivers/STM32F7xx_HAL_Driver/Src/stm32f7xx_hal_eth.o
 .text.ETH_SetDMAConfig
                0x080017bc      0x114 ./Drivers/STM32F7xx_HAL_Driver/Src/stm32f7xx_hal_eth.o
 .text.ETH_MACDMAConfig
                0x080018d0       0xe4 ./Drivers/STM32F7xx_HAL_Driver/Src/stm32f7xx_hal_eth.o
 .text.ETH_MACAddressConfig
                0x080019b4       0x70 ./Drivers/STM32F7xx_HAL_Driver/Src/stm32f7xx_hal_eth.o
 .text.ETH_DMATxDescListInit
                0x08001a24       0xb2 ./Drivers/STM32F7xx_HAL_Driver/Src/stm32f7xx_hal_eth.o
 .text.ETH_DMARxDescListInit
                0x08001ad6       0xda ./Drivers/STM32F7xx_HAL_Driver/Src/stm32f7xx_hal_eth.o
 .text.HAL_GPIO_Init
                0x08001bb0      0x358 ./Drivers/STM32F7xx_HAL_Driver/Src/stm32f7xx_hal_gpio.o
                0x08001bb0                HAL_GPIO_Init
 .text.HAL_GPIO_WritePin
                0x08001f08       0x32 ./Drivers/STM32F7xx_HAL_Driver/Src/stm32f7xx_hal_gpio.o
                0x08001f08                HAL_GPIO_WritePin
 .text.HAL_PCD_Init
                0x08001f3a      0x248 ./Drivers/STM32F7xx_HAL_Driver/Src/stm32f7xx_hal_pcd.o
                0x08001f3a                HAL_PCD_Init
 .text.HAL_PCD_Start
                0x08002182       0x44 ./Drivers/STM32F7xx_HAL_Driver/Src/stm32f7xx_hal_pcd.o
                0x08002182                HAL_PCD_Start
 .text.HAL_PCD_IRQHandler
                0x080021c6      0x998 ./Drivers/STM32F7xx_HAL_Driver/Src/stm32f7xx_hal_pcd.o
                0x080021c6                HAL_PCD_IRQHandler
 .text.HAL_PCD_SetAddress
                0x08002b5e       0x4a ./Drivers/STM32F7xx_HAL_Driver/Src/stm32f7xx_hal_pcd.o
                0x08002b5e                HAL_PCD_SetAddress
 .text.HAL_PCD_EP_Open
                0x08002ba8       0xd0 ./Drivers/STM32F7xx_HAL_Driver/Src/stm32f7xx_hal_pcd.o
                0x08002ba8                HAL_PCD_EP_Open
 .text.HAL_PCD_EP_Close
                0x08002c78       0x94 ./Drivers/STM32F7xx_HAL_Driver/Src/stm32f7xx_hal_pcd.o
                0x08002c78                HAL_PCD_EP_Close
 .text.HAL_PCD_EP_Receive
                0x08002d0c       0x96 ./Drivers/STM32F7xx_HAL_Driver/Src/stm32f7xx_hal_pcd.o
                0x08002d0c                HAL_PCD_EP_Receive
 .text.HAL_PCD_EP_GetRxCount
                0x08002da2       0x30 ./Drivers/STM32F7xx_HAL_Driver/Src/stm32f7xx_hal_pcd.o
                0x08002da2                HAL_PCD_EP_GetRxCount
 .text.HAL_PCD_EP_Transmit
                0x08002dd2       0x94 ./Drivers/STM32F7xx_HAL_Driver/Src/stm32f7xx_hal_pcd.o
                0x08002dd2                HAL_PCD_EP_Transmit
 .text.HAL_PCD_EP_SetStall
                0x08002e66       0xc8 ./Drivers/STM32F7xx_HAL_Driver/Src/stm32f7xx_hal_pcd.o
                0x08002e66                HAL_PCD_EP_SetStall
 .text.HAL_PCD_EP_ClrStall
                0x08002f2e       0xac ./Drivers/STM32F7xx_HAL_Driver/Src/stm32f7xx_hal_pcd.o
                0x08002f2e                HAL_PCD_EP_ClrStall
 .text.HAL_PCD_EP_Abort
                0x08002fda       0x62 ./Drivers/STM32F7xx_HAL_Driver/Src/stm32f7xx_hal_pcd.o
                0x08002fda                HAL_PCD_EP_Abort
 .text.PCD_WriteEmptyTxFifo
                0x0800303c      0x11a ./Drivers/STM32F7xx_HAL_Driver/Src/stm32f7xx_hal_pcd.o
 *fill*         0x08003156        0x2 
 .text.PCD_EP_OutXfrComplete_int
                0x08003158      0x1d0 ./Drivers/STM32F7xx_HAL_Driver/Src/stm32f7xx_hal_pcd.o
 .text.PCD_EP_OutSetupPacket_int
                0x08003328       0x8c ./Drivers/STM32F7xx_HAL_Driver/Src/stm32f7xx_hal_pcd.o
 .text.HAL_PCDEx_SetTxFiFo
                0x080033b4       0x8e ./Drivers/STM32F7xx_HAL_Driver/Src/stm32f7xx_hal_pcd_ex.o
                0x080033b4                HAL_PCDEx_SetTxFiFo
 .text.HAL_PCDEx_SetRxFiFo
                0x08003442       0x22 ./Drivers/STM32F7xx_HAL_Driver/Src/stm32f7xx_hal_pcd_ex.o
                0x08003442                HAL_PCDEx_SetRxFiFo
 .text.HAL_PCDEx_ActivateLPM
                0x08003464       0x48 ./Drivers/STM32F7xx_HAL_Driver/Src/stm32f7xx_hal_pcd_ex.o
                0x08003464                HAL_PCDEx_ActivateLPM
 .text.HAL_RCC_OscConfig
                0x080034ac      0x548 ./Drivers/STM32F7xx_HAL_Driver/Src/stm32f7xx_hal_rcc.o
                0x080034ac                HAL_RCC_OscConfig
 .text.HAL_RCC_ClockConfig
                0x080039f4      0x1d8 ./Drivers/STM32F7xx_HAL_Driver/Src/stm32f7xx_hal_rcc.o
                0x080039f4                HAL_RCC_ClockConfig
 .text.HAL_RCC_GetSysClockFreq
                0x08003bcc      0x20c ./Drivers/STM32F7xx_HAL_Driver/Src/stm32f7xx_hal_rcc.o
                0x08003bcc                HAL_RCC_GetSysClockFreq
 .text.HAL_RCC_GetHCLKFreq
                0x08003dd8       0x18 ./Drivers/STM32F7xx_HAL_Driver/Src/stm32f7xx_hal_rcc.o
                0x08003dd8                HAL_RCC_GetHCLKFreq
 .text.HAL_RCC_GetPCLK1Freq
                0x08003df0       0x28 ./Drivers/STM32F7xx_HAL_Driver/Src/stm32f7xx_hal_rcc.o
                0x08003df0                HAL_RCC_GetPCLK1Freq
 .text.HAL_RCC_GetPCLK2Freq
                0x08003e18       0x28 ./Drivers/STM32F7xx_HAL_Driver/Src/stm32f7xx_hal_rcc.o
                0x08003e18                HAL_RCC_GetPCLK2Freq
 .text.HAL_RCC_GetClockConfig
                0x08003e40       0x64 ./Drivers/STM32F7xx_HAL_Driver/Src/stm32f7xx_hal_rcc.o
                0x08003e40                HAL_RCC_GetClockConfig
 .text.HAL_RCCEx_PeriphCLKConfig
                0x08003ea4      0x7e0 ./Drivers/STM32F7xx_HAL_Driver/Src/stm32f7xx_hal_rcc_ex.o
                0x08003ea4                HAL_RCCEx_PeriphCLKConfig
 .text.HAL_TIM_Base_Init
                0x08004684       0xae ./Drivers/STM32F7xx_HAL_Driver/Src/stm32f7xx_hal_tim.o
                0x08004684                HAL_TIM_Base_Init
 .text.HAL_TIM_Base_MspInit
                0x08004732       0x14 ./Drivers/STM32F7xx_HAL_Driver/Src/stm32f7xx_hal_tim.o
                0x08004732                HAL_TIM_Base_MspInit
 *fill*         0x08004746        0x2 
 .text.HAL_TIM_Base_Start_IT
                0x08004748       0xf0 ./Drivers/STM32F7xx_HAL_Driver/Src/stm32f7xx_hal_tim.o
                0x08004748                HAL_TIM_Base_Start_IT
 .text.HAL_TIM_IRQHandler
                0x08004838      0x23e ./Drivers/STM32F7xx_HAL_Driver/Src/stm32f7xx_hal_tim.o
                0x08004838                HAL_TIM_IRQHandler
 .text.HAL_TIM_OC_DelayElapsedCallback
                0x08004a76       0x14 ./Drivers/STM32F7xx_HAL_Driver/Src/stm32f7xx_hal_tim.o
                0x08004a76                HAL_TIM_OC_DelayElapsedCallback
 .text.HAL_TIM_IC_CaptureCallback
                0x08004a8a       0x14 ./Drivers/STM32F7xx_HAL_Driver/Src/stm32f7xx_hal_tim.o
                0x08004a8a                HAL_TIM_IC_CaptureCallback
 .text.HAL_TIM_PWM_PulseFinishedCallback
                0x08004a9e       0x14 ./Drivers/STM32F7xx_HAL_Driver/Src/stm32f7xx_hal_tim.o
                0x08004a9e                HAL_TIM_PWM_PulseFinishedCallback
 .text.HAL_TIM_TriggerCallback
                0x08004ab2       0x14 ./Drivers/STM32F7xx_HAL_Driver/Src/stm32f7xx_hal_tim.o
                0x08004ab2                HAL_TIM_TriggerCallback
 *fill*         0x08004ac6        0x2 
 .text.TIM_Base_SetConfig
                0x08004ac8      0x140 ./Drivers/STM32F7xx_HAL_Driver/Src/stm32f7xx_hal_tim.o
                0x08004ac8                TIM_Base_SetConfig
 .text.HAL_TIMEx_CommutCallback
                0x08004c08       0x14 ./Drivers/STM32F7xx_HAL_Driver/Src/stm32f7xx_hal_tim_ex.o
                0x08004c08                HAL_TIMEx_CommutCallback
 .text.HAL_TIMEx_BreakCallback
                0x08004c1c       0x14 ./Drivers/STM32F7xx_HAL_Driver/Src/stm32f7xx_hal_tim_ex.o
                0x08004c1c                HAL_TIMEx_BreakCallback
 .text.HAL_TIMEx_Break2Callback
                0x08004c30       0x14 ./Drivers/STM32F7xx_HAL_Driver/Src/stm32f7xx_hal_tim_ex.o
                0x08004c30                HAL_TIMEx_Break2Callback
 .text.HAL_UART_Init
                0x08004c44       0x9c ./Drivers/STM32F7xx_HAL_Driver/Src/stm32f7xx_hal_uart.o
                0x08004c44                HAL_UART_Init
 .text.UART_SetConfig
                0x08004ce0      0x4c8 ./Drivers/STM32F7xx_HAL_Driver/Src/stm32f7xx_hal_uart.o
                0x08004ce0                UART_SetConfig
 .text.UART_AdvFeatureConfig
                0x080051a8      0x144 ./Drivers/STM32F7xx_HAL_Driver/Src/stm32f7xx_hal_uart.o
                0x080051a8                UART_AdvFeatureConfig
 .text.UART_CheckIdleState
                0x080052ec       0x6e ./Drivers/STM32F7xx_HAL_Driver/Src/stm32f7xx_hal_uart.o
                0x080052ec                UART_CheckIdleState
 .text.UART_WaitOnFlagUntilTimeout
                0x0800535a      0x18c ./Drivers/STM32F7xx_HAL_Driver/Src/stm32f7xx_hal_uart.o
                0x0800535a                UART_WaitOnFlagUntilTimeout
 *fill*         0x080054e6        0x2 
 .text.USB_CoreInit
                0x080054e8       0xb0 ./Drivers/STM32F7xx_HAL_Driver/Src/stm32f7xx_ll_usb.o
                0x080054e8                USB_CoreInit
 .text.USB_SetTurnaroundTime
                0x08005598      0x144 ./Drivers/STM32F7xx_HAL_Driver/Src/stm32f7xx_ll_usb.o
                0x08005598                USB_SetTurnaroundTime
 .text.USB_EnableGlobalInt
                0x080056dc       0x22 ./Drivers/STM32F7xx_HAL_Driver/Src/stm32f7xx_ll_usb.o
                0x080056dc                USB_EnableGlobalInt
 .text.USB_DisableGlobalInt
                0x080056fe       0x22 ./Drivers/STM32F7xx_HAL_Driver/Src/stm32f7xx_ll_usb.o
                0x080056fe                USB_DisableGlobalInt
 .text.USB_SetCurrentMode
                0x08005720       0x98 ./Drivers/STM32F7xx_HAL_Driver/Src/stm32f7xx_ll_usb.o
                0x08005720                USB_SetCurrentMode
 .text.USB_DevInit
                0x080057b8      0x2bc ./Drivers/STM32F7xx_HAL_Driver/Src/stm32f7xx_ll_usb.o
                0x080057b8                USB_DevInit
 .text.USB_FlushTxFifo
                0x08005a74       0x68 ./Drivers/STM32F7xx_HAL_Driver/Src/stm32f7xx_ll_usb.o
                0x08005a74                USB_FlushTxFifo
 .text.USB_FlushRxFifo
                0x08005adc       0x60 ./Drivers/STM32F7xx_HAL_Driver/Src/stm32f7xx_ll_usb.o
                0x08005adc                USB_FlushRxFifo
 .text.USB_SetDevSpeed
                0x08005b3c       0x32 ./Drivers/STM32F7xx_HAL_Driver/Src/stm32f7xx_ll_usb.o
                0x08005b3c                USB_SetDevSpeed
 .text.USB_GetDevSpeed
                0x08005b6e       0x4a ./Drivers/STM32F7xx_HAL_Driver/Src/stm32f7xx_ll_usb.o
                0x08005b6e                USB_GetDevSpeed
 .text.USB_ActivateEndpoint
                0x08005bb8      0x110 ./Drivers/STM32F7xx_HAL_Driver/Src/stm32f7xx_ll_usb.o
                0x08005bb8                USB_ActivateEndpoint
 .text.USB_DeactivateEndpoint
                0x08005cc8      0x1b8 ./Drivers/STM32F7xx_HAL_Driver/Src/stm32f7xx_ll_usb.o
                0x08005cc8                USB_DeactivateEndpoint
 .text.USB_EPStartXfer
                0x08005e80      0x4a0 ./Drivers/STM32F7xx_HAL_Driver/Src/stm32f7xx_ll_usb.o
                0x08005e80                USB_EPStartXfer
 .text.USB_EP0StartXfer
                0x08006320      0x2b8 ./Drivers/STM32F7xx_HAL_Driver/Src/stm32f7xx_ll_usb.o
                0x08006320                USB_EP0StartXfer
 .text.USB_EPStopXfer
                0x080065d8      0x154 ./Drivers/STM32F7xx_HAL_Driver/Src/stm32f7xx_ll_usb.o
                0x080065d8                USB_EPStopXfer
 .text.USB_WritePacket
                0x0800672c       0x7c ./Drivers/STM32F7xx_HAL_Driver/Src/stm32f7xx_ll_usb.o
                0x0800672c                USB_WritePacket
 .text.USB_ReadPacket
                0x080067a8       0xb0 ./Drivers/STM32F7xx_HAL_Driver/Src/stm32f7xx_ll_usb.o
                0x080067a8                USB_ReadPacket
 .text.USB_EPSetStall
                0x08006858       0xdc ./Drivers/STM32F7xx_HAL_Driver/Src/stm32f7xx_ll_usb.o
                0x08006858                USB_EPSetStall
 .text.USB_EPClearStall
                0x08006934       0xcc ./Drivers/STM32F7xx_HAL_Driver/Src/stm32f7xx_ll_usb.o
                0x08006934                USB_EPClearStall
 .text.USB_SetDevAddress
                0x08006a00       0x4c ./Drivers/STM32F7xx_HAL_Driver/Src/stm32f7xx_ll_usb.o
                0x08006a00                USB_SetDevAddress
 .text.USB_DevConnect
                0x08006a4c       0x42 ./Drivers/STM32F7xx_HAL_Driver/Src/stm32f7xx_ll_usb.o
                0x08006a4c                USB_DevConnect
 .text.USB_DevDisconnect
                0x08006a8e       0x42 ./Drivers/STM32F7xx_HAL_Driver/Src/stm32f7xx_ll_usb.o
                0x08006a8e                USB_DevDisconnect
 .text.USB_ReadInterrupts
                0x08006ad0       0x26 ./Drivers/STM32F7xx_HAL_Driver/Src/stm32f7xx_ll_usb.o
                0x08006ad0                USB_ReadInterrupts
 .text.USB_ReadDevAllOutEpInterrupt
                0x08006af6       0x34 ./Drivers/STM32F7xx_HAL_Driver/Src/stm32f7xx_ll_usb.o
                0x08006af6                USB_ReadDevAllOutEpInterrupt
 .text.USB_ReadDevAllInEpInterrupt
                0x08006b2a       0x34 ./Drivers/STM32F7xx_HAL_Driver/Src/stm32f7xx_ll_usb.o
                0x08006b2a                USB_ReadDevAllInEpInterrupt
 .text.USB_ReadDevOutEPInterrupt
                0x08006b5e       0x3c ./Drivers/STM32F7xx_HAL_Driver/Src/stm32f7xx_ll_usb.o
                0x08006b5e                USB_ReadDevOutEPInterrupt
 .text.USB_ReadDevInEPInterrupt
                0x08006b9a       0x5c ./Drivers/STM32F7xx_HAL_Driver/Src/stm32f7xx_ll_usb.o
                0x08006b9a                USB_ReadDevInEPInterrupt
 .text.USB_GetMode
                0x08006bf6       0x1c ./Drivers/STM32F7xx_HAL_Driver/Src/stm32f7xx_ll_usb.o
                0x08006bf6                USB_GetMode
 *fill*         0x08006c12        0x2 
 .text.USB_ActivateSetup
                0x08006c14       0x48 ./Drivers/STM32F7xx_HAL_Driver/Src/stm32f7xx_ll_usb.o
                0x08006c14                USB_ActivateSetup
 .text.USB_EP0_OutStart
                0x08006c5c       0xbc ./Drivers/STM32F7xx_HAL_Driver/Src/stm32f7xx_ll_usb.o
                0x08006c5c                USB_EP0_OutStart
 .text.USB_CoreReset
                0x08006d18       0x68 ./Drivers/STM32F7xx_HAL_Driver/Src/stm32f7xx_ll_usb.o
 .text.USBD_CDC_Init
                0x08006d80      0x1f0 ./Middlewares/ST/STM32_USB_Device_Library/Class/CDC/Src/usbd_cdc.o
 .text.USBD_CDC_DeInit
                0x08006f70      0x104 ./Middlewares/ST/STM32_USB_Device_Library/Class/CDC/Src/usbd_cdc.o
 .text.USBD_CDC_Setup
                0x08007074      0x1b8 ./Middlewares/ST/STM32_USB_Device_Library/Class/CDC/Src/usbd_cdc.o
 .text.USBD_CDC_DataIn
                0x0800722c       0xfe ./Middlewares/ST/STM32_USB_Device_Library/Class/CDC/Src/usbd_cdc.o
 .text.USBD_CDC_DataOut
                0x0800732a       0x70 ./Middlewares/ST/STM32_USB_Device_Library/Class/CDC/Src/usbd_cdc.o
 .text.USBD_CDC_EP0_RxReady
                0x0800739a       0x74 ./Middlewares/ST/STM32_USB_Device_Library/Class/CDC/Src/usbd_cdc.o
 *fill*         0x0800740e        0x2 
 .text.USBD_CDC_GetFSCfgDesc
                0x08007410       0x70 ./Middlewares/ST/STM32_USB_Device_Library/Class/CDC/Src/usbd_cdc.o
 .text.USBD_CDC_GetHSCfgDesc
                0x08007480       0x70 ./Middlewares/ST/STM32_USB_Device_Library/Class/CDC/Src/usbd_cdc.o
 .text.USBD_CDC_GetOtherSpeedCfgDesc
                0x080074f0       0x70 ./Middlewares/ST/STM32_USB_Device_Library/Class/CDC/Src/usbd_cdc.o
 .text.USBD_CDC_GetDeviceQualifierDescriptor
                0x08007560       0x20 ./Middlewares/ST/STM32_USB_Device_Library/Class/CDC/Src/usbd_cdc.o
                0x08007560                USBD_CDC_GetDeviceQualifierDescriptor
 .text.USBD_CDC_RegisterInterface
                0x08007580       0x34 ./Middlewares/ST/STM32_USB_Device_Library/Class/CDC/Src/usbd_cdc.o
                0x08007580                USBD_CDC_RegisterInterface
 .text.USBD_CDC_SetTxBuffer
                0x080075b4       0x44 ./Middlewares/ST/STM32_USB_Device_Library/Class/CDC/Src/usbd_cdc.o
                0x080075b4                USBD_CDC_SetTxBuffer
 .text.USBD_CDC_SetRxBuffer
                0x080075f8       0x3a ./Middlewares/ST/STM32_USB_Device_Library/Class/CDC/Src/usbd_cdc.o
                0x080075f8                USBD_CDC_SetRxBuffer
 *fill*         0x08007632        0x2 
 .text.USBD_CDC_TransmitPacket
                0x08007634       0x80 ./Middlewares/ST/STM32_USB_Device_Library/Class/CDC/Src/usbd_cdc.o
                0x08007634                USBD_CDC_TransmitPacket
 .text.USBD_CDC_ReceivePacket
                0x080076b4       0x6c ./Middlewares/ST/STM32_USB_Device_Library/Class/CDC/Src/usbd_cdc.o
                0x080076b4                USBD_CDC_ReceivePacket
 .text.USBD_Init
                0x08007720       0x60 ./Middlewares/ST/STM32_USB_Device_Library/Core/Src/usbd_core.o
                0x08007720                USBD_Init
 .text.USBD_RegisterClass
                0x08007780       0x6c ./Middlewares/ST/STM32_USB_Device_Library/Core/Src/usbd_core.o
                0x08007780                USBD_RegisterClass
 .text.USBD_Start
                0x080077ec       0x18 ./Middlewares/ST/STM32_USB_Device_Library/Core/Src/usbd_core.o
                0x080077ec                USBD_Start
 .text.USBD_RunTestMode
                0x08007804       0x16 ./Middlewares/ST/STM32_USB_Device_Library/Core/Src/usbd_core.o
                0x08007804                USBD_RunTestMode
 .text.USBD_SetClassConfig
                0x0800781a       0x38 ./Middlewares/ST/STM32_USB_Device_Library/Core/Src/usbd_core.o
                0x0800781a                USBD_SetClassConfig
 .text.USBD_ClrClassConfig
                0x08007852       0x34 ./Middlewares/ST/STM32_USB_Device_Library/Core/Src/usbd_core.o
                0x08007852                USBD_ClrClassConfig
 .text.USBD_LL_SetupStage
                0x08007886       0xaa ./Middlewares/ST/STM32_USB_Device_Library/Core/Src/usbd_core.o
                0x08007886                USBD_LL_SetupStage
 .text.USBD_LL_DataOutStage
                0x08007930      0x166 ./Middlewares/ST/STM32_USB_Device_Library/Core/Src/usbd_core.o
                0x08007930                USBD_LL_DataOutStage
 .text.USBD_LL_DataInStage
                0x08007a96      0x164 ./Middlewares/ST/STM32_USB_Device_Library/Core/Src/usbd_core.o
                0x08007a96                USBD_LL_DataInStage
 .text.USBD_LL_Reset
                0x08007bfa       0xa4 ./Middlewares/ST/STM32_USB_Device_Library/Core/Src/usbd_core.o
                0x08007bfa                USBD_LL_Reset
 .text.USBD_LL_SetSpeed
                0x08007c9e       0x20 ./Middlewares/ST/STM32_USB_Device_Library/Core/Src/usbd_core.o
                0x08007c9e                USBD_LL_SetSpeed
 .text.USBD_LL_Suspend
                0x08007cbe       0x2c ./Middlewares/ST/STM32_USB_Device_Library/Core/Src/usbd_core.o
                0x08007cbe                USBD_LL_Suspend
 .text.USBD_LL_Resume
                0x08007cea       0x30 ./Middlewares/ST/STM32_USB_Device_Library/Core/Src/usbd_core.o
                0x08007cea                USBD_LL_Resume
 .text.USBD_LL_SOF
                0x08007d1a       0x40 ./Middlewares/ST/STM32_USB_Device_Library/Core/Src/usbd_core.o
                0x08007d1a                USBD_LL_SOF
 .text.USBD_LL_IsoINIncomplete
                0x08007d5a       0x64 ./Middlewares/ST/STM32_USB_Device_Library/Core/Src/usbd_core.o
                0x08007d5a                USBD_LL_IsoINIncomplete
 .text.USBD_LL_IsoOUTIncomplete
                0x08007dbe       0x64 ./Middlewares/ST/STM32_USB_Device_Library/Core/Src/usbd_core.o
                0x08007dbe                USBD_LL_IsoOUTIncomplete
 .text.USBD_LL_DevConnected
                0x08007e22       0x16 ./Middlewares/ST/STM32_USB_Device_Library/Core/Src/usbd_core.o
                0x08007e22                USBD_LL_DevConnected
 .text.USBD_LL_DevDisconnected
                0x08007e38       0x46 ./Middlewares/ST/STM32_USB_Device_Library/Core/Src/usbd_core.o
                0x08007e38                USBD_LL_DevDisconnected
 .text.USBD_CoreFindIF
                0x08007e7e       0x1a ./Middlewares/ST/STM32_USB_Device_Library/Core/Src/usbd_core.o
                0x08007e7e                USBD_CoreFindIF
 .text.USBD_CoreFindEP
                0x08007e98       0x1a ./Middlewares/ST/STM32_USB_Device_Library/Core/Src/usbd_core.o
                0x08007e98                USBD_CoreFindEP
 .text.USBD_GetEpDesc
                0x08007eb2       0x70 ./Middlewares/ST/STM32_USB_Device_Library/Core/Src/usbd_core.o
                0x08007eb2                USBD_GetEpDesc
 .text.USBD_GetNextDesc
                0x08007f22       0x38 ./Middlewares/ST/STM32_USB_Device_Library/Core/Src/usbd_core.o
                0x08007f22                USBD_GetNextDesc
 .text.SWAPBYTE
                0x08007f5a       0x3e ./Middlewares/ST/STM32_USB_Device_Library/Core/Src/usbd_ctlreq.o
 .text.USBD_StdDevReq
                0x08007f98       0xe4 ./Middlewares/ST/STM32_USB_Device_Library/Core/Src/usbd_ctlreq.o
                0x08007f98                USBD_StdDevReq
 .text.USBD_StdItfReq
                0x0800807c       0xd8 ./Middlewares/ST/STM32_USB_Device_Library/Core/Src/usbd_ctlreq.o
                0x0800807c                USBD_StdItfReq
 .text.USBD_StdEPReq
                0x08008154      0x33a ./Middlewares/ST/STM32_USB_Device_Library/Core/Src/usbd_ctlreq.o
                0x08008154                USBD_StdEPReq
 *fill*         0x0800848e        0x2 
 .text.USBD_GetDescriptor
                0x08008490      0x328 ./Middlewares/ST/STM32_USB_Device_Library/Core/Src/usbd_ctlreq.o
 .text.USBD_SetAddress
                0x080087b8       0x88 ./Middlewares/ST/STM32_USB_Device_Library/Core/Src/usbd_ctlreq.o
 .text.USBD_SetConfig
                0x08008840      0x154 ./Middlewares/ST/STM32_USB_Device_Library/Core/Src/usbd_ctlreq.o
 .text.USBD_GetConfig
                0x08008994       0x6c ./Middlewares/ST/STM32_USB_Device_Library/Core/Src/usbd_ctlreq.o
 .text.USBD_GetStatus
                0x08008a00       0x68 ./Middlewares/ST/STM32_USB_Device_Library/Core/Src/usbd_ctlreq.o
 .text.USBD_SetFeature
                0x08008a68       0x52 ./Middlewares/ST/STM32_USB_Device_Library/Core/Src/usbd_ctlreq.o
 .text.USBD_ClrFeature
                0x08008aba       0x44 ./Middlewares/ST/STM32_USB_Device_Library/Core/Src/usbd_ctlreq.o
 .text.USBD_ParseSetupRequest
                0x08008afe       0x74 ./Middlewares/ST/STM32_USB_Device_Library/Core/Src/usbd_ctlreq.o
                0x08008afe                USBD_ParseSetupRequest
 .text.USBD_CtlError
                0x08008b72       0x22 ./Middlewares/ST/STM32_USB_Device_Library/Core/Src/usbd_ctlreq.o
                0x08008b72                USBD_CtlError
 .text.USBD_GetString
                0x08008b94       0x8c ./Middlewares/ST/STM32_USB_Device_Library/Core/Src/usbd_ctlreq.o
                0x08008b94                USBD_GetString
 .text.USBD_GetLen
                0x08008c20       0x34 ./Middlewares/ST/STM32_USB_Device_Library/Core/Src/usbd_ctlreq.o
 .text.USBD_CtlSendData
                0x08008c54       0x36 ./Middlewares/ST/STM32_USB_Device_Library/Core/Src/usbd_ioreq.o
                0x08008c54                USBD_CtlSendData
 .text.USBD_CtlContinueSendData
                0x08008c8a       0x22 ./Middlewares/ST/STM32_USB_Device_Library/Core/Src/usbd_ioreq.o
                0x08008c8a                USBD_CtlContinueSendData
 .text.USBD_CtlPrepareRx
                0x08008cac       0x3a ./Middlewares/ST/STM32_USB_Device_Library/Core/Src/usbd_ioreq.o
                0x08008cac                USBD_CtlPrepareRx
 .text.USBD_CtlContinueRx
                0x08008ce6       0x22 ./Middlewares/ST/STM32_USB_Device_Library/Core/Src/usbd_ioreq.o
                0x08008ce6                USBD_CtlContinueRx
 .text.USBD_CtlSendStatus
                0x08008d08       0x26 ./Middlewares/ST/STM32_USB_Device_Library/Core/Src/usbd_ioreq.o
                0x08008d08                USBD_CtlSendStatus
 .text.USBD_CtlReceiveStatus
                0x08008d2e       0x26 ./Middlewares/ST/STM32_USB_Device_Library/Core/Src/usbd_ioreq.o
                0x08008d2e                USBD_CtlReceiveStatus
 .text.SVC_Setup
                0x08008d54        0xe ./Middlewares/Third_Party/FreeRTOS/Source/CMSIS_RTOS_V2/cmsis_os2.o
 *fill*         0x08008d62        0x2 
 .text.osKernelInitialize
                0x08008d64       0x68 ./Middlewares/Third_Party/FreeRTOS/Source/CMSIS_RTOS_V2/cmsis_os2.o
                0x08008d64                osKernelInitialize
 .text.osKernelStart
                0x08008dcc       0x6c ./Middlewares/Third_Party/FreeRTOS/Source/CMSIS_RTOS_V2/cmsis_os2.o
                0x08008dcc                osKernelStart
 .text.osThreadNew
                0x08008e38      0x14c ./Middlewares/Third_Party/FreeRTOS/Source/CMSIS_RTOS_V2/cmsis_os2.o
                0x08008e38                osThreadNew
 .text.osDelay  0x08008f84       0x5c ./Middlewares/Third_Party/FreeRTOS/Source/CMSIS_RTOS_V2/cmsis_os2.o
                0x08008f84                osDelay
 .text.vApplicationGetIdleTaskMemory
                0x08008fe0       0x34 ./Middlewares/Third_Party/FreeRTOS/Source/CMSIS_RTOS_V2/cmsis_os2.o
                0x08008fe0                vApplicationGetIdleTaskMemory
 .text.vApplicationGetTimerTaskMemory
                0x08009014       0x34 ./Middlewares/Third_Party/FreeRTOS/Source/CMSIS_RTOS_V2/cmsis_os2.o
                0x08009014                vApplicationGetTimerTaskMemory
 .text.vListInitialise
                0x08009048       0x40 ./Middlewares/Third_Party/FreeRTOS/Source/list.o
                0x08009048                vListInitialise
 .text.vListInitialiseItem
                0x08009088       0x1a ./Middlewares/Third_Party/FreeRTOS/Source/list.o
                0x08009088                vListInitialiseItem
 .text.vListInsertEnd
                0x080090a2       0x48 ./Middlewares/Third_Party/FreeRTOS/Source/list.o
                0x080090a2                vListInsertEnd
 .text.vListInsert
                0x080090ea       0x72 ./Middlewares/Third_Party/FreeRTOS/Source/list.o
                0x080090ea                vListInsert
 .text.uxListRemove
                0x0800915c       0x54 ./Middlewares/Third_Party/FreeRTOS/Source/list.o
                0x0800915c                uxListRemove
 .text.xQueueGenericReset
                0x080091b0       0xd8 ./Middlewares/Third_Party/FreeRTOS/Source/queue.o
                0x080091b0                xQueueGenericReset
 .text.xQueueGenericCreateStatic
                0x08009288      0x10e ./Middlewares/Third_Party/FreeRTOS/Source/queue.o
                0x08009288                xQueueGenericCreateStatic
 .text.xQueueGenericCreate
                0x08009396       0x86 ./Middlewares/Third_Party/FreeRTOS/Source/queue.o
                0x08009396                xQueueGenericCreate
 .text.prvInitialiseNewQueue
                0x0800941c       0x46 ./Middlewares/Third_Party/FreeRTOS/Source/queue.o
 *fill*         0x08009462        0x2 
 .text.xQueueGenericSend
                0x08009464      0x214 ./Middlewares/Third_Party/FreeRTOS/Source/queue.o
                0x08009464                xQueueGenericSend
 .text.xQueueGenericSendFromISR
                0x08009678      0x146 ./Middlewares/Third_Party/FreeRTOS/Source/queue.o
                0x08009678                xQueueGenericSendFromISR
 .text.xQueueGiveFromISR
                0x080097be      0x130 ./Middlewares/Third_Party/FreeRTOS/Source/queue.o
                0x080097be                xQueueGiveFromISR
 *fill*         0x080098ee        0x2 
 .text.xQueueReceive
                0x080098f0      0x1d0 ./Middlewares/Third_Party/FreeRTOS/Source/queue.o
                0x080098f0                xQueueReceive
 .text.xQueueSemaphoreTake
                0x08009ac0      0x230 ./Middlewares/Third_Party/FreeRTOS/Source/queue.o
                0x08009ac0                xQueueSemaphoreTake
 .text.xQueueReceiveFromISR
                0x08009cf0      0x110 ./Middlewares/Third_Party/FreeRTOS/Source/queue.o
                0x08009cf0                xQueueReceiveFromISR
 .text.prvGetDisinheritPriorityAfterTimeout
                0x08009e00       0x30 ./Middlewares/Third_Party/FreeRTOS/Source/queue.o
 .text.prvCopyDataToQueue
                0x08009e30       0xd4 ./Middlewares/Third_Party/FreeRTOS/Source/queue.o
 .text.prvCopyDataFromQueue
                0x08009f04       0x4c ./Middlewares/Third_Party/FreeRTOS/Source/queue.o
 .text.prvUnlockQueue
                0x08009f50       0xa4 ./Middlewares/Third_Party/FreeRTOS/Source/queue.o
 .text.prvIsQueueEmpty
                0x08009ff4       0x2c ./Middlewares/Third_Party/FreeRTOS/Source/queue.o
 .text.prvIsQueueFull
                0x0800a020       0x30 ./Middlewares/Third_Party/FreeRTOS/Source/queue.o
 .text.vQueueAddToRegistry
                0x0800a050       0x54 ./Middlewares/Third_Party/FreeRTOS/Source/queue.o
                0x0800a050                vQueueAddToRegistry
 .text.vQueueWaitForMessageRestricted
                0x0800a0a4       0x68 ./Middlewares/Third_Party/FreeRTOS/Source/queue.o
                0x0800a0a4                vQueueWaitForMessageRestricted
 .text.xTaskCreateStatic
                0x0800a10c       0xcc ./Middlewares/Third_Party/FreeRTOS/Source/tasks.o
                0x0800a10c                xTaskCreateStatic
 .text.xTaskCreate
                0x0800a1d8       0x8a ./Middlewares/Third_Party/FreeRTOS/Source/tasks.o
                0x0800a1d8                xTaskCreate
 *fill*         0x0800a262        0x2 
 .text.prvInitialiseNewTask
                0x0800a264      0x154 ./Middlewares/Third_Party/FreeRTOS/Source/tasks.o
 .text.prvAddNewTaskToReadyList
                0x0800a3b8       0xe0 ./Middlewares/Third_Party/FreeRTOS/Source/tasks.o
 .text.vTaskDelayUntil
                0x0800a498      0x10c ./Middlewares/Third_Party/FreeRTOS/Source/tasks.o
                0x0800a498                vTaskDelayUntil
 .text.vTaskDelay
                0x0800a5a4       0x70 ./Middlewares/Third_Party/FreeRTOS/Source/tasks.o
                0x0800a5a4                vTaskDelay
 .text.vTaskSuspend
                0x0800a614       0xf0 ./Middlewares/Third_Party/FreeRTOS/Source/tasks.o
                0x0800a614                vTaskSuspend
 .text.prvTaskIsTaskSuspended
                0x0800a704       0x68 ./Middlewares/Third_Party/FreeRTOS/Source/tasks.o
 .text.xTaskResumeFromISR
                0x0800a76c       0xf0 ./Middlewares/Third_Party/FreeRTOS/Source/tasks.o
                0x0800a76c                xTaskResumeFromISR
 .text.vTaskStartScheduler
                0x0800a85c       0xe8 ./Middlewares/Third_Party/FreeRTOS/Source/tasks.o
                0x0800a85c                vTaskStartScheduler
 .text.vTaskSuspendAll
                0x0800a944       0x1c ./Middlewares/Third_Party/FreeRTOS/Source/tasks.o
                0x0800a944                vTaskSuspendAll
 .text.xTaskResumeAll
                0x0800a960      0x140 ./Middlewares/Third_Party/FreeRTOS/Source/tasks.o
                0x0800a960                xTaskResumeAll
 .text.xTaskGetTickCount
                0x0800aaa0       0x20 ./Middlewares/Third_Party/FreeRTOS/Source/tasks.o
                0x0800aaa0                xTaskGetTickCount
 .text.xTaskIncrementTick
                0x0800aac0      0x178 ./Middlewares/Third_Party/FreeRTOS/Source/tasks.o
                0x0800aac0                xTaskIncrementTick
 .text.vTaskSwitchContext
                0x0800ac38       0xd0 ./Middlewares/Third_Party/FreeRTOS/Source/tasks.o
                0x0800ac38                vTaskSwitchContext
 .text.vTaskPlaceOnEventList
                0x0800ad08       0x50 ./Middlewares/Third_Party/FreeRTOS/Source/tasks.o
                0x0800ad08                vTaskPlaceOnEventList
 .text.vTaskPlaceOnEventListRestricted
                0x0800ad58       0x5c ./Middlewares/Third_Party/FreeRTOS/Source/tasks.o
                0x0800ad58                vTaskPlaceOnEventListRestricted
 .text.xTaskRemoveFromEventList
                0x0800adb4       0xcc ./Middlewares/Third_Party/FreeRTOS/Source/tasks.o
                0x0800adb4                xTaskRemoveFromEventList
 .text.vTaskInternalSetTimeOutState
                0x0800ae80       0x2c ./Middlewares/Third_Party/FreeRTOS/Source/tasks.o
                0x0800ae80                vTaskInternalSetTimeOutState
 .text.xTaskCheckForTimeOut
                0x0800aeac       0xd0 ./Middlewares/Third_Party/FreeRTOS/Source/tasks.o
                0x0800aeac                xTaskCheckForTimeOut
 .text.vTaskMissedYield
                0x0800af7c       0x18 ./Middlewares/Third_Party/FreeRTOS/Source/tasks.o
                0x0800af7c                vTaskMissedYield
 .text.prvIdleTask
                0x0800af94       0x30 ./Middlewares/Third_Party/FreeRTOS/Source/tasks.o
 .text.prvInitialiseTaskLists
                0x0800afc4       0x80 ./Middlewares/Third_Party/FreeRTOS/Source/tasks.o
 .text.prvCheckTasksWaitingTermination
                0x0800b044       0x5c ./Middlewares/Third_Party/FreeRTOS/Source/tasks.o
 .text.prvDeleteTCB
                0x0800b0a0       0x6e ./Middlewares/Third_Party/FreeRTOS/Source/tasks.o
 *fill*         0x0800b10e        0x2 
 .text.prvResetNextTaskUnblockTime
                0x0800b110       0x40 ./Middlewares/Third_Party/FreeRTOS/Source/tasks.o
 .text.xTaskGetSchedulerState
                0x0800b150       0x3c ./Middlewares/Third_Party/FreeRTOS/Source/tasks.o
                0x0800b150                xTaskGetSchedulerState
 .text.xTaskPriorityInherit
                0x0800b18c       0xd0 ./Middlewares/Third_Party/FreeRTOS/Source/tasks.o
                0x0800b18c                xTaskPriorityInherit
 .text.xTaskPriorityDisinherit
                0x0800b25c       0xe8 ./Middlewares/Third_Party/FreeRTOS/Source/tasks.o
                0x0800b25c                xTaskPriorityDisinherit
 .text.vTaskPriorityDisinheritAfterTimeout
                0x0800b344      0x110 ./Middlewares/Third_Party/FreeRTOS/Source/tasks.o
                0x0800b344                vTaskPriorityDisinheritAfterTimeout
 .text.pvTaskIncrementMutexHeldCount
                0x0800b454       0x28 ./Middlewares/Third_Party/FreeRTOS/Source/tasks.o
                0x0800b454                pvTaskIncrementMutexHeldCount
 .text.prvAddCurrentTaskToDelayedList
                0x0800b47c       0xa8 ./Middlewares/Third_Party/FreeRTOS/Source/tasks.o
 .text.xTimerCreateTimerTask
                0x0800b524       0x98 ./Middlewares/Third_Party/FreeRTOS/Source/timers.o
                0x0800b524                xTimerCreateTimerTask
 .text.xTimerGenericCommand
                0x0800b5bc       0xa0 ./Middlewares/Third_Party/FreeRTOS/Source/timers.o
                0x0800b5bc                xTimerGenericCommand
 .text.prvProcessExpiredTimer
                0x0800b65c       0xa0 ./Middlewares/Third_Party/FreeRTOS/Source/timers.o
 .text.prvTimerTask
                0x0800b6fc       0x26 ./Middlewares/Third_Party/FreeRTOS/Source/timers.o
 *fill*         0x0800b722        0x2 
 .text.prvProcessTimerOrBlockTask
                0x0800b724       0x9c ./Middlewares/Third_Party/FreeRTOS/Source/timers.o
 .text.prvGetNextExpireTime
                0x0800b7c0       0x48 ./Middlewares/Third_Party/FreeRTOS/Source/timers.o
 .text.prvSampleTimeNow
                0x0800b808       0x40 ./Middlewares/Third_Party/FreeRTOS/Source/timers.o
 .text.prvInsertTimerInActiveList
                0x0800b848       0x84 ./Middlewares/Third_Party/FreeRTOS/Source/timers.o
 .text.prvProcessReceivedCommands
                0x0800b8cc      0x1d8 ./Middlewares/Third_Party/FreeRTOS/Source/timers.o
 .text.prvSwitchTimerLists
                0x0800baa4       0xd0 ./Middlewares/Third_Party/FreeRTOS/Source/timers.o
 .text.prvCheckForValidListAndQueue
                0x0800bb74       0x80 ./Middlewares/Third_Party/FreeRTOS/Source/timers.o
 .text.pxPortInitialiseStack
                0x0800bbf4       0x68 ./Middlewares/Third_Party/FreeRTOS/Source/portable/GCC/ARM_CM7/r0p1/port.o
                0x0800bbf4                pxPortInitialiseStack
 .text.prvTaskExitError
                0x0800bc5c       0x64 ./Middlewares/Third_Party/FreeRTOS/Source/portable/GCC/ARM_CM7/r0p1/port.o
 .text.SVC_Handler
                0x0800bcc0       0x28 ./Middlewares/Third_Party/FreeRTOS/Source/portable/GCC/ARM_CM7/r0p1/port.o
                0x0800bcc0                SVC_Handler
 .text.prvPortStartFirstTask
                0x0800bce8       0x28 ./Middlewares/Third_Party/FreeRTOS/Source/portable/GCC/ARM_CM7/r0p1/port.o
 .text.xPortStartScheduler
                0x0800bd10       0xfc ./Middlewares/Third_Party/FreeRTOS/Source/portable/GCC/ARM_CM7/r0p1/port.o
                0x0800bd10                xPortStartScheduler
 .text.vPortEnterCritical
                0x0800be0c       0x6c ./Middlewares/Third_Party/FreeRTOS/Source/portable/GCC/ARM_CM7/r0p1/port.o
                0x0800be0c                vPortEnterCritical
 .text.vPortExitCritical
                0x0800be78       0x58 ./Middlewares/Third_Party/FreeRTOS/Source/portable/GCC/ARM_CM7/r0p1/port.o
                0x0800be78                vPortExitCritical
 .text.PendSV_Handler
                0x0800bed0       0x68 ./Middlewares/Third_Party/FreeRTOS/Source/portable/GCC/ARM_CM7/r0p1/port.o
                0x0800bed0                PendSV_Handler
 .text.SysTick_Handler
                0x0800bf38       0x48 ./Middlewares/Third_Party/FreeRTOS/Source/portable/GCC/ARM_CM7/r0p1/port.o
                0x0800bf38                SysTick_Handler
 .text.vPortSetupTimerInterrupt
                0x0800bf80       0x48 ./Middlewares/Third_Party/FreeRTOS/Source/portable/GCC/ARM_CM7/r0p1/port.o
                0x0800bf80                vPortSetupTimerInterrupt
 .text.vPortEnableVFP
                0x0800bfc8       0x14 ./Middlewares/Third_Party/FreeRTOS/Source/portable/GCC/ARM_CM7/r0p1/port.o
 .text.vPortValidateInterruptPriority
                0x0800bfdc       0x8c ./Middlewares/Third_Party/FreeRTOS/Source/portable/GCC/ARM_CM7/r0p1/port.o
                0x0800bfdc                vPortValidateInterruptPriority
 .text.pvPortMalloc
                0x0800c068      0x19c ./Middlewares/Third_Party/FreeRTOS/Source/portable/MemMang/heap_4.o
                0x0800c068                pvPortMalloc
 .text.vPortFree
                0x0800c204       0xc0 ./Middlewares/Third_Party/FreeRTOS/Source/portable/MemMang/heap_4.o
                0x0800c204                vPortFree
 .text.prvHeapInit
                0x0800c2c4       0xc4 ./Middlewares/Third_Party/FreeRTOS/Source/portable/MemMang/heap_4.o
 .text.prvInsertBlockIntoFreeList
                0x0800c388       0xb4 ./Middlewares/Third_Party/FreeRTOS/Source/portable/MemMang/heap_4.o
 .text.MX_USB_DEVICE_Init
                0x0800c43c       0x60 ./USB_DEVICE/App/usb_device.o
                0x0800c43c                MX_USB_DEVICE_Init
 .text.CDC_Init_FS
                0x0800c49c       0x28 ./USB_DEVICE/App/usbd_cdc_if.o
 .text.CDC_DeInit_FS
                0x0800c4c4       0x10 ./USB_DEVICE/App/usbd_cdc_if.o
 .text.CDC_Control_FS
                0x0800c4d4       0xbc ./USB_DEVICE/App/usbd_cdc_if.o
 .text.CDC_Receive_FS
                0x0800c590       0x40 ./USB_DEVICE/App/usbd_cdc_if.o
 .text.CDC_Transmit_FS
                0x0800c5d0       0x4c ./USB_DEVICE/App/usbd_cdc_if.o
                0x0800c5d0                CDC_Transmit_FS
 .text.CDC_TransmitCplt_FS
                0x0800c61c       0x22 ./USB_DEVICE/App/usbd_cdc_if.o
 *fill*         0x0800c63e        0x2 
 .text.USBD_FS_DeviceDescriptor
                0x0800c640       0x24 ./USB_DEVICE/App/usbd_desc.o
                0x0800c640                USBD_FS_DeviceDescriptor
 .text.USBD_FS_LangIDStrDescriptor
                0x0800c664       0x24 ./USB_DEVICE/App/usbd_desc.o
                0x0800c664                USBD_FS_LangIDStrDescriptor
 .text.USBD_FS_ProductStrDescriptor
                0x0800c688       0x3c ./USB_DEVICE/App/usbd_desc.o
                0x0800c688                USBD_FS_ProductStrDescriptor
 .text.USBD_FS_ManufacturerStrDescriptor
                0x0800c6c4       0x28 ./USB_DEVICE/App/usbd_desc.o
                0x0800c6c4                USBD_FS_ManufacturerStrDescriptor
 .text.USBD_FS_SerialStrDescriptor
                0x0800c6ec       0x24 ./USB_DEVICE/App/usbd_desc.o
                0x0800c6ec                USBD_FS_SerialStrDescriptor
 .text.USBD_FS_ConfigStrDescriptor
                0x0800c710       0x3c ./USB_DEVICE/App/usbd_desc.o
                0x0800c710                USBD_FS_ConfigStrDescriptor
 .text.USBD_FS_InterfaceStrDescriptor
                0x0800c74c       0x3c ./USB_DEVICE/App/usbd_desc.o
                0x0800c74c                USBD_FS_InterfaceStrDescriptor
 .text.USBD_FS_USR_BOSDescriptor
                0x0800c788       0x24 ./USB_DEVICE/App/usbd_desc.o
                0x0800c788                USBD_FS_USR_BOSDescriptor
 .text.Get_SerialNum
                0x0800c7ac       0x58 ./USB_DEVICE/App/usbd_desc.o
 .text.IntToUnicode
                0x0800c804       0x7e ./USB_DEVICE/App/usbd_desc.o
 *fill*         0x0800c882        0x2 
 .text.HAL_PCD_MspInit
                0x0800c884      0x104 ./USB_DEVICE/Target/usbd_conf.o
                0x0800c884                HAL_PCD_MspInit
 .text.HAL_PCD_SetupStageCallback
                0x0800c988       0x24 ./USB_DEVICE/Target/usbd_conf.o
                0x0800c988                HAL_PCD_SetupStageCallback
 .text.HAL_PCD_DataOutStageCallback
                0x0800c9ac       0x36 ./USB_DEVICE/Target/usbd_conf.o
                0x0800c9ac                HAL_PCD_DataOutStageCallback
 .text.HAL_PCD_DataInStageCallback
                0x0800c9e2       0x34 ./USB_DEVICE/Target/usbd_conf.o
                0x0800c9e2                HAL_PCD_DataInStageCallback
 .text.HAL_PCD_SOFCallback
                0x0800ca16       0x1c ./USB_DEVICE/Target/usbd_conf.o
                0x0800ca16                HAL_PCD_SOFCallback
 .text.HAL_PCD_ResetCallback
                0x0800ca32       0x50 ./USB_DEVICE/Target/usbd_conf.o
                0x0800ca32                HAL_PCD_ResetCallback
 *fill*         0x0800ca82        0x2 
 .text.HAL_PCD_SuspendCallback
                0x0800ca84       0x4c ./USB_DEVICE/Target/usbd_conf.o
                0x0800ca84                HAL_PCD_SuspendCallback
 .text.HAL_PCD_ResumeCallback
                0x0800cad0       0x1c ./USB_DEVICE/Target/usbd_conf.o
                0x0800cad0                HAL_PCD_ResumeCallback
 .text.HAL_PCD_ISOOUTIncompleteCallback
                0x0800caec       0x24 ./USB_DEVICE/Target/usbd_conf.o
                0x0800caec                HAL_PCD_ISOOUTIncompleteCallback
 .text.HAL_PCD_ISOINIncompleteCallback
                0x0800cb10       0x24 ./USB_DEVICE/Target/usbd_conf.o
                0x0800cb10                HAL_PCD_ISOINIncompleteCallback
 .text.HAL_PCD_ConnectCallback
                0x0800cb34       0x1c ./USB_DEVICE/Target/usbd_conf.o
                0x0800cb34                HAL_PCD_ConnectCallback
 .text.HAL_PCD_DisconnectCallback
                0x0800cb50       0x1c ./USB_DEVICE/Target/usbd_conf.o
                0x0800cb50                HAL_PCD_DisconnectCallback
 .text.USBD_LL_Init
                0x0800cb6c       0x98 ./USB_DEVICE/Target/usbd_conf.o
                0x0800cb6c                USBD_LL_Init
 .text.USBD_LL_Start
                0x0800cc04       0x36 ./USB_DEVICE/Target/usbd_conf.o
                0x0800cc04                USBD_LL_Start
 .text.USBD_LL_OpenEP
                0x0800cc3a       0x4c ./USB_DEVICE/Target/usbd_conf.o
                0x0800cc3a                USBD_LL_OpenEP
 .text.USBD_LL_CloseEP
                0x0800cc86       0x3e ./USB_DEVICE/Target/usbd_conf.o
                0x0800cc86                USBD_LL_CloseEP
 .text.USBD_LL_StallEP
                0x0800ccc4       0x3e ./USB_DEVICE/Target/usbd_conf.o
                0x0800ccc4                USBD_LL_StallEP
 .text.USBD_LL_ClearStallEP
                0x0800cd02       0x3e ./USB_DEVICE/Target/usbd_conf.o
                0x0800cd02                USBD_LL_ClearStallEP
 .text.USBD_LL_IsStallEP
                0x0800cd40       0x58 ./USB_DEVICE/Target/usbd_conf.o
                0x0800cd40                USBD_LL_IsStallEP
 .text.USBD_LL_SetUSBAddress
                0x0800cd98       0x3e ./USB_DEVICE/Target/usbd_conf.o
                0x0800cd98                USBD_LL_SetUSBAddress
 .text.USBD_LL_Transmit
                0x0800cdd6       0x42 ./USB_DEVICE/Target/usbd_conf.o
                0x0800cdd6                USBD_LL_Transmit
 .text.USBD_LL_PrepareReceive
                0x0800ce18       0x42 ./USB_DEVICE/Target/usbd_conf.o
                0x0800ce18                USBD_LL_PrepareReceive
 .text.USBD_LL_GetRxDataSize
                0x0800ce5a       0x26 ./USB_DEVICE/Target/usbd_conf.o
                0x0800ce5a                USBD_LL_GetRxDataSize
 .text.HAL_PCDEx_LPM_Callback
                0x0800ce80       0x9c ./USB_DEVICE/Target/usbd_conf.o
                0x0800ce80                HAL_PCDEx_LPM_Callback
 .text.SystemClockConfig_Resume
                0x0800cf1c        0xc ./USB_DEVICE/Target/usbd_conf.o
 .text.USBD_Get_USB_Status
                0x0800cf28       0x58 ./USB_DEVICE/Target/usbd_conf.o
                0x0800cf28                USBD_Get_USB_Status
 .text.malloc   0x0800cf80       0x10 C:/ST/STM32CubeIDE_1.19.0/STM32CubeIDE/plugins/com.st.stm32cube.ide.mcu.externaltools.gnu-tools-for-stm32.13.3.rel1.win32_1.0.0.202411081344/tools/bin/../lib/gcc/arm-none-eabi/13.3.1/../../../../arm-none-eabi/lib/thumb/v7e-m+fp/hard\libc_nano.a(libc_a-malloc.o)
                0x0800cf80                malloc
 .text.free     0x0800cf90       0x10 C:/ST/STM32CubeIDE_1.19.0/STM32CubeIDE/plugins/com.st.stm32cube.ide.mcu.externaltools.gnu-tools-for-stm32.13.3.rel1.win32_1.0.0.202411081344/tools/bin/../lib/gcc/arm-none-eabi/13.3.1/../../../../arm-none-eabi/lib/thumb/v7e-m+fp/hard\libc_nano.a(libc_a-malloc.o)
                0x0800cf90                free
 .text.sbrk_aligned
                0x0800cfa0       0x44 C:/ST/STM32CubeIDE_1.19.0/STM32CubeIDE/plugins/com.st.stm32cube.ide.mcu.externaltools.gnu-tools-for-stm32.13.3.rel1.win32_1.0.0.202411081344/tools/bin/../lib/gcc/arm-none-eabi/13.3.1/../../../../arm-none-eabi/lib/thumb/v7e-m+fp/hard\libc_nano.a(libc_a-mallocr.o)
 .text._malloc_r
                0x0800cfe4      0x100 C:/ST/STM32CubeIDE_1.19.0/STM32CubeIDE/plugins/com.st.stm32cube.ide.mcu.externaltools.gnu-tools-for-stm32.13.3.rel1.win32_1.0.0.202411081344/tools/bin/../lib/gcc/arm-none-eabi/13.3.1/../../../../arm-none-eabi/lib/thumb/v7e-m+fp/hard\libc_nano.a(libc_a-mallocr.o)
                0x0800cfe4                _malloc_r
 .text.__malloc_lock
                0x0800d0e4        0xc C:/ST/STM32CubeIDE_1.19.0/STM32CubeIDE/plugins/com.st.stm32cube.ide.mcu.externaltools.gnu-tools-for-stm32.13.3.rel1.win32_1.0.0.202411081344/tools/bin/../lib/gcc/arm-none-eabi/13.3.1/../../../../arm-none-eabi/lib/thumb/v7e-m+fp/hard\libc_nano.a(libc_a-mlock.o)
                0x0800d0e4                __malloc_lock
 .text.__malloc_unlock
                0x0800d0f0        0xc C:/ST/STM32CubeIDE_1.19.0/STM32CubeIDE/plugins/com.st.stm32cube.ide.mcu.externaltools.gnu-tools-for-stm32.13.3.rel1.win32_1.0.0.202411081344/tools/bin/../lib/gcc/arm-none-eabi/13.3.1/../../../../arm-none-eabi/lib/thumb/v7e-m+fp/hard\libc_nano.a(libc_a-mlock.o)
                0x0800d0f0                __malloc_unlock
 .text.sprintf  0x0800d0fc       0x44 C:/ST/STM32CubeIDE_1.19.0/STM32CubeIDE/plugins/com.st.stm32cube.ide.mcu.externaltools.gnu-tools-for-stm32.13.3.rel1.win32_1.0.0.202411081344/tools/bin/../lib/gcc/arm-none-eabi/13.3.1/../../../../arm-none-eabi/lib/thumb/v7e-m+fp/hard\libc_nano.a(libc_a-sprintf.o)
                0x0800d0fc                siprintf
                0x0800d0fc                sprintf
 .text.memset   0x0800d140       0x10 C:/ST/STM32CubeIDE_1.19.0/STM32CubeIDE/plugins/com.st.stm32cube.ide.mcu.externaltools.gnu-tools-for-stm32.13.3.rel1.win32_1.0.0.202411081344/tools/bin/../lib/gcc/arm-none-eabi/13.3.1/../../../../arm-none-eabi/lib/thumb/v7e-m+fp/hard\libc_nano.a(libc_a-memset.o)
                0x0800d140                memset
 .text.strncmp  0x0800d150       0x24 C:/ST/STM32CubeIDE_1.19.0/STM32CubeIDE/plugins/com.st.stm32cube.ide.mcu.externaltools.gnu-tools-for-stm32.13.3.rel1.win32_1.0.0.202411081344/tools/bin/../lib/gcc/arm-none-eabi/13.3.1/../../../../arm-none-eabi/lib/thumb/v7e-m+fp/hard\libc_nano.a(libc_a-strncmp.o)
                0x0800d150                strncmp
 .text._reclaim_reent
                0x0800d174       0xbc C:/ST/STM32CubeIDE_1.19.0/STM32CubeIDE/plugins/com.st.stm32cube.ide.mcu.externaltools.gnu-tools-for-stm32.13.3.rel1.win32_1.0.0.202411081344/tools/bin/../lib/gcc/arm-none-eabi/13.3.1/../../../../arm-none-eabi/lib/thumb/v7e-m+fp/hard\libc_nano.a(libc_a-reent.o)
                0x0800d174                _reclaim_reent
 .text._sbrk_r  0x0800d230       0x20 C:/ST/STM32CubeIDE_1.19.0/STM32CubeIDE/plugins/com.st.stm32cube.ide.mcu.externaltools.gnu-tools-for-stm32.13.3.rel1.win32_1.0.0.202411081344/tools/bin/../lib/gcc/arm-none-eabi/13.3.1/../../../../arm-none-eabi/lib/thumb/v7e-m+fp/hard\libc_nano.a(libc_a-sbrkr.o)
                0x0800d230                _sbrk_r
 .text.__errno  0x0800d250        0xc C:/ST/STM32CubeIDE_1.19.0/STM32CubeIDE/plugins/com.st.stm32cube.ide.mcu.externaltools.gnu-tools-for-stm32.13.3.rel1.win32_1.0.0.202411081344/tools/bin/../lib/gcc/arm-none-eabi/13.3.1/../../../../arm-none-eabi/lib/thumb/v7e-m+fp/hard\libc_nano.a(libc_a-errno.o)
                0x0800d250                __errno
 .text.__libc_init_array
                0x0800d25c       0x48 C:/ST/STM32CubeIDE_1.19.0/STM32CubeIDE/plugins/com.st.stm32cube.ide.mcu.externaltools.gnu-tools-for-stm32.13.3.rel1.win32_1.0.0.202411081344/tools/bin/../lib/gcc/arm-none-eabi/13.3.1/../../../../arm-none-eabi/lib/thumb/v7e-m+fp/hard\libc_nano.a(libc_a-init.o)
                0x0800d25c                __libc_init_array
 .text.__retarget_lock_acquire_recursive
                0x0800d2a4        0x2 C:/ST/STM32CubeIDE_1.19.0/STM32CubeIDE/plugins/com.st.stm32cube.ide.mcu.externaltools.gnu-tools-for-stm32.13.3.rel1.win32_1.0.0.202411081344/tools/bin/../lib/gcc/arm-none-eabi/13.3.1/../../../../arm-none-eabi/lib/thumb/v7e-m+fp/hard\libc_nano.a(libc_a-lock.o)
                0x0800d2a4                __retarget_lock_acquire_recursive
 .text.__retarget_lock_release_recursive
                0x0800d2a6        0x2 C:/ST/STM32CubeIDE_1.19.0/STM32CubeIDE/plugins/com.st.stm32cube.ide.mcu.externaltools.gnu-tools-for-stm32.13.3.rel1.win32_1.0.0.202411081344/tools/bin/../lib/gcc/arm-none-eabi/13.3.1/../../../../arm-none-eabi/lib/thumb/v7e-m+fp/hard\libc_nano.a(libc_a-lock.o)
                0x0800d2a6                __retarget_lock_release_recursive
 .text.memcpy   0x0800d2a8       0x1c C:/ST/STM32CubeIDE_1.19.0/STM32CubeIDE/plugins/com.st.stm32cube.ide.mcu.externaltools.gnu-tools-for-stm32.13.3.rel1.win32_1.0.0.202411081344/tools/bin/../lib/gcc/arm-none-eabi/13.3.1/../../../../arm-none-eabi/lib/thumb/v7e-m+fp/hard\libc_nano.a(libc_a-memcpy-stub.o)
                0x0800d2a8                memcpy
 .text._free_r  0x0800d2c4       0x94 C:/ST/STM32CubeIDE_1.19.0/STM32CubeIDE/plugins/com.st.stm32cube.ide.mcu.externaltools.gnu-tools-for-stm32.13.3.rel1.win32_1.0.0.202411081344/tools/bin/../lib/gcc/arm-none-eabi/13.3.1/../../../../arm-none-eabi/lib/thumb/v7e-m+fp/hard\libc_nano.a(libc_a-freer.o)
                0x0800d2c4                _free_r
 .text.__ssputs_r
                0x0800d358       0xb6 C:/ST/STM32CubeIDE_1.19.0/STM32CubeIDE/plugins/com.st.stm32cube.ide.mcu.externaltools.gnu-tools-for-stm32.13.3.rel1.win32_1.0.0.202411081344/tools/bin/../lib/gcc/arm-none-eabi/13.3.1/../../../../arm-none-eabi/lib/thumb/v7e-m+fp/hard\libc_nano.a(libc_a-nano-svfprintf.o)
                0x0800d358                __ssputs_r
 *fill*         0x0800d40e        0x2 
 .text._svfprintf_r
                0x0800d410      0x1f8 C:/ST/STM32CubeIDE_1.19.0/STM32CubeIDE/plugins/com.st.stm32cube.ide.mcu.externaltools.gnu-tools-for-stm32.13.3.rel1.win32_1.0.0.202411081344/tools/bin/../lib/gcc/arm-none-eabi/13.3.1/../../../../arm-none-eabi/lib/thumb/v7e-m+fp/hard\libc_nano.a(libc_a-nano-svfprintf.o)
                0x0800d410                _svfiprintf_r
                0x0800d410                _svfprintf_r
 .text._printf_common
                0x0800d608       0xda C:/ST/STM32CubeIDE_1.19.0/STM32CubeIDE/plugins/com.st.stm32cube.ide.mcu.externaltools.gnu-tools-for-stm32.13.3.rel1.win32_1.0.0.202411081344/tools/bin/../lib/gcc/arm-none-eabi/13.3.1/../../../../arm-none-eabi/lib/thumb/v7e-m+fp/hard\libc_nano.a(libc_a-nano-vfprintf_i.o)
                0x0800d608                _printf_common
 *fill*         0x0800d6e2        0x2 
 .text._printf_i
                0x0800d6e4      0x23c C:/ST/STM32CubeIDE_1.19.0/STM32CubeIDE/plugins/com.st.stm32cube.ide.mcu.externaltools.gnu-tools-for-stm32.13.3.rel1.win32_1.0.0.202411081344/tools/bin/../lib/gcc/arm-none-eabi/13.3.1/../../../../arm-none-eabi/lib/thumb/v7e-m+fp/hard\libc_nano.a(libc_a-nano-vfprintf_i.o)
                0x0800d6e4                _printf_i
 .text.memmove  0x0800d920       0x34 C:/ST/STM32CubeIDE_1.19.0/STM32CubeIDE/plugins/com.st.stm32cube.ide.mcu.externaltools.gnu-tools-for-stm32.13.3.rel1.win32_1.0.0.202411081344/tools/bin/../lib/gcc/arm-none-eabi/13.3.1/../../../../arm-none-eabi/lib/thumb/v7e-m+fp/hard\libc_nano.a(libc_a-memmove.o)
                0x0800d920                memmove
 .text._realloc_r
                0x0800d954       0x5c C:/ST/STM32CubeIDE_1.19.0/STM32CubeIDE/plugins/com.st.stm32cube.ide.mcu.externaltools.gnu-tools-for-stm32.13.3.rel1.win32_1.0.0.202411081344/tools/bin/../lib/gcc/arm-none-eabi/13.3.1/../../../../arm-none-eabi/lib/thumb/v7e-m+fp/hard\libc_nano.a(libc_a-reallocr.o)
                0x0800d954                _realloc_r
 .text._malloc_usable_size_r
                0x0800d9b0       0x10 C:/ST/STM32CubeIDE_1.19.0/STM32CubeIDE/plugins/com.st.stm32cube.ide.mcu.externaltools.gnu-tools-for-stm32.13.3.rel1.win32_1.0.0.202411081344/tools/bin/../lib/gcc/arm-none-eabi/13.3.1/../../../../arm-none-eabi/lib/thumb/v7e-m+fp/hard\libc_nano.a(libc_a-msizer.o)
                0x0800d9b0                _malloc_usable_size_r
 *(.glue_7)
 .glue_7        0x0800d9c0        0x0 linker stubs
 *(.glue_7t)
 .glue_7t       0x0800d9c0        0x0 linker stubs
 *(.eh_frame)
 .eh_frame      0x0800d9c0        0x0 C:/ST/STM32CubeIDE_1.19.0/STM32CubeIDE/plugins/com.st.stm32cube.ide.mcu.externaltools.gnu-tools-for-stm32.13.3.rel1.win32_1.0.0.202411081344/tools/bin/../lib/gcc/arm-none-eabi/13.3.1/thumb/v7e-m+fp/hard/crtbegin.o
 *(.init)
 .init          0x0800d9c0        0x4 C:/ST/STM32CubeIDE_1.19.0/STM32CubeIDE/plugins/com.st.stm32cube.ide.mcu.externaltools.gnu-tools-for-stm32.13.3.rel1.win32_1.0.0.202411081344/tools/bin/../lib/gcc/arm-none-eabi/13.3.1/thumb/v7e-m+fp/hard/crti.o
                0x0800d9c0                _init
 .init          0x0800d9c4        0x8 C:/ST/STM32CubeIDE_1.19.0/STM32CubeIDE/plugins/com.st.stm32cube.ide.mcu.externaltools.gnu-tools-for-stm32.13.3.rel1.win32_1.0.0.202411081344/tools/bin/../lib/gcc/arm-none-eabi/13.3.1/thumb/v7e-m+fp/hard/crtn.o
 *(.fini)
 .fini          0x0800d9cc        0x4 C:/ST/STM32CubeIDE_1.19.0/STM32CubeIDE/plugins/com.st.stm32cube.ide.mcu.externaltools.gnu-tools-for-stm32.13.3.rel1.win32_1.0.0.202411081344/tools/bin/../lib/gcc/arm-none-eabi/13.3.1/thumb/v7e-m+fp/hard/crti.o
                0x0800d9cc                _fini
 .fini          0x0800d9d0        0x8 C:/ST/STM32CubeIDE_1.19.0/STM32CubeIDE/plugins/com.st.stm32cube.ide.mcu.externaltools.gnu-tools-for-stm32.13.3.rel1.win32_1.0.0.202411081344/tools/bin/../lib/gcc/arm-none-eabi/13.3.1/thumb/v7e-m+fp/hard/crtn.o
                0x0800d9d8                        . = ALIGN (0x4)
                0x0800d9d8                        _etext = .

.vfp11_veneer   0x0800d9d8        0x0
 .vfp11_veneer  0x0800d9d8        0x0 linker stubs

.v4_bx          0x0800d9d8        0x0
 .v4_bx         0x0800d9d8        0x0 linker stubs

.iplt           0x0800d9d8        0x0
 .iplt          0x0800d9d8        0x0 C:/ST/STM32CubeIDE_1.19.0/STM32CubeIDE/plugins/com.st.stm32cube.ide.mcu.externaltools.gnu-tools-for-stm32.13.3.rel1.win32_1.0.0.202411081344/tools/bin/../lib/gcc/arm-none-eabi/13.3.1/thumb/v7e-m+fp/hard/crtbegin.o

.rodata         0x0800d9d8      0x1e0
                0x0800d9d8                        . = ALIGN (0x4)
 *(.rodata)
 .rodata        0x0800d9d8      0x105 ./Core/Src/lab.o
 *fill*         0x0800dadd        0x3 
 .rodata        0x0800dae0        0xc ./Core/Src/main.o
 .rodata        0x0800daec        0x5 ./Middlewares/Third_Party/FreeRTOS/Source/tasks.o
 *fill*         0x0800daf1        0x3 
 .rodata        0x0800daf4        0xd ./Middlewares/Third_Party/FreeRTOS/Source/timers.o
 *fill*         0x0800db01        0x3 
 .rodata        0x0800db04       0x42 ./USB_DEVICE/App/usbd_desc.o
 *(.rodata*)
 *fill*         0x0800db46        0x2 
 .rodata.defaultTask_attributes
                0x0800db48       0x24 ./Core/Src/main.o
                0x0800db48                defaultTask_attributes
 .rodata.AHBPrescTable
                0x0800db6c       0x10 ./Core/Src/system_stm32f7xx.o
                0x0800db6c                AHBPrescTable
 .rodata.APBPrescTable
                0x0800db7c        0x8 ./Core/Src/system_stm32f7xx.o
                0x0800db7c                APBPrescTable
 .rodata._svfprintf_r.str1.1
                0x0800db84       0x33 C:/ST/STM32CubeIDE_1.19.0/STM32CubeIDE/plugins/com.st.stm32cube.ide.mcu.externaltools.gnu-tools-for-stm32.13.3.rel1.win32_1.0.0.202411081344/tools/bin/../lib/gcc/arm-none-eabi/13.3.1/../../../../arm-none-eabi/lib/thumb/v7e-m+fp/hard\libc_nano.a(libc_a-nano-svfprintf.o)
                                 0x11 (size before relaxing)
 .rodata._printf_i.str1.1
                0x0800dbb7       0x22 C:/ST/STM32CubeIDE_1.19.0/STM32CubeIDE/plugins/com.st.stm32cube.ide.mcu.externaltools.gnu-tools-for-stm32.13.3.rel1.win32_1.0.0.202411081344/tools/bin/../lib/gcc/arm-none-eabi/13.3.1/../../../../arm-none-eabi/lib/thumb/v7e-m+fp/hard\libc_nano.a(libc_a-nano-vfprintf_i.o)
                0x0800dbdc                        . = ALIGN (0x4)
 *fill*         0x0800dbb7        0x1 

.ARM.extab      0x0800dbb8        0x0
                0x0800dbb8                        . = ALIGN (0x4)
 *(.ARM.extab* .gnu.linkonce.armextab.*)
                0x0800dbb8                        . = ALIGN (0x4)

.ARM            0x0800dbb8        0x8
                0x0800dbb8                        . = ALIGN (0x4)
                0x0800dbb8                        __exidx_start = .
 *(.ARM.exidx*)
 .ARM.exidx     0x0800dbb8        0x8 C:/ST/STM32CubeIDE_1.19.0/STM32CubeIDE/plugins/com.st.stm32cube.ide.mcu.externaltools.gnu-tools-for-stm32.13.3.rel1.win32_1.0.0.202411081344/tools/bin/../lib/gcc/arm-none-eabi/13.3.1/../../../../arm-none-eabi/lib/thumb/v7e-m+fp/hard\libc_nano.a(libc_a-strlen.o)
 .ARM.exidx     0x0800dbc0        0x0 C:/ST/STM32CubeIDE_1.19.0/STM32CubeIDE/plugins/com.st.stm32cube.ide.mcu.externaltools.gnu-tools-for-stm32.13.3.rel1.win32_1.0.0.202411081344/tools/bin/../lib/gcc/arm-none-eabi/13.3.1/../../../../arm-none-eabi/lib/thumb/v7e-m+fp/hard\libc_nano.a(libc_a-memchr.o)
                                  0x8 (size before relaxing)
 .ARM.exidx     0x0800dbc0        0x0 C:/ST/STM32CubeIDE_1.19.0/STM32CubeIDE/plugins/com.st.stm32cube.ide.mcu.externaltools.gnu-tools-for-stm32.13.3.rel1.win32_1.0.0.202411081344/tools/bin/../lib/gcc/arm-none-eabi/13.3.1/thumb/v7e-m+fp/hard\libgcc.a(_udivmoddi4.o)
                                  0x8 (size before relaxing)
                0x0800dbc0                        __exidx_end = .
                0x0800dbc0                        . = ALIGN (0x4)

.rel.dyn        0x0800dbc0        0x0
 .rel.iplt      0x0800dbc0        0x0 C:/ST/STM32CubeIDE_1.19.0/STM32CubeIDE/plugins/com.st.stm32cube.ide.mcu.externaltools.gnu-tools-for-stm32.13.3.rel1.win32_1.0.0.202411081344/tools/bin/../lib/gcc/arm-none-eabi/13.3.1/thumb/v7e-m+fp/hard/crtbegin.o

.preinit_array  0x0800dbc0        0x0
                0x0800dbc0                        . = ALIGN (0x4)
                0x0800dbc0                        PROVIDE (__preinit_array_start = .)
 *(.preinit_array*)
                0x0800dbc0                        PROVIDE (__preinit_array_end = .)
                0x0800dbc0                        . = ALIGN (0x4)

.init_array     0x0800dbc0        0x4
                0x0800dbc0                        . = ALIGN (0x4)
                0x0800dbc0                        PROVIDE (__init_array_start = .)
 *(SORT_BY_NAME(.init_array.*))
 *(.init_array*)
 .init_array    0x0800dbc0        0x4 C:/ST/STM32CubeIDE_1.19.0/STM32CubeIDE/plugins/com.st.stm32cube.ide.mcu.externaltools.gnu-tools-for-stm32.13.3.rel1.win32_1.0.0.202411081344/tools/bin/../lib/gcc/arm-none-eabi/13.3.1/thumb/v7e-m+fp/hard/crtbegin.o
                0x0800dbc4                        PROVIDE (__init_array_end = .)
                0x0800dbc4                        . = ALIGN (0x4)

.fini_array     0x0800dbc4        0x4
                0x0800dbc4                        . = ALIGN (0x4)
                [!provide]                        PROVIDE (__fini_array_start = .)
 *(SORT_BY_NAME(.fini_array.*))
 *(.fini_array*)
 .fini_array    0x0800dbc4        0x4 C:/ST/STM32CubeIDE_1.19.0/STM32CubeIDE/plugins/com.st.stm32cube.ide.mcu.externaltools.gnu-tools-for-stm32.13.3.rel1.win32_1.0.0.202411081344/tools/bin/../lib/gcc/arm-none-eabi/13.3.1/thumb/v7e-m+fp/hard/crtbegin.o
                [!provide]                        PROVIDE (__fini_array_end = .)
                0x0800dbc8                        . = ALIGN (0x4)
                0x0800dbc8                        _sidata = LOADADDR (.data)

.data           0x20000000      0x160 load address 0x0800dbc8
                0x20000000                        . = ALIGN (0x4)
                0x20000000                        _sdata = .
 *(.data)
 *(.data*)
 .data.SystemCoreClock
                0x20000000        0x4 ./Core/Src/system_stm32f7xx.o
                0x20000000                SystemCoreClock
 .data.uwTickPrio
                0x20000004        0x4 ./Drivers/STM32F7xx_HAL_Driver/Src/stm32f7xx_hal.o
                0x20000004                uwTickPrio
 .data.uwTickFreq
                0x20000008        0x1 ./Drivers/STM32F7xx_HAL_Driver/Src/stm32f7xx_hal.o
                0x20000008                uwTickFreq
 *fill*         0x20000009        0x3 
 .data.USBD_CDC_DeviceQualifierDesc
                0x2000000c        0xa ./Middlewares/ST/STM32_USB_Device_Library/Class/CDC/Src/usbd_cdc.o
 *fill*         0x20000016        0x2 
 .data.USBD_CDC
                0x20000018       0x38 ./Middlewares/ST/STM32_USB_Device_Library/Class/CDC/Src/usbd_cdc.o
                0x20000018                USBD_CDC
 .data.USBD_CDC_CfgDesc
                0x20000050       0x43 ./Middlewares/ST/STM32_USB_Device_Library/Class/CDC/Src/usbd_cdc.o
 .data.CDCInEpAdd
                0x20000093        0x1 ./Middlewares/ST/STM32_USB_Device_Library/Class/CDC/Src/usbd_cdc.o
 .data.CDCOutEpAdd
                0x20000094        0x1 ./Middlewares/ST/STM32_USB_Device_Library/Class/CDC/Src/usbd_cdc.o
 .data.CDCCmdEpAdd
                0x20000095        0x1 ./Middlewares/ST/STM32_USB_Device_Library/Class/CDC/Src/usbd_cdc.o
 *fill*         0x20000096        0x2 
 .data.uxCriticalNesting
                0x20000098        0x4 ./Middlewares/Third_Party/FreeRTOS/Source/portable/GCC/ARM_CM7/r0p1/port.o
 .data.USBD_Interface_fops_FS
                0x2000009c       0x14 ./USB_DEVICE/App/usbd_cdc_if.o
                0x2000009c                USBD_Interface_fops_FS
 .data.FS_Desc  0x200000b0       0x20 ./USB_DEVICE/App/usbd_desc.o
                0x200000b0                FS_Desc
 .data.USBD_FS_DeviceDesc
                0x200000d0       0x12 ./USB_DEVICE/App/usbd_desc.o
                0x200000d0                USBD_FS_DeviceDesc
 *fill*         0x200000e2        0x2 
 .data.USBD_FS_BOSDesc
                0x200000e4        0xc ./USB_DEVICE/App/usbd_desc.o
                0x200000e4                USBD_FS_BOSDesc
 .data.USBD_LangIDDesc
                0x200000f0        0x4 ./USB_DEVICE/App/usbd_desc.o
                0x200000f0                USBD_LangIDDesc
 .data.USBD_StringSerial
                0x200000f4       0x1a ./USB_DEVICE/App/usbd_desc.o
                0x200000f4                USBD_StringSerial
 *fill*         0x2000010e        0x2 
 .data._impure_ptr
                0x20000110        0x4 C:/ST/STM32CubeIDE_1.19.0/STM32CubeIDE/plugins/com.st.stm32cube.ide.mcu.externaltools.gnu-tools-for-stm32.13.3.rel1.win32_1.0.0.202411081344/tools/bin/../lib/gcc/arm-none-eabi/13.3.1/../../../../arm-none-eabi/lib/thumb/v7e-m+fp/hard\libc_nano.a(libc_a-impure.o)
                0x20000110                _impure_ptr
 .data._impure_data
                0x20000114       0x4c C:/ST/STM32CubeIDE_1.19.0/STM32CubeIDE/plugins/com.st.stm32cube.ide.mcu.externaltools.gnu-tools-for-stm32.13.3.rel1.win32_1.0.0.202411081344/tools/bin/../lib/gcc/arm-none-eabi/13.3.1/../../../../arm-none-eabi/lib/thumb/v7e-m+fp/hard\libc_nano.a(libc_a-impure.o)
                0x20000114                _impure_data
 *(.RamFunc)
 *(.RamFunc*)
                0x20000160                        . = ALIGN (0x4)
                0x20000160                        _edata = .

.igot.plt       0x20000160        0x0 load address 0x0800dd28
 .igot.plt      0x20000160        0x0 C:/ST/STM32CubeIDE_1.19.0/STM32CubeIDE/plugins/com.st.stm32cube.ide.mcu.externaltools.gnu-tools-for-stm32.13.3.rel1.win32_1.0.0.202411081344/tools/bin/../lib/gcc/arm-none-eabi/13.3.1/thumb/v7e-m+fp/hard/crtbegin.o

.RxDecripSection
                0x20000160       0xa0 load address 0x0800dd28
 .RxDecripSection
                0x20000160       0xa0 ./Core/Src/main.o
                0x20000160                DMARxDscrTab

.TxDecripSection
                0x20000200       0xa0 load address 0x0800ddc8
 .TxDecripSection
                0x20000200       0xa0 ./Core/Src/main.o
                0x20000200                DMATxDscrTab
                0x200002a0                        . = ALIGN (0x4)

.bss            0x200002a0     0x670c load address 0x0800de68
                0x200002a0                        _sbss = .
                0x200002a0                        __bss_start__ = _sbss
 *(.bss)
 .bss           0x200002a0       0x1c C:/ST/STM32CubeIDE_1.19.0/STM32CubeIDE/plugins/com.st.stm32cube.ide.mcu.externaltools.gnu-tools-for-stm32.13.3.rel1.win32_1.0.0.202411081344/tools/bin/../lib/gcc/arm-none-eabi/13.3.1/thumb/v7e-m+fp/hard/crtbegin.o
 *(.bss*)
 .bss.xHandle   0x200002bc        0x4 ./Core/Src/lab.o
                0x200002bc                xHandle
 .bss.xTimeSemaphore
                0x200002c0        0x4 ./Core/Src/lab.o
                0x200002c0                xTimeSemaphore
 .bss.hours     0x200002c4        0x1 ./Core/Src/lab.o
                0x200002c4                hours
 .bss.minutes   0x200002c5        0x1 ./Core/Src/lab.o
                0x200002c5                minutes
 .bss.seconds   0x200002c6        0x1 ./Core/Src/lab.o
                0x200002c6                seconds
 *fill*         0x200002c7        0x1 
 .bss.milliseconds
                0x200002c8        0x2 ./Core/Src/lab.o
                0x200002c8                milliseconds
 .bss.is_set    0x200002ca        0x1 ./Core/Src/lab.o
                0x200002ca                is_set
 .bss.is_running
                0x200002cb        0x1 ./Core/Src/lab.o
                0x200002cb                is_running
 .bss.TxConfig  0x200002cc       0x38 ./Core/Src/main.o
                0x200002cc                TxConfig
 .bss.heth      0x20000304       0xb0 ./Core/Src/main.o
                0x20000304                heth
 .bss.huart3    0x200003b4       0x88 ./Core/Src/main.o
                0x200003b4                huart3
 .bss.defaultTaskHandle
                0x2000043c        0x4 ./Core/Src/main.o
                0x2000043c                defaultTaskHandle
 .bss.MACAddr.0
                0x20000440        0x6 ./Core/Src/main.o
 *fill*         0x20000446        0x2 
 .bss.htim1     0x20000448       0x4c ./Core/Src/stm32f7xx_hal_timebase_tim.o
                0x20000448                htim1
 .bss.__sbrk_heap_end
                0x20000494        0x4 ./Core/Src/sysmem.o
 .bss.uwTick    0x20000498        0x4 ./Drivers/STM32F7xx_HAL_Driver/Src/stm32f7xx_hal.o
                0x20000498                uwTick
 .bss.cfgidx.0  0x2000049c        0x1 ./Middlewares/ST/STM32_USB_Device_Library/Core/Src/usbd_ctlreq.o
 *fill*         0x2000049d        0x3 
 .bss.KernelState
                0x200004a0        0x4 ./Middlewares/Third_Party/FreeRTOS/Source/CMSIS_RTOS_V2/cmsis_os2.o
 .bss.Idle_TCB  0x200004a4       0xa8 ./Middlewares/Third_Party/FreeRTOS/Source/CMSIS_RTOS_V2/cmsis_os2.o
 .bss.Idle_Stack
                0x2000054c      0x200 ./Middlewares/Third_Party/FreeRTOS/Source/CMSIS_RTOS_V2/cmsis_os2.o
 .bss.Timer_TCB
                0x2000074c       0xa8 ./Middlewares/Third_Party/FreeRTOS/Source/CMSIS_RTOS_V2/cmsis_os2.o
 .bss.Timer_Stack
                0x200007f4      0x400 ./Middlewares/Third_Party/FreeRTOS/Source/CMSIS_RTOS_V2/cmsis_os2.o
 .bss.xQueueRegistry
                0x20000bf4       0x40 ./Middlewares/Third_Party/FreeRTOS/Source/queue.o
                0x20000bf4                xQueueRegistry
 .bss.pxCurrentTCB
                0x20000c34        0x4 ./Middlewares/Third_Party/FreeRTOS/Source/tasks.o
                0x20000c34                pxCurrentTCB
 .bss.pxReadyTasksLists
                0x20000c38      0x460 ./Middlewares/Third_Party/FreeRTOS/Source/tasks.o
 .bss.xDelayedTaskList1
                0x20001098       0x14 ./Middlewares/Third_Party/FreeRTOS/Source/tasks.o
 .bss.xDelayedTaskList2
                0x200010ac       0x14 ./Middlewares/Third_Party/FreeRTOS/Source/tasks.o
 .bss.pxDelayedTaskList
                0x200010c0        0x4 ./Middlewares/Third_Party/FreeRTOS/Source/tasks.o
 .bss.pxOverflowDelayedTaskList
                0x200010c4        0x4 ./Middlewares/Third_Party/FreeRTOS/Source/tasks.o
 .bss.xPendingReadyList
                0x200010c8       0x14 ./Middlewares/Third_Party/FreeRTOS/Source/tasks.o
 .bss.xTasksWaitingTermination
                0x200010dc       0x14 ./Middlewares/Third_Party/FreeRTOS/Source/tasks.o
 .bss.uxDeletedTasksWaitingCleanUp
                0x200010f0        0x4 ./Middlewares/Third_Party/FreeRTOS/Source/tasks.o
 .bss.xSuspendedTaskList
                0x200010f4       0x14 ./Middlewares/Third_Party/FreeRTOS/Source/tasks.o
 .bss.uxCurrentNumberOfTasks
                0x20001108        0x4 ./Middlewares/Third_Party/FreeRTOS/Source/tasks.o
 .bss.xTickCount
                0x2000110c        0x4 ./Middlewares/Third_Party/FreeRTOS/Source/tasks.o
 .bss.uxTopReadyPriority
                0x20001110        0x4 ./Middlewares/Third_Party/FreeRTOS/Source/tasks.o
 .bss.xSchedulerRunning
                0x20001114        0x4 ./Middlewares/Third_Party/FreeRTOS/Source/tasks.o
 .bss.uxPendedTicks
                0x20001118        0x4 ./Middlewares/Third_Party/FreeRTOS/Source/tasks.o
 .bss.xYieldPending
                0x2000111c        0x4 ./Middlewares/Third_Party/FreeRTOS/Source/tasks.o
 .bss.xNumOfOverflows
                0x20001120        0x4 ./Middlewares/Third_Party/FreeRTOS/Source/tasks.o
 .bss.uxTaskNumber
                0x20001124        0x4 ./Middlewares/Third_Party/FreeRTOS/Source/tasks.o
 .bss.xNextTaskUnblockTime
                0x20001128        0x4 ./Middlewares/Third_Party/FreeRTOS/Source/tasks.o
 .bss.xIdleTaskHandle
                0x2000112c        0x4 ./Middlewares/Third_Party/FreeRTOS/Source/tasks.o
 .bss.uxSchedulerSuspended
                0x20001130        0x4 ./Middlewares/Third_Party/FreeRTOS/Source/tasks.o
 .bss.xActiveTimerList1
                0x20001134       0x14 ./Middlewares/Third_Party/FreeRTOS/Source/timers.o
 .bss.xActiveTimerList2
                0x20001148       0x14 ./Middlewares/Third_Party/FreeRTOS/Source/timers.o
 .bss.pxCurrentTimerList
                0x2000115c        0x4 ./Middlewares/Third_Party/FreeRTOS/Source/timers.o
 .bss.pxOverflowTimerList
                0x20001160        0x4 ./Middlewares/Third_Party/FreeRTOS/Source/timers.o
 .bss.xTimerQueue
                0x20001164        0x4 ./Middlewares/Third_Party/FreeRTOS/Source/timers.o
 .bss.xTimerTaskHandle
                0x20001168        0x4 ./Middlewares/Third_Party/FreeRTOS/Source/timers.o
 .bss.xLastTime.2
                0x2000116c        0x4 ./Middlewares/Third_Party/FreeRTOS/Source/timers.o
 .bss.ucStaticTimerQueueStorage.1
                0x20001170       0xa0 ./Middlewares/Third_Party/FreeRTOS/Source/timers.o
 .bss.xStaticTimerQueue.0
                0x20001210       0x50 ./Middlewares/Third_Party/FreeRTOS/Source/timers.o
 .bss.ucMaxSysCallPriority
                0x20001260        0x1 ./Middlewares/Third_Party/FreeRTOS/Source/portable/GCC/ARM_CM7/r0p1/port.o
 *fill*         0x20001261        0x3 
 .bss.ulMaxPRIGROUPValue
                0x20001264        0x4 ./Middlewares/Third_Party/FreeRTOS/Source/portable/GCC/ARM_CM7/r0p1/port.o
 .bss.ucHeap    0x20001268     0x3c00 ./Middlewares/Third_Party/FreeRTOS/Source/portable/MemMang/heap_4.o
 .bss.xStart    0x20004e68        0x8 ./Middlewares/Third_Party/FreeRTOS/Source/portable/MemMang/heap_4.o
 .bss.pxEnd     0x20004e70        0x4 ./Middlewares/Third_Party/FreeRTOS/Source/portable/MemMang/heap_4.o
 .bss.xFreeBytesRemaining
                0x20004e74        0x4 ./Middlewares/Third_Party/FreeRTOS/Source/portable/MemMang/heap_4.o
 .bss.xMinimumEverFreeBytesRemaining
                0x20004e78        0x4 ./Middlewares/Third_Party/FreeRTOS/Source/portable/MemMang/heap_4.o
 .bss.xBlockAllocatedBit