Archive member included to satisfy reference by file (symbol)

D:/STM32CubeIDE/STM32CubeIDE/plugins/com.st.stm32cube.ide.mcu.externaltools.gnu-tools-for-stm32.11.3.rel1.win32_1.1.100.202309141235/tools/bin/../lib/gcc/arm-none-eabi/11.3.1/../../../../arm-none-eabi/lib/thumb/v7e-m+fp/hard\libc_nano.a(libc_a-exit.o)
                              D:/STM32CubeIDE/STM32CubeIDE/plugins/com.st.stm32cube.ide.mcu.externaltools.gnu-tools-for-stm32.11.3.rel1.win32_1.1.100.202309141235/tools/bin/../lib/gcc/arm-none-eabi/11.3.1/../../../../arm-none-eabi/lib/thumb/v7e-m+fp/hard/crt0.o (exit)
D:/STM32CubeIDE/STM32CubeIDE/plugins/com.st.stm32cube.ide.mcu.externaltools.gnu-tools-for-stm32.11.3.rel1.win32_1.1.100.202309141235/tools/bin/../lib/gcc/arm-none-eabi/11.3.1/../../../../arm-none-eabi/lib/thumb/v7e-m+fp/hard\libc_nano.a(libc_a-malloc.o)
                              ./Middlewares/ST/STM32_USB_Device_Library/Class/CDC/Src/usbd_cdc.o (malloc)
D:/STM32CubeIDE/STM32CubeIDE/plugins/com.st.stm32cube.ide.mcu.externaltools.gnu-tools-for-stm32.11.3.rel1.win32_1.1.100.202309141235/tools/bin/../lib/gcc/arm-none-eabi/11.3.1/../../../../arm-none-eabi/lib/thumb/v7e-m+fp/hard\libc_nano.a(libc_a-mallocr.o)
                              D:/STM32CubeIDE/STM32CubeIDE/plugins/com.st.stm32cube.ide.mcu.externaltools.gnu-tools-for-stm32.11.3.rel1.win32_1.1.100.202309141235/tools/bin/../lib/gcc/arm-none-eabi/11.3.1/../../../../arm-none-eabi/lib/thumb/v7e-m+fp/hard\libc_nano.a(libc_a-malloc.o) (_malloc_r)
D:/STM32CubeIDE/STM32CubeIDE/plugins/com.st.stm32cube.ide.mcu.externaltools.gnu-tools-for-stm32.11.3.rel1.win32_1.1.100.202309141235/tools/bin/../lib/gcc/arm-none-eabi/11.3.1/../../../../arm-none-eabi/lib/thumb/v7e-m+fp/hard\libc_nano.a(libc_a-mlock.o)
                              D:/STM32CubeIDE/STM32CubeIDE/plugins/com.st.stm32cube.ide.mcu.externaltools.gnu-tools-for-stm32.11.3.rel1.win32_1.1.100.202309141235/tools/bin/../lib/gcc/arm-none-eabi/11.3.1/../../../../arm-none-eabi/lib/thumb/v7e-m+fp/hard\libc_nano.a(libc_a-mallocr.o) (__malloc_lock)
D:/STM32CubeIDE/STM32CubeIDE/plugins/com.st.stm32cube.ide.mcu.externaltools.gnu-tools-for-stm32.11.3.rel1.win32_1.1.100.202309141235/tools/bin/../lib/gcc/arm-none-eabi/11.3.1/../../../../arm-none-eabi/lib/thumb/v7e-m+fp/hard\libc_nano.a(libc_a-findfp.o)
                              ./Middlewares/Third_Party/FreeRTOS/Source/tasks.o (__sf)
D:/STM32CubeIDE/STM32CubeIDE/plugins/com.st.stm32cube.ide.mcu.externaltools.gnu-tools-for-stm32.11.3.rel1.win32_1.1.100.202309141235/tools/bin/../lib/gcc/arm-none-eabi/11.3.1/../../../../arm-none-eabi/lib/thumb/v7e-m+fp/hard\libc_nano.a(libc_a-fwalk.o)
                              D:/STM32CubeIDE/STM32CubeIDE/plugins/com.st.stm32cube.ide.mcu.externaltools.gnu-tools-for-stm32.11.3.rel1.win32_1.1.100.202309141235/tools/bin/../lib/gcc/arm-none-eabi/11.3.1/../../../../arm-none-eabi/lib/thumb/v7e-m+fp/hard\libc_nano.a(libc_a-findfp.o) (_fwalk_sglue)
D:/STM32CubeIDE/STM32CubeIDE/plugins/com.st.stm32cube.ide.mcu.externaltools.gnu-tools-for-stm32.11.3.rel1.win32_1.1.100.202309141235/tools/bin/../lib/gcc/arm-none-eabi/11.3.1/../../../../arm-none-eabi/lib/thumb/v7e-m+fp/hard\libc_nano.a(libc_a-stdio.o)
                              D:/STM32CubeIDE/STM32CubeIDE/plugins/com.st.stm32cube.ide.mcu.externaltools.gnu-tools-for-stm32.11.3.rel1.win32_1.1.100.202309141235/tools/bin/../lib/gcc/arm-none-eabi/11.3.1/../../../../arm-none-eabi/lib/thumb/v7e-m+fp/hard\libc_nano.a(libc_a-findfp.o) (__sread)
D:/STM32CubeIDE/STM32CubeIDE/plugins/com.st.stm32cube.ide.mcu.externaltools.gnu-tools-for-stm32.11.3.rel1.win32_1.1.100.202309141235/tools/bin/../lib/gcc/arm-none-eabi/11.3.1/../../../../arm-none-eabi/lib/thumb/v7e-m+fp/hard\libc_nano.a(libc_a-memset.o)
                              D:/STM32CubeIDE/STM32CubeIDE/plugins/com.st.stm32cube.ide.mcu.externaltools.gnu-tools-for-stm32.11.3.rel1.win32_1.1.100.202309141235/tools/bin/../lib/gcc/arm-none-eabi/11.3.1/../../../../arm-none-eabi/lib/thumb/v7e-m+fp/hard/crt0.o (memset)
D:/STM32CubeIDE/STM32CubeIDE/plugins/com.st.stm32cube.ide.mcu.externaltools.gnu-tools-for-stm32.11.3.rel1.win32_1.1.100.202309141235/tools/bin/../lib/gcc/arm-none-eabi/11.3.1/../../../../arm-none-eabi/lib/thumb/v7e-m+fp/hard\libc_nano.a(libc_a-closer.o)
                              D:/STM32CubeIDE/STM32CubeIDE/plugins/com.st.stm32cube.ide.mcu.externaltools.gnu-tools-for-stm32.11.3.rel1.win32_1.1.100.202309141235/tools/bin/../lib/gcc/arm-none-eabi/11.3.1/../../../../arm-none-eabi/lib/thumb/v7e-m+fp/hard\libc_nano.a(libc_a-stdio.o) (_close_r)
D:/STM32CubeIDE/STM32CubeIDE/plugins/com.st.stm32cube.ide.mcu.externaltools.gnu-tools-for-stm32.11.3.rel1.win32_1.1.100.202309141235/tools/bin/../lib/gcc/arm-none-eabi/11.3.1/../../../../arm-none-eabi/lib/thumb/v7e-m+fp/hard\libc_nano.a(libc_a-reent.o)
                              ./Middlewares/Third_Party/FreeRTOS/Source/tasks.o (_reclaim_reent)
[...]
Memory Configuration

Name             Origin             Length             Attributes
RAM              0x0000000020000000 0x0000000000050000 xrw
FLASH            0x0000000008000000 0x0000000000100000 xr
*default*        0x0000000000000000 0xffffffffffffffff

Linker script and memory map

LOAD D:/STM32CubeIDE/STM32CubeIDE/plugins/com.st.stm32cube.ide.mcu.externaltools.gnu-tools-for-stm32.11.3.rel1.win32_1.1.100.202309141235/tools/bin/../lib/gcc/arm-none-eabi/11.3.1/thumb/v7e-m+fp/hard/crti.o
LOAD D:/STM32CubeIDE/STM32CubeIDE/plugins/com.st.stm32cube.ide.mcu.externaltools.gnu-tools-for-stm32.11.3.rel1.win32_1.1.100.202309141235/tools/bin/../lib/gcc/arm-none-eabi/11.3.1/thumb/v7e-m+fp/hard/crtbegin.o
LOAD D:/STM32CubeIDE/STM32CubeIDE/plugins/com.st.stm32cube.ide.mcu.externaltools.gnu-tools-for-stm32.11.3.rel1.win32_1.1.100.202309141235/tools/bin/../lib/gcc/arm-none-eabi/11.3.1/../../../../arm-none-eabi/lib/thumb/v7e-m+fp/hard/crt0.o
LOAD ./Core/Src/freertos.o
LOAD ./Core/Src/lab.o
LOAD ./Core/Src/main.o
LOAD ./Core/Src/stm32f7xx_hal_msp.o
LOAD ./Core/Src/stm32f7xx_hal_timebase_tim.o
LOAD ./Core/Src/stm32f7xx_it.o
LOAD ./Core/Src/syscalls.o
LOAD ./Core/Src/sysmem.o
LOAD ./Core/Src/system_stm32f7xx.o
LOAD ./Core/Startup/startup_stm32f746zgtx.o
LOAD ./Drivers/STM32F7xx_HAL_Driver/Src/stm32f7xx_hal.o
LOAD ./Drivers/STM32F7xx_HAL_Driver/Src/stm32f7xx_hal_cortex.o
LOAD ./Drivers/STM32F7xx_HAL_Driver/Src/stm32f7xx_hal_dma.o
LOAD ./Drivers/STM32F7xx_HAL_Driver/Src/stm32f7xx_hal_dma_ex.o
LOAD ./Drivers/STM32F7xx_HAL_Driver/Src/stm32f7xx_hal_eth.o
LOAD ./Drivers/STM32F7xx_HAL_Driver/Src/stm32f7xx_hal_exti.o
LOAD ./Drivers/STM32F7xx_HAL_Driver/Src/stm32f7xx_hal_flash.o
LOAD ./Drivers/STM32F7xx_HAL_Driver/Src/stm32f7xx_hal_flash_ex.o
LOAD ./Drivers/STM32F7xx_HAL_Driver/Src/stm32f7xx_hal_gpio.o
LOAD ./Drivers/STM32F7xx_HAL_Driver/Src/stm32f7xx_hal_i2c.o
LOAD ./Drivers/STM32F7xx_HAL_Driver/Src/stm32f7xx_hal_i2c_ex.o
LOAD ./Drivers/STM32F7xx_HAL_Driver/Src/stm32f7xx_hal_pcd.o
LOAD ./Drivers/STM32F7xx_HAL_Driver/Src/stm32f7xx_hal_pcd_ex.o
LOAD ./Drivers/STM32F7xx_HAL_Driver/Src/stm32f7xx_hal_pwr.o
LOAD ./Drivers/STM32F7xx_HAL_Driver/Src/stm32f7xx_hal_pwr_ex.o
LOAD ./Drivers/STM32F7xx_HAL_Driver/Src/stm32f7xx_hal_rcc.o
LOAD ./Drivers/STM32F7xx_HAL_Driver/Src/stm32f7xx_hal_rcc_ex.o
LOAD ./Drivers/STM32F7xx_HAL_Driver/Src/stm32f7xx_hal_tim.o
LOAD ./Drivers/STM32F7xx_HAL_Driver/Src/stm32f7xx_hal_tim_ex.o
LOAD ./Drivers/STM32F7xx_HAL_Driver/Src/stm32f7xx_hal_uart.o
LOAD ./Drivers/STM32F7xx_HAL_Driver/Src/stm32f7xx_hal_uart_ex.o
LOAD ./Drivers/STM32F7xx_HAL_Driver/Src/stm32f7xx_ll_usb.o
LOAD ./Middlewares/ST/STM32_USB_Device_Library/Class/CDC/Src/usbd_cdc.o
LOAD ./Middlewares/ST/STM32_USB_Device_Library/Core/Src/usbd_core.o
LOAD ./Middlewares/ST/STM32_USB_Device_Library/Core/Src/usbd_ctlreq.o
LOAD ./Middlewares/ST/STM32_USB_Device_Library/Core/Src/usbd_ioreq.o
LOAD ./Middlewares/Third_Party/FreeRTOS/Source/CMSIS_RTOS_V2/cmsis_os2.o
LOAD ./Middlewares/Third_Party/FreeRTOS/Source/croutine.o
LOAD ./Middlewares/Third_Party/FreeRTOS/Source/event_groups.o
LOAD ./Middlewares/Third_Party/FreeRTOS/Source/list.o
LOAD ./Middlewares/Third_Party/FreeRTOS/Source/queue.o
LOAD ./Middlewares/Third_Party/FreeRTOS/Source/stream_buffer.o
LOAD ./Middlewares/Third_Party/FreeRTOS/Source/tasks.o
LOAD ./Middlewares/Third_Party/FreeRTOS/Source/timers.o
LOAD ./Middlewares/Third_Party/FreeRTOS/Source/portable/GCC/ARM_CM7/r0p1/port.o
LOAD ./Middlewares/Third_Party/FreeRTOS/Source/portable/MemMang/heap_4.o
LOAD ./USB_DEVICE/App/usb_device.o
LOAD ./USB_DEVICE/App/usbd_cdc_if.o
LOAD ./USB_DEVICE/App/usbd_desc.o
LOAD ./USB_DEVICE/Target/usbd_conf.o
START GROUP
LOAD D:/STM32CubeIDE/STM32CubeIDE/plugins/com.st.stm32cube.ide.mcu.externaltools.gnu-tools-for-stm32.11.3.rel1.win32_1.1.100.202309141235/tools/bin/../lib/gcc/arm-none-eabi/11.3.1/../../../../arm-none-eabi/lib/thumb/v7e-m+fp/hard\libc_nano.a
LOAD D:/STM32CubeIDE/STM32CubeIDE/plugins/com.st.stm32cube.ide.mcu.externaltools.gnu-tools-for-stm32.11.3.rel1.win32_1.1.100.202309141235/tools/bin/../lib/gcc/arm-none-eabi/11.3.1/../../../../arm-none-eabi/lib/thumb/v7e-m+fp/hard\libm.a
END GROUP
START GROUP
LOAD D:/STM32CubeIDE/STM32CubeIDE/plugins/com.st.stm32cube.ide.mcu.externaltools.gnu-tools-for-stm32.11.3.rel1.win32_1.1.100.202309141235/tools/bin/../lib/gcc/arm-none-eabi/11.3.1/thumb/v7e-m+fp/hard\libgcc.a
LOAD D:/STM32CubeIDE/STM32CubeIDE/plugins/com.st.stm32cube.ide.mcu.externaltools.gnu-tools-for-stm32.11.3.rel1.win32_1.1.100.202309141235/tools/bin/../lib/gcc/arm-none-eabi/11.3.1/../../../../arm-none-eabi/lib/thumb/v7e-m+fp/hard\libc_nano.a
END GROUP
START GROUP
LOAD D:/STM32CubeIDE/STM32CubeIDE/plugins/com.st.stm32cube.ide.mcu.externaltools.gnu-tools-for-stm32.11.3.rel1.win32_1.1.100.202309141235/tools/bin/../lib/gcc/arm-none-eabi/11.3.1/thumb/v7e-m+fp/hard\libgcc.a
LOAD D:/STM32CubeIDE/STM32CubeIDE/plugins/com.st.stm32cube.ide.mcu.externaltools.gnu-tools-for-stm32.11.3.rel1.win32_1.1.100.202309141235/tools/bin/../lib/gcc/arm-none-eabi/11.3.1/../../../../arm-none-eabi/lib/thumb/v7e-m+fp/hard\libc_nano.a
LOAD D:/STM32CubeIDE/STM32CubeIDE/plugins/com.st.stm32cube.ide.mcu.externaltools.gnu-tools-for-stm32.11.3.rel1.win32_1.1.100.202309141235/tools/bin/../lib/gcc/arm-none-eabi/11.3.1/../../../../arm-none-eabi/lib/thumb/v7e-m+fp/hard\libnosys.a
END GROUP
START GROUP
LOAD D:/STM32CubeIDE/STM32CubeIDE/plugins/com.st.stm32cube.ide.mcu.externaltools.gnu-tools-for-stm32.11.3.rel1.win32_1.1.100.202309141235/tools/bin/../lib/gcc/arm-none-eabi/11.3.1/thumb/v7e-m+fp/hard\libgcc.a
LOAD D:/STM32CubeIDE/STM32CubeIDE/plugins/com.st.stm32cube.ide.mcu.externaltools.gnu-tools-for-stm32.11.3.rel1.win32_1.1.100.202309141235/tools/bin/../lib/gcc/arm-none-eabi/11.3.1/../../../../arm-none-eabi/lib/thumb/v7e-m+fp/hard\libc_nano.a
LOAD D:/STM32CubeIDE/STM32CubeIDE/plugins/com.st.stm32cube.ide.mcu.externaltools.gnu-tools-for-stm32.11.3.rel1.win32_1.1.100.202309141235/tools/bin/../lib/gcc/arm-none-eabi/11.3.1/../../../../arm-none-eabi/lib/thumb/v7e-m+fp/hard\libnosys.a
END GROUP
LOAD D:/STM32CubeIDE/STM32CubeIDE/plugins/com.st.stm32cube.ide.mcu.externaltools.gnu-tools-for-stm32.11.3.rel1.win32_1.1.100.202309141235/tools/bin/../lib/gcc/arm-none-eabi/11.3.1/thumb/v7e-m+fp/hard/crtend.o
LOAD D:/STM32CubeIDE/STM32CubeIDE/plugins/com.st.stm32cube.ide.mcu.externaltools.gnu-tools-for-stm32.11.3.rel1.win32_1.1.100.202309141235/tools/bin/../lib/gcc/arm-none-eabi/11.3.1/thumb/v7e-m+fp/hard/crtn.o
                0x0000000020050000                _estack = (ORIGIN (RAM) + LENGTH (RAM))
                0x0000000000000200                _Min_Heap_Size = 0x200
                0x0000000000000400                _Min_Stack_Size = 0x400

.isr_vector     0x0000000008000000      0x1c8
                0x0000000008000000                . = ALIGN (0x4)
 *(.isr_vector)
 .isr_vector    0x0000000008000000      0x1c8 ./Core/Startup/startup_stm32f746zgtx.o
                0x0000000008000000                g_pfnVectors
                0x00000000080001c8                . = ALIGN (0x4)

.text           0x00000000080001d0     0xbffc
                0x00000000080001d0                . = ALIGN (0x4)
 *(.text)
 .text          0x00000000080001d0       0x40 D:/STM32CubeIDE/STM32CubeIDE/plugins/com.st.stm32cube.ide.mcu.externaltools.gnu-tools-for-stm32.11.3.rel1.win32_1.1.100.202309141235/tools/bin/../lib/gcc/arm-none-eabi/11.3.1/thumb/v7e-m+fp/hard/crtbegin.o
 .text          0x0000000008000210       0x30 D:/STM32CubeIDE/STM32CubeIDE/plugins/com.st.stm32cube.ide.mcu.externaltools.gnu-tools-for-stm32.11.3.rel1.win32_1.1.100.202309141235/tools/bin/../lib/gcc/arm-none-eabi/11.3.1/thumb/v7e-m+fp/hard\libgcc.a(_aeabi_uldivmod.o)
                0x0000000008000210                __aeabi_uldivmod
 .text          0x0000000008000240      0x2c8 D:/STM32CubeIDE/STM32CubeIDE/plugins/com.st.stm32cube.ide.mcu.externaltools.gnu-tools-for-stm32.11.3.rel1.win32_1.1.100.202309141235/tools/bin/../lib/gcc/arm-none-eabi/11.3.1/thumb/v7e-m+fp/hard\libgcc.a(_udivmoddi4.o)
                0x0000000008000240                __udivmoddi4
 .text          0x0000000008000508        0x4 D:/STM32CubeIDE/STM32CubeIDE/plugins/com.st.stm32cube.ide.mcu.externaltools.gnu-tools-for-stm32.11.3.rel1.win32_1.1.100.202309141235/tools/bin/../lib/gcc/arm-none-eabi/11.3.1/thumb/v7e-m+fp/hard\libgcc.a(_dvmd_tls.o)
                0x0000000008000508                __aeabi_idiv0
                0x0000000008000508                __aeabi_ldiv0
 *(.text*)
 .text.TaskA    0x000000000800050c        0xe ./Core/Src/lab.o
                0x000000000800050c                TaskA
 *fill*         0x000000000800051a        0x2 
 .text.Lab      0x000000000800051c       0x2c ./Core/Src/lab.o
                0x000000000800051c                Lab
 .text.CDC_ReceiveCallBack
                0x0000000008000548       0x16 ./Core/Src/lab.o
                0x0000000008000548                CDC_ReceiveCallBack
 *fill*         0x000000000800055e        0x2 
 .text.main     0x0000000008000560       0x44 ./Core/Src/main.o
                0x0000000008000560                main
 .text.SystemClock_Config
                0x00000000080005a4       0xcc ./Core/Src/main.o
                0x00000000080005a4                SystemClock_Config
 .text.MX_ETH_Init
                0x0000000008000670       0x9c ./Core/Src/main.o
 .text.MX_USART3_UART_Init
                0x000000000800070c       0x60 ./Core/Src/main.o
 .text.MX_GPIO_Init
                0x000000000800076c      0x144 ./Core/Src/main.o
 .text.StartDefaultTask
                0x00000000080008b0       0x14 ./Core/Src/main.o
                0x00000000080008b0                StartDefaultTask
 .text.HAL_TIM_PeriodElapsedCallback
                0x00000000080008c4       0x24 ./Core/Src/main.o
                0x00000000080008c4                HAL_TIM_PeriodElapsedCallback
 .text.Error_Handler
                0x00000000080008e8        0xa ./Core/Src/main.o
                0x00000000080008e8                Error_Handler
 *fill*         0x00000000080008f2        0x2 
 .text.HAL_MspInit
                0x00000000080008f4       0x50 ./Core/Src/stm32f7xx_hal_msp.o
                0x00000000080008f4                HAL_MspInit
 .text.HAL_ETH_MspInit
                0x0000000008000944      0x170 ./Core/Src/stm32f7xx_hal_msp.o
                0x0000000008000944                HAL_ETH_MspInit
 .text.HAL_UART_MspInit
                0x0000000008000ab4       0xc0 ./Core/Src/stm32f7xx_hal_msp.o
                0x0000000008000ab4                HAL_UART_MspInit
 .text.HAL_InitTick
                0x0000000008000b74       0xe0 ./Core/Src/stm32f7xx_hal_timebase_tim.o
                0x0000000008000b74                HAL_InitTick
 .text.NMI_Handler
                0x0000000008000c54        0x6 ./Core/Src/stm32f7xx_it.o
                0x0000000008000c54                NMI_Handler
 .text.HardFault_Handler
                0x0000000008000c5a        0x6 ./Core/Src/stm32f7xx_it.o
                0x0000000008000c5a                HardFault_Handler
 .text.MemManage_Handler
                0x0000000008000c60        0x6 ./Core/Src/stm32f7xx_it.o
                0x0000000008000c60                MemManage_Handler
 .text.BusFault_Handler
                0x0000000008000c66        0x6 ./Core/Src/stm32f7xx_it.o
                0x0000000008000c66                BusFault_Handler
 .text.UsageFault_Handler
                0x0000000008000c6c        0x6 ./Core/Src/stm32f7xx_it.o
                0x0000000008000c6c                UsageFault_Handler
 .text.DebugMon_Handler
                0x0000000008000c72        0xe ./Core/Src/stm32f7xx_it.o
                0x0000000008000c72                DebugMon_Handler
 .text.TIM1_UP_TIM10_IRQHandler
                0x0000000008000c80       0x14 ./Core/Src/stm32f7xx_it.o
                0x0000000008000c80                TIM1_UP_TIM10_IRQHandler
 .text.OTG_FS_IRQHandler
                0x0000000008000c94       0x14 ./Core/Src/stm32f7xx_it.o
                0x0000000008000c94                OTG_FS_IRQHandler
 .text._sbrk    0x0000000008000ca8       0x6c ./Core/Src/sysmem.o
                0x0000000008000ca8                _sbrk
 .text.SystemInit
                0x0000000008000d14       0x24 ./Core/Src/system_stm32f7xx.o
                0x0000000008000d14                SystemInit
 .text.Reset_Handler
                0x0000000008000d38       0x50 ./Core/Startup/startup_stm32f746zgtx.o
                0x0000000008000d38                Reset_Handler
 .text.Default_Handler
                0x0000000008000d88        0x2 ./Core/Startup/startup_stm32f746zgtx.o
                0x0000000008000d88                RTC_Alarm_IRQHandler
                0x0000000008000d88                EXTI2_IRQHandler
                0x0000000008000d88                TIM8_CC_IRQHandler
                0x0000000008000d88                UART8_IRQHandler
                0x0000000008000d88                SPI4_IRQHandler
                0x0000000008000d88                TIM1_CC_IRQHandler
                0x0000000008000d88                DMA2_Stream5_IRQHandler
                0x0000000008000d88                DMA1_Stream5_IRQHandler
                0x0000000008000d88                PVD_IRQHandler
                0x0000000008000d88                TAMP_STAMP_IRQHandler
                0x0000000008000d88                CAN2_RX1_IRQHandler
                0x0000000008000d88                EXTI3_IRQHandler
                0x0000000008000d88                TIM8_TRG_COM_TIM14_IRQHandler
                0x0000000008000d88                TIM8_UP_TIM13_IRQHandler
                0x0000000008000d88                I2C3_ER_IRQHandler
                0x0000000008000d88                EXTI0_IRQHandler
                0x0000000008000d88                I2C2_EV_IRQHandler
                0x0000000008000d88                DMA1_Stream2_IRQHandler
                0x0000000008000d88                CAN1_RX0_IRQHandler
                0x0000000008000d88                FPU_IRQHandler
                0x0000000008000d88                OTG_HS_WKUP_IRQHandler
                0x0000000008000d88                LTDC_ER_IRQHandler
                0x0000000008000d88                CAN2_SCE_IRQHandler
                0x0000000008000d88                DMA2_Stream2_IRQHandler
                0x0000000008000d88                SPI1_IRQHandler
                0x0000000008000d88                TIM6_DAC_IRQHandler
                0x0000000008000d88                TIM1_BRK_TIM9_IRQHandler
                0x0000000008000d88                DCMI_IRQHandler
                0x0000000008000d88                CAN2_RX0_IRQHandler
                0x0000000008000d88                DMA2_Stream3_IRQHandler
                0x0000000008000d88                SAI2_IRQHandler
                0x0000000008000d88                USART6_IRQHandler
                0x0000000008000d88                USART3_IRQHandler
                0x0000000008000d88                CAN1_RX1_IRQHandler
                0x0000000008000d88                UART5_IRQHandler
                0x0000000008000d88                DMA2_Stream0_IRQHandler
                0x0000000008000d88                TIM4_IRQHandler
                0x0000000008000d88                QUADSPI_IRQHandler
                0x0000000008000d88                I2C1_EV_IRQHandler
                0x0000000008000d88                DMA1_Stream6_IRQHandler
                0x0000000008000d88                DMA1_Stream1_IRQHandler
                0x0000000008000d88                UART4_IRQHandler
                0x0000000008000d88                TIM3_IRQHandler
                0x0000000008000d88                RCC_IRQHandler
                0x0000000008000d88                TIM8_BRK_TIM12_IRQHandler
                0x0000000008000d88                Default_Handler
                0x0000000008000d88                CEC_IRQHandler
                0x0000000008000d88                EXTI15_10_IRQHandler
                0x0000000008000d88                ADC_IRQHandler
                0x0000000008000d88                DMA1_Stream7_IRQHandler
                0x0000000008000d88                SPI5_IRQHandler
                0x0000000008000d88                TIM7_IRQHandler
                0x0000000008000d88                SDMMC1_IRQHandler
                0x0000000008000d88                CAN2_TX_IRQHandler
                0x0000000008000d88                TIM5_IRQHandler
                0x0000000008000d88                DMA2_Stream7_IRQHandler
                0x0000000008000d88                I2C3_EV_IRQHandler
                0x0000000008000d88                EXTI9_5_IRQHandler
                0x0000000008000d88                RTC_WKUP_IRQHandler
                0x0000000008000d88                LTDC_IRQHandler
                0x0000000008000d88                ETH_WKUP_IRQHandler
                0x0000000008000d88                SPDIF_RX_IRQHandler
                0x0000000008000d88                SPI2_IRQHandler
                0x0000000008000d88                OTG_HS_EP1_IN_IRQHandler
                0x0000000008000d88                DMA1_Stream0_IRQHandler
                0x0000000008000d88                CAN1_TX_IRQHandler
                0x0000000008000d88                EXTI4_IRQHandler
                0x0000000008000d88                RNG_IRQHandler
                0x0000000008000d88                ETH_IRQHandler
                0x0000000008000d88                OTG_HS_EP1_OUT_IRQHandler
                0x0000000008000d88                WWDG_IRQHandler
                0x0000000008000d88                SPI6_IRQHandler
                0x0000000008000d88                I2C4_EV_IRQHandler
                0x0000000008000d88                TIM2_IRQHandler
                0x0000000008000d88                OTG_FS_WKUP_IRQHandler
                0x0000000008000d88                TIM1_TRG_COM_TIM11_IRQHandler
                0x0000000008000d88                OTG_HS_IRQHandler
                0x0000000008000d88                DMA2D_IRQHandler
                0x0000000008000d88                EXTI1_IRQHandler
                0x0000000008000d88                UART7_IRQHandler
                0x0000000008000d88                USART2_IRQHandler
                0x0000000008000d88                I2C2_ER_IRQHandler
                0x0000000008000d88                DMA2_Stream1_IRQHandler
                0x0000000008000d88                CAN1_SCE_IRQHandler
                0x0000000008000d88                FLASH_IRQHandler
                0x0000000008000d88                DMA2_Stream4_IRQHandler
                0x0000000008000d88                USART1_IRQHandler
                0x0000000008000d88                SPI3_IRQHandler
                0x0000000008000d88                DMA1_Stream4_IRQHandler
                0x0000000008000d88                I2C1_ER_IRQHandler
                0x0000000008000d88                FMC_IRQHandler
                0x0000000008000d88                LPTIM1_IRQHandler
                0x0000000008000d88                I2C4_ER_IRQHandler
                0x0000000008000d88                DMA2_Stream6_IRQHandler
                0x0000000008000d88                SAI1_IRQHandler
                0x0000000008000d88                DMA1_Stream3_IRQHandler
 .text.HAL_Init
                0x0000000008000d8a       0x1a ./Drivers/STM32F7xx_HAL_Driver/Src/stm32f7xx_hal.o
                0x0000000008000d8a                HAL_Init
 .text.HAL_IncTick
                0x0000000008000da4       0x28 ./Drivers/STM32F7xx_HAL_Driver/Src/stm32f7xx_hal.o
                0x0000000008000da4                HAL_IncTick
 .text.HAL_GetTick
                0x0000000008000dcc       0x18 ./Drivers/STM32F7xx_HAL_Driver/Src/stm32f7xx_hal.o
                0x0000000008000dcc                HAL_GetTick
 .text.HAL_Delay
                0x0000000008000de4       0x48 ./Drivers/STM32F7xx_HAL_Driver/Src/stm32f7xx_hal.o
                0x0000000008000de4                HAL_Delay
 .text.__NVIC_SetPriorityGrouping
                0x0000000008000e2c       0x48 ./Drivers/STM32F7xx_HAL_Driver/Src/stm32f7xx_hal_cortex.o
 .text.__NVIC_GetPriorityGrouping
                0x0000000008000e74       0x1c ./Drivers/STM32F7xx_HAL_Driver/Src/stm32f7xx_hal_cortex.o
 .text.__NVIC_EnableIRQ
                0x0000000008000e90       0x3c ./Drivers/STM32F7xx_HAL_Driver/Src/stm32f7xx_hal_cortex.o
 .text.__NVIC_SetPriority
                0x0000000008000ecc       0x54 ./Drivers/STM32F7xx_HAL_Driver/Src/stm32f7xx_hal_cortex.o
 .text.NVIC_EncodePriority
                0x0000000008000f20       0x66 ./Drivers/STM32F7xx_HAL_Driver/Src/stm32f7xx_hal_cortex.o
 .text.HAL_NVIC_SetPriorityGrouping
                0x0000000008000f86       0x16 ./Drivers/STM32F7xx_HAL_Driver/Src/stm32f7xx_hal_cortex.o
                0x0000000008000f86                HAL_NVIC_SetPriorityGrouping
 .text.HAL_NVIC_SetPriority
                0x0000000008000f9c       0x38 ./Drivers/STM32F7xx_HAL_Driver/Src/stm32f7xx_hal_cortex.o
                0x0000000008000f9c                HAL_NVIC_SetPriority
 .text.HAL_NVIC_EnableIRQ
                0x0000000008000fd4       0x1c ./Drivers/STM32F7xx_HAL_Driver/Src/stm32f7xx_hal_cortex.o
                0x0000000008000fd4                HAL_NVIC_EnableIRQ
 .text.HAL_ETH_Init
                0x0000000008000ff0       0xf8 ./Drivers/STM32F7xx_HAL_Driver/Src/stm32f7xx_hal_eth.o
                0x0000000008000ff0                HAL_ETH_Init
 .text.ETH_SetMACConfig
                0x00000000080010e8      0x160 ./Drivers/STM32F7xx_HAL_Driver/Src/stm32f7xx_hal_eth.o
 .text.ETH_SetDMAConfig
                0x0000000008001248      0x114 ./Drivers/STM32F7xx_HAL_Driver/Src/stm32f7xx_hal_eth.o
 .text.ETH_MACDMAConfig
                0x000000000800135c       0xe4 ./Drivers/STM32F7xx_HAL_Driver/Src/stm32f7xx_hal_eth.o
 .text.ETH_MACAddressConfig
                0x0000000008001440       0x70 ./Drivers/STM32F7xx_HAL_Driver/Src/stm32f7xx_hal_eth.o
 .text.ETH_DMATxDescListInit
                0x00000000080014b0       0xb2 ./Drivers/STM32F7xx_HAL_Driver/Src/stm32f7xx_hal_eth.o
 .text.ETH_DMARxDescListInit
                0x0000000008001562       0xda ./Drivers/STM32F7xx_HAL_Driver/Src/stm32f7xx_hal_eth.o
 .text.HAL_GPIO_Init
                0x000000000800163c      0x358 ./Drivers/STM32F7xx_HAL_Driver/Src/stm32f7xx_hal_gpio.o
                0x000000000800163c                HAL_GPIO_Init
 .text.HAL_GPIO_WritePin
                0x0000000008001994       0x32 ./Drivers/STM32F7xx_HAL_Driver/Src/stm32f7xx_hal_gpio.o
                0x0000000008001994                HAL_GPIO_WritePin
 .text.HAL_PCD_Init
                0x00000000080019c6      0x248 ./Drivers/STM32F7xx_HAL_Driver/Src/stm32f7xx_hal_pcd.o
                0x00000000080019c6                HAL_PCD_Init
 .text.HAL_PCD_Start
                0x0000000008001c0e       0x44 ./Drivers/STM32F7xx_HAL_Driver/Src/stm32f7xx_hal_pcd.o
                0x0000000008001c0e                HAL_PCD_Start
 .text.HAL_PCD_IRQHandler
                0x0000000008001c52      0x998 ./Drivers/STM32F7xx_HAL_Driver/Src/stm32f7xx_hal_pcd.o
                0x0000000008001c52                HAL_PCD_IRQHandler
 .text.HAL_PCD_SetAddress
                0x00000000080025ea       0x4a ./Drivers/STM32F7xx_HAL_Driver/Src/stm32f7xx_hal_pcd.o
                0x00000000080025ea                HAL_PCD_SetAddress
 .text.HAL_PCD_EP_Open
                0x0000000008002634       0xd0 ./Drivers/STM32F7xx_HAL_Driver/Src/stm32f7xx_hal_pcd.o
                0x0000000008002634                HAL_PCD_EP_Open
 .text.HAL_PCD_EP_Close
                0x0000000008002704       0x94 ./Drivers/STM32F7xx_HAL_Driver/Src/stm32f7xx_hal_pcd.o
                0x0000000008002704                HAL_PCD_EP_Close
 .text.HAL_PCD_EP_Receive
                0x0000000008002798       0x96 ./Drivers/STM32F7xx_HAL_Driver/Src/stm32f7xx_hal_pcd.o
                0x0000000008002798                HAL_PCD_EP_Receive
 .text.HAL_PCD_EP_GetRxCount
                0x000000000800282e       0x30 ./Drivers/STM32F7xx_HAL_Driver/Src/stm32f7xx_hal_pcd.o
                0x000000000800282e                HAL_PCD_EP_GetRxCount
 .text.HAL_PCD_EP_Transmit
                0x000000000800285e       0x94 ./Drivers/STM32F7xx_HAL_Driver/Src/stm32f7xx_hal_pcd.o
                0x000000000800285e                HAL_PCD_EP_Transmit
 .text.HAL_PCD_EP_SetStall
                0x00000000080028f2       0xc8 ./Drivers/STM32F7xx_HAL_Driver/Src/stm32f7xx_hal_pcd.o
                0x00000000080028f2                HAL_PCD_EP_SetStall
 .text.HAL_PCD_EP_ClrStall
                0x00000000080029ba       0xac ./Drivers/STM32F7xx_HAL_Driver/Src/stm32f7xx_hal_pcd.o
                0x00000000080029ba                HAL_PCD_EP_ClrStall
 .text.HAL_PCD_EP_Abort
                0x0000000008002a66       0x62 ./Drivers/STM32F7xx_HAL_Driver/Src/stm32f7xx_hal_pcd.o
                0x0000000008002a66                HAL_PCD_EP_Abort
 .text.PCD_WriteEmptyTxFifo
                0x0000000008002ac8      0x11a ./Drivers/STM32F7xx_HAL_Driver/Src/stm32f7xx_hal_pcd.o
 *fill*         0x0000000008002be2        0x2 
 .text.PCD_EP_OutXfrComplete_int
                0x0000000008002be4      0x1d0 ./Drivers/STM32F7xx_HAL_Driver/Src/stm32f7xx_hal_pcd.o
 .text.PCD_EP_OutSetupPacket_int
                0x0000000008002db4       0x8c ./Drivers/STM32F7xx_HAL_Driver/Src/stm32f7xx_hal_pcd.o
 .text.HAL_PCDEx_SetTxFiFo
                0x0000000008002e40       0x8e ./Drivers/STM32F7xx_HAL_Driver/Src/stm32f7xx_hal_pcd_ex.o
                0x0000000008002e40                HAL_PCDEx_SetTxFiFo
 .text.HAL_PCDEx_SetRxFiFo
                0x0000000008002ece       0x22 ./Drivers/STM32F7xx_HAL_Driver/Src/stm32f7xx_hal_pcd_ex.o
                0x0000000008002ece                HAL_PCDEx_SetRxFiFo
 .text.HAL_PCDEx_ActivateLPM
                0x0000000008002ef0       0x48 ./Drivers/STM32F7xx_HAL_Driver/Src/stm32f7xx_hal_pcd_ex.o
                0x0000000008002ef0                HAL_PCDEx_ActivateLPM
 .text.HAL_RCC_OscConfig
                0x0000000008002f38      0x548 ./Drivers/STM32F7xx_HAL_Driver/Src/stm32f7xx_hal_rcc.o
                0x0000000008002f38                HAL_RCC_OscConfig
 .text.HAL_RCC_ClockConfig
                0x0000000008003480      0x1d8 ./Drivers/STM32F7xx_HAL_Driver/Src/stm32f7xx_hal_rcc.o
                0x0000000008003480                HAL_RCC_ClockConfig
 .text.HAL_RCC_GetSysClockFreq
                0x0000000008003658      0x20c ./Drivers/STM32F7xx_HAL_Driver/Src/stm32f7xx_hal_rcc.o
                0x0000000008003658                HAL_RCC_GetSysClockFreq
 .text.HAL_RCC_GetHCLKFreq
                0x0000000008003864       0x18 ./Drivers/STM32F7xx_HAL_Driver/Src/stm32f7xx_hal_rcc.o
                0x0000000008003864                HAL_RCC_GetHCLKFreq
 .text.HAL_RCC_GetPCLK1Freq
                0x000000000800387c       0x28 ./Drivers/STM32F7xx_HAL_Driver/Src/stm32f7xx_hal_rcc.o
                0x000000000800387c                HAL_RCC_GetPCLK1Freq
 .text.HAL_RCC_GetPCLK2Freq
                0x00000000080038a4       0x28 ./Drivers/STM32F7xx_HAL_Driver/Src/stm32f7xx_hal_rcc.o
                0x00000000080038a4                HAL_RCC_GetPCLK2Freq
 .text.HAL_RCC_GetClockConfig
                0x00000000080038cc       0x64 ./Drivers/STM32F7xx_HAL_Driver/Src/stm32f7xx_hal_rcc.o
                0x00000000080038cc                HAL_RCC_GetClockConfig
 .text.HAL_RCCEx_PeriphCLKConfig
                0x0000000008003930      0x7e0 ./Drivers/STM32F7xx_HAL_Driver/Src/stm32f7xx_hal_rcc_ex.o
                0x0000000008003930                HAL_RCCEx_PeriphCLKConfig
 .text.HAL_TIM_Base_Init
                0x0000000008004110       0xae ./Drivers/STM32F7xx_HAL_Driver/Src/stm32f7xx_hal_tim.o
                0x0000000008004110                HAL_TIM_Base_Init
 .text.HAL_TIM_Base_MspInit
                0x00000000080041be       0x14 ./Drivers/STM32F7xx_HAL_Driver/Src/stm32f7xx_hal_tim.o
                0x00000000080041be                HAL_TIM_Base_MspInit
 *fill*         0x00000000080041d2        0x2 
 .text.HAL_TIM_Base_Start_IT
                0x00000000080041d4       0xf0 ./Drivers/STM32F7xx_HAL_Driver/Src/stm32f7xx_hal_tim.o
                0x00000000080041d4                HAL_TIM_Base_Start_IT
 .text.HAL_TIM_IRQHandler
                0x00000000080042c4      0x23e ./Drivers/STM32F7xx_HAL_Driver/Src/stm32f7xx_hal_tim.o
                0x00000000080042c4                HAL_TIM_IRQHandler
 .text.HAL_TIM_OC_DelayElapsedCallback
                0x0000000008004502       0x14 ./Drivers/STM32F7xx_HAL_Driver/Src/stm32f7xx_hal_tim.o
                0x0000000008004502                HAL_TIM_OC_DelayElapsedCallback
 .text.HAL_TIM_IC_CaptureCallback
                0x0000000008004516       0x14 ./Drivers/STM32F7xx_HAL_Driver/Src/stm32f7xx_hal_tim.o
                0x0000000008004516                HAL_TIM_IC_CaptureCallback
 .text.HAL_TIM_PWM_PulseFinishedCallback
                0x000000000800452a       0x14 ./Drivers/STM32F7xx_HAL_Driver/Src/stm32f7xx_hal_tim.o
                0x000000000800452a                HAL_TIM_PWM_PulseFinishedCallback
 .text.HAL_TIM_TriggerCallback
                0x000000000800453e       0x14 ./Drivers/STM32F7xx_HAL_Driver/Src/stm32f7xx_hal_tim.o
                0x000000000800453e                HAL_TIM_TriggerCallback
 *fill*         0x0000000008004552        0x2 
 .text.TIM_Base_SetConfig
                0x0000000008004554      0x140 ./Drivers/STM32F7xx_HAL_Driver/Src/stm32f7xx_hal_tim.o
                0x0000000008004554                TIM_Base_SetConfig
 .text.HAL_TIMEx_CommutCallback
                0x0000000008004694       0x14 ./Drivers/STM32F7xx_HAL_Driver/Src/stm32f7xx_hal_tim_ex.o
                0x0000000008004694                HAL_TIMEx_CommutCallback
 .text.HAL_TIMEx_BreakCallback
                0x00000000080046a8       0x14 ./Drivers/STM32F7xx_HAL_Driver/Src/stm32f7xx_hal_tim_ex.o
                0x00000000080046a8                HAL_TIMEx_BreakCallback
 .text.HAL_TIMEx_Break2Callback
                0x00000000080046bc       0x14 ./Drivers/STM32F7xx_HAL_Driver/Src/stm32f7xx_hal_tim_ex.o
                0x00000000080046bc                HAL_TIMEx_Break2Callback
 .text.HAL_UART_Init
                0x00000000080046d0       0x9c ./Drivers/STM32F7xx_HAL_Driver/Src/stm32f7xx_hal_uart.o
                0x00000000080046d0                HAL_UART_Init
 .text.UART_SetConfig
                0x000000000800476c      0x4c8 ./Drivers/STM32F7xx_HAL_Driver/Src/stm32f7xx_hal_uart.o
                0x000000000800476c                UART_SetConfig
 .text.UART_AdvFeatureConfig
                0x0000000008004c34      0x144 ./Drivers/STM32F7xx_HAL_Driver/Src/stm32f7xx_hal_uart.o
                0x0000000008004c34                UART_AdvFeatureConfig
 .text.UART_CheckIdleState
                0x0000000008004d78       0x6e ./Drivers/STM32F7xx_HAL_Driver/Src/stm32f7xx_hal_uart.o
                0x0000000008004d78                UART_CheckIdleState
 .text.UART_WaitOnFlagUntilTimeout
                0x0000000008004de6      0x18c ./Drivers/STM32F7xx_HAL_Driver/Src/stm32f7xx_hal_uart.o
                0x0000000008004de6                UART_WaitOnFlagUntilTimeout
 *fill*         0x0000000008004f72        0x2 
 .text.USB_CoreInit
                0x0000000008004f74       0xb0 ./Drivers/STM32F7xx_HAL_Driver/Src/stm32f7xx_ll_usb.o
                0x0000000008004f74                USB_CoreInit
 .text.USB_SetTurnaroundTime
                0x0000000008005024      0x144 ./Drivers/STM32F7xx_HAL_Driver/Src/stm32f7xx_ll_usb.o
                0x0000000008005024                USB_SetTurnaroundTime
 .text.USB_EnableGlobalInt
                0x0000000008005168       0x22 ./Drivers/STM32F7xx_HAL_Driver/Src/stm32f7xx_ll_usb.o
                0x0000000008005168                USB_EnableGlobalInt
 .text.USB_DisableGlobalInt
                0x000000000800518a       0x22 ./Drivers/STM32F7xx_HAL_Driver/Src/stm32f7xx_ll_usb.o
                0x000000000800518a                USB_DisableGlobalInt
 .text.USB_SetCurrentMode
                0x00000000080051ac       0x98 ./Drivers/STM32F7xx_HAL_Driver/Src/stm32f7xx_ll_usb.o
                0x00000000080051ac                USB_SetCurrentMode
 .text.USB_DevInit
                0x0000000008005244      0x2bc ./Drivers/STM32F7xx_HAL_Driver/Src/stm32f7xx_ll_usb.o
                0x0000000008005244                USB_DevInit
 .text.USB_FlushTxFifo
                0x0000000008005500       0x68 ./Drivers/STM32F7xx_HAL_Driver/Src/stm32f7xx_ll_usb.o
                0x0000000008005500                USB_FlushTxFifo
 .text.USB_FlushRxFifo
                0x0000000008005568       0x60 ./Drivers/STM32F7xx_HAL_Driver/Src/stm32f7xx_ll_usb.o
                0x0000000008005568                USB_FlushRxFifo
 .text.USB_SetDevSpeed
                0x00000000080055c8       0x32 ./Drivers/STM32F7xx_HAL_Driver/Src/stm32f7xx_ll_usb.o
                0x00000000080055c8                USB_SetDevSpeed
 .text.USB_GetDevSpeed
                0x00000000080055fa       0x4a ./Drivers/STM32F7xx_HAL_Driver/Src/stm32f7xx_ll_usb.o
                0x00000000080055fa                USB_GetDevSpeed
 .text.USB_ActivateEndpoint
                0x0000000008005644      0x110 ./Drivers/STM32F7xx_HAL_Driver/Src/stm32f7xx_ll_usb.o
                0x0000000008005644                USB_ActivateEndpoint
 .text.USB_DeactivateEndpoint
                0x0000000008005754      0x1b8 ./Drivers/STM32F7xx_HAL_Driver/Src/stm32f7xx_ll_usb.o
                0x0000000008005754                USB_DeactivateEndpoint
 .text.USB_EPStartXfer
                0x000000000800590c      0x4a0 ./Drivers/STM32F7xx_HAL_Driver/Src/stm32f7xx_ll_usb.o
                0x000000000800590c                USB_EPStartXfer
 .text.USB_EP0StartXfer
                0x0000000008005dac      0x2b8 ./Drivers/STM32F7xx_HAL_Driver/Src/stm32f7xx_ll_usb.o
                0x0000000008005dac                USB_EP0StartXfer
 .text.USB_EPStopXfer
                0x0000000008006064      0x154 ./Drivers/STM32F7xx_HAL_Driver/Src/stm32f7xx_ll_usb.o
                0x0000000008006064                USB_EPStopXfer
 .text.USB_WritePacket
                0x00000000080061b8       0x7c ./Drivers/STM32F7xx_HAL_Driver/Src/stm32f7xx_ll_usb.o
                0x00000000080061b8                USB_WritePacket
 .text.USB_ReadPacket
                0x0000000008006234       0xb0 ./Drivers/STM32F7xx_HAL_Driver/Src/stm32f7xx_ll_usb.o
                0x0000000008006234                USB_ReadPacket
 .text.USB_EPSetStall
                0x00000000080062e4       0xdc ./Drivers/STM32F7xx_HAL_Driver/Src/stm32f7xx_ll_usb.o
                0x00000000080062e4                USB_EPSetStall
 .text.USB_EPClearStall
                0x00000000080063c0       0xcc ./Drivers/STM32F7xx_HAL_Driver/Src/stm32f7xx_ll_usb.o
                0x00000000080063c0                USB_EPClearStall
 .text.USB_SetDevAddress
                0x000000000800648c       0x4c ./Drivers/STM32F7xx_HAL_Driver/Src/stm32f7xx_ll_usb.o
                0x000000000800648c                USB_SetDevAddress
 .text.USB_DevConnect
                0x00000000080064d8       0x42 ./Drivers/STM32F7xx_HAL_Driver/Src/stm32f7xx_ll_usb.o
                0x00000000080064d8                USB_DevConnect
 .text.USB_DevDisconnect
                0x000000000800651a       0x42 ./Drivers/STM32F7xx_HAL_Driver/Src/stm32f7xx_ll_usb.o
                0x000000000800651a                USB_DevDisconnect
 .text.USB_ReadInterrupts
                0x000000000800655c       0x26 ./Drivers/STM32F7xx_HAL_Driver/Src/stm32f7xx_ll_usb.o
                0x000000000800655c                USB_ReadInterrupts
 .text.USB_ReadDevAllOutEpInterrupt
                0x0000000008006582       0x34 ./Drivers/STM32F7xx_HAL_Driver/Src/stm32f7xx_ll_usb.o
                0x0000000008006582                USB_ReadDevAllOutEpInterrupt
 .text.USB_ReadDevAllInEpInterrupt
                0x00000000080065b6       0x34 ./Drivers/STM32F7xx_HAL_Driver/Src/stm32f7xx_ll_usb.o
                0x00000000080065b6                USB_ReadDevAllInEpInterrupt
 .text.USB_ReadDevOutEPInterrupt
                0x00000000080065ea       0x3c ./Drivers/STM32F7xx_HAL_Driver/Src/stm32f7xx_ll_usb.o
                0x00000000080065ea                USB_ReadDevOutEPInterrupt
 .text.USB_ReadDevInEPInterrupt
                0x0000000008006626       0x5c ./Drivers/STM32F7xx_HAL_Driver/Src/stm32f7xx_ll_usb.o
                0x0000000008006626                USB_ReadDevInEPInterrupt
 .text.USB_GetMode
                0x0000000008006682       0x1c ./Drivers/STM32F7xx_HAL_Driver/Src/stm32f7xx_ll_usb.o
                0x0000000008006682                USB_GetMode
 *fill*         0x000000000800669e        0x2 
 .text.USB_ActivateSetup
                0x00000000080066a0       0x48 ./Drivers/STM32F7xx_HAL_Driver/Src/stm32f7xx_ll_usb.o
                0x00000000080066a0                USB_ActivateSetup
 .text.USB_EP0_OutStart
                0x00000000080066e8       0xbc ./Drivers/STM32F7xx_HAL_Driver/Src/stm32f7xx_ll_usb.o
                0x00000000080066e8                USB_EP0_OutStart
 .text.USB_CoreReset
                0x00000000080067a4       0x68 ./Drivers/STM32F7xx_HAL_Driver/Src/stm32f7xx_ll_usb.o
 .text.USBD_CDC_Init
                0x000000000800680c      0x1f0 ./Middlewares/ST/STM32_USB_Device_Library/Class/CDC/Src/usbd_cdc.o
 .text.USBD_CDC_DeInit
                0x00000000080069fc      0x104 ./Middlewares/ST/STM32_USB_Device_Library/Class/CDC/Src/usbd_cdc.o
 .text.USBD_CDC_Setup
                0x0000000008006b00      0x1b8 ./Middlewares/ST/STM32_USB_Device_Library/Class/CDC/Src/usbd_cdc.o
 .text.USBD_CDC_DataIn
                0x0000000008006cb8       0xfe ./Middlewares/ST/STM32_USB_Device_Library/Class/CDC/Src/usbd_cdc.o
 .text.USBD_CDC_DataOut
                0x0000000008006db6       0x70 ./Middlewares/ST/STM32_USB_Device_Library/Class/CDC/Src/usbd_cdc.o
 .text.USBD_CDC_EP0_RxReady
                0x0000000008006e26       0x76 ./Middlewares/ST/STM32_USB_Device_Library/Class/CDC/Src/usbd_cdc.o
 .text.USBD_CDC_GetFSCfgDesc
                0x0000000008006e9c       0x70 ./Middlewares/ST/STM32_USB_Device_Library/Class/CDC/Src/usbd_cdc.o
 .text.USBD_CDC_GetHSCfgDesc
                0x0000000008006f0c       0x70 ./Middlewares/ST/STM32_USB_Device_Library/Class/CDC/Src/usbd_cdc.o
 .text.USBD_CDC_GetOtherSpeedCfgDesc
                0x0000000008006f7c       0x70 ./Middlewares/ST/STM32_USB_Device_Library/Class/CDC/Src/usbd_cdc.o
 .text.USBD_CDC_GetDeviceQualifierDescriptor
                0x0000000008006fec       0x20 ./Middlewares/ST/STM32_USB_Device_Library/Class/CDC/Src/usbd_cdc.o
                0x0000000008006fec                USBD_CDC_GetDeviceQualifierDescriptor
 .text.USBD_CDC_RegisterInterface
                0x000000000800700c       0x34 ./Middlewares/ST/STM32_USB_Device_Library/Class/CDC/Src/usbd_cdc.o
                0x000000000800700c                USBD_CDC_RegisterInterface
 .text.USBD_CDC_SetTxBuffer
                0x0000000008007040       0x44 ./Middlewares/ST/STM32_USB_Device_Library/Class/CDC/Src/usbd_cdc.o
                0x0000000008007040                USBD_CDC_SetTxBuffer
 .text.USBD_CDC_SetRxBuffer
                0x0000000008007084       0x3a ./Middlewares/ST/STM32_USB_Device_Library/Class/CDC/Src/usbd_cdc.o
                0x0000000008007084                USBD_CDC_SetRxBuffer
 *fill*         0x00000000080070be        0x2 
 .text.USBD_CDC_ReceivePacket
                0x00000000080070c0       0x6c ./Middlewares/ST/STM32_USB_Device_Library/Class/CDC/Src/usbd_cdc.o
                0x00000000080070c0                USBD_CDC_ReceivePacket
 .text.USBD_Init
                0x000000000800712c       0x60 ./Middlewares/ST/STM32_USB_Device_Library/Core/Src/usbd_core.o
                0x000000000800712c                USBD_Init
 .text.USBD_RegisterClass
                0x000000000800718c       0x6c ./Middlewares/ST/STM32_USB_Device_Library/Core/Src/usbd_core.o
                0x000000000800718c                USBD_RegisterClass
 .text.USBD_Start
                0x00000000080071f8       0x18 ./Middlewares/ST/STM32_USB_Device_Library/Core/Src/usbd_core.o
                0x00000000080071f8                USBD_Start
 .text.USBD_RunTestMode
                0x0000000008007210       0x16 ./Middlewares/ST/STM32_USB_Device_Library/Core/Src/usbd_core.o
                0x0000000008007210                USBD_RunTestMode
 .text.USBD_SetClassConfig
                0x0000000008007226       0x38 ./Middlewares/ST/STM32_USB_Device_Library/Core/Src/usbd_core.o
                0x0000000008007226                USBD_SetClassConfig
 .text.USBD_ClrClassConfig
                0x000000000800725e       0x34 ./Middlewares/ST/STM32_USB_Device_Library/Core/Src/usbd_core.o
                0x000000000800725e                USBD_ClrClassConfig
 .text.USBD_LL_SetupStage
                0x0000000008007292       0xaa ./Middlewares/ST/STM32_USB_Device_Library/Core/Src/usbd_core.o
                0x0000000008007292                USBD_LL_SetupStage
 .text.USBD_LL_DataOutStage
                0x000000000800733c      0x166 ./Middlewares/ST/STM32_USB_Device_Library/Core/Src/usbd_core.o
                0x000000000800733c                USBD_LL_DataOutStage
 .text.USBD_LL_DataInStage
                0x00000000080074a2      0x164 ./Middlewares/ST/STM32_USB_Device_Library/Core/Src/usbd_core.o
                0x00000000080074a2                USBD_LL_DataInStage
 .text.USBD_LL_Reset
                0x0000000008007606       0xa4 ./Middlewares/ST/STM32_USB_Device_Library/Core/Src/usbd_core.o
                0x0000000008007606                USBD_LL_Reset
 .text.USBD_LL_SetSpeed
                0x00000000080076aa       0x20 ./Middlewares/ST/STM32_USB_Device_Library/Core/Src/usbd_core.o
                0x00000000080076aa                USBD_LL_SetSpeed
 .text.USBD_LL_Suspend
                0x00000000080076ca       0x2c ./Middlewares/ST/STM32_USB_Device_Library/Core/Src/usbd_core.o
                0x00000000080076ca                USBD_LL_Suspend
 .text.USBD_LL_Resume
                0x00000000080076f6       0x30 ./Middlewares/ST/STM32_USB_Device_Library/Core/Src/usbd_core.o
                0x00000000080076f6                USBD_LL_Resume
 .text.USBD_LL_SOF
                0x0000000008007726       0x40 ./Middlewares/ST/STM32_USB_Device_Library/Core/Src/usbd_core.o
                0x0000000008007726                USBD_LL_SOF
 .text.USBD_LL_IsoINIncomplete
                0x0000000008007766       0x64 ./Middlewares/ST/STM32_USB_Device_Library/Core/Src/usbd_core.o
                0x0000000008007766                USBD_LL_IsoINIncomplete
 .text.USBD_LL_IsoOUTIncomplete
                0x00000000080077ca       0x64 ./Middlewares/ST/STM32_USB_Device_Library/Core/Src/usbd_core.o
                0x00000000080077ca                USBD_LL_IsoOUTIncomplete
 .text.USBD_LL_DevConnected
                0x000000000800782e       0x16 ./Middlewares/ST/STM32_USB_Device_Library/Core/Src/usbd_core.o
                0x000000000800782e                USBD_LL_DevConnected
 .text.USBD_LL_DevDisconnected
                0x0000000008007844       0x46 ./Middlewares/ST/STM32_USB_Device_Library/Core/Src/usbd_core.o
                0x0000000008007844                USBD_LL_DevDisconnected
 .text.USBD_CoreFindIF
                0x000000000800788a       0x1a ./Middlewares/ST/STM32_USB_Device_Library/Core/Src/usbd_core.o
                0x000000000800788a                USBD_CoreFindIF
 .text.USBD_CoreFindEP
                0x00000000080078a4       0x1a ./Middlewares/ST/STM32_USB_Device_Library/Core/Src/usbd_core.o
                0x00000000080078a4                USBD_CoreFindEP
 .text.USBD_GetEpDesc
                0x00000000080078be       0x74 ./Middlewares/ST/STM32_USB_Device_Library/Core/Src/usbd_core.o
                0x00000000080078be                USBD_GetEpDesc
 .text.USBD_GetNextDesc
                0x0000000008007932       0x3a ./Middlewares/ST/STM32_USB_Device_Library/Core/Src/usbd_core.o
                0x0000000008007932                USBD_GetNextDesc
 .text.SWAPBYTE
                0x000000000800796c       0x3c ./Middlewares/ST/STM32_USB_Device_Library/Core/Src/usbd_ctlreq.o
 .text.USBD_StdDevReq
                0x00000000080079a8       0xe4 ./Middlewares/ST/STM32_USB_Device_Library/Core/Src/usbd_ctlreq.o
                0x00000000080079a8                USBD_StdDevReq
 .text.USBD_StdItfReq
                0x0000000008007a8c       0xd8 ./Middlewares/ST/STM32_USB_Device_Library/Core/Src/usbd_ctlreq.o
                0x0000000008007a8c                USBD_StdItfReq
 .text.USBD_StdEPReq
                0x0000000008007b64      0x33a ./Middlewares/ST/STM32_USB_Device_Library/Core/Src/usbd_ctlreq.o
                0x0000000008007b64                USBD_StdEPReq
 *fill*         0x0000000008007e9e        0x2 
 .text.USBD_GetDescriptor
                0x0000000008007ea0      0x328 ./Middlewares/ST/STM32_USB_Device_Library/Core/Src/usbd_ctlreq.o
 .text.USBD_SetAddress
                0x00000000080081c8       0x88 ./Middlewares/ST/STM32_USB_Device_Library/Core/Src/usbd_ctlreq.o
 .text.USBD_SetConfig
                0x0000000008008250      0x154 ./Middlewares/ST/STM32_USB_Device_Library/Core/Src/usbd_ctlreq.o
 .text.USBD_GetConfig
                0x00000000080083a4       0x6c ./Middlewares/ST/STM32_USB_Device_Library/Core/Src/usbd_ctlreq.o
 .text.USBD_GetStatus
                0x0000000008008410       0x68 ./Middlewares/ST/STM32_USB_Device_Library/Core/Src/usbd_ctlreq.o
 .text.USBD_SetFeature
                0x0000000008008478       0x52 ./Middlewares/ST/STM32_USB_Device_Library/Core/Src/usbd_ctlreq.o
 .text.USBD_ClrFeature
                0x00000000080084ca       0x44 ./Middlewares/ST/STM32_USB_Device_Library/Core/Src/usbd_ctlreq.o
 .text.USBD_ParseSetupRequest
                0x000000000800850e       0x74 ./Middlewares/ST/STM32_USB_Device_Library/Core/Src/usbd_ctlreq.o
                0x000000000800850e                USBD_ParseSetupRequest
 .text.USBD_CtlError
                0x0000000008008582       0x22 ./Middlewares/ST/STM32_USB_Device_Library/Core/Src/usbd_ctlreq.o
                0x0000000008008582                USBD_CtlError
 .text.USBD_GetString
                0x00000000080085a4       0x8c ./Middlewares/ST/STM32_USB_Device_Library/Core/Src/usbd_ctlreq.o
                0x00000000080085a4                USBD_GetString
 .text.USBD_GetLen
                0x0000000008008630       0x34 ./Middlewares/ST/STM32_USB_Device_Library/Core/Src/usbd_ctlreq.o
 .text.USBD_CtlSendData
                0x0000000008008664       0x36 ./Middlewares/ST/STM32_USB_Device_Library/Core/Src/usbd_ioreq.o
                0x0000000008008664                USBD_CtlSendData
 .text.USBD_CtlContinueSendData
                0x000000000800869a       0x22 ./Middlewares/ST/STM32_USB_Device_Library/Core/Src/usbd_ioreq.o
                0x000000000800869a                USBD_CtlContinueSendData
 .text.USBD_CtlPrepareRx
                0x00000000080086bc       0x3a ./Middlewares/ST/STM32_USB_Device_Library/Core/Src/usbd_ioreq.o
                0x00000000080086bc                USBD_CtlPrepareRx
 .text.USBD_CtlContinueRx
                0x00000000080086f6       0x22 ./Middlewares/ST/STM32_USB_Device_Library/Core/Src/usbd_ioreq.o
                0x00000000080086f6                USBD_CtlContinueRx
 .text.USBD_CtlSendStatus
                0x0000000008008718       0x26 ./Middlewares/ST/STM32_USB_Device_Library/Core/Src/usbd_ioreq.o
                0x0000000008008718                USBD_CtlSendStatus
 .text.USBD_CtlReceiveStatus
                0x000000000800873e       0x26 ./Middlewares/ST/STM32_USB_Device_Library/Core/Src/usbd_ioreq.o
                0x000000000800873e                USBD_CtlReceiveStatus
 .text.SVC_Setup
                0x0000000008008764        0xe ./Middlewares/Third_Party/FreeRTOS/Source/CMSIS_RTOS_V2/cmsis_os2.o
 *fill*         0x0000000008008772        0x2 
 .text.osKernelInitialize
                0x0000000008008774       0x68 ./Middlewares/Third_Party/FreeRTOS/Source/CMSIS_RTOS_V2/cmsis_os2.o
                0x0000000008008774                osKernelInitialize
 .text.osKernelStart
                0x00000000080087dc       0x6c ./Middlewares/Third_Party/FreeRTOS/Source/CMSIS_RTOS_V2/cmsis_os2.o
                0x00000000080087dc                osKernelStart
 .text.osThreadNew
                0x0000000008008848      0x14c ./Middlewares/Third_Party/FreeRTOS/Source/CMSIS_RTOS_V2/cmsis_os2.o
                0x0000000008008848                osThreadNew
 .text.osDelay  0x0000000008008994       0x5c ./Middlewares/Third_Party/FreeRTOS/Source/CMSIS_RTOS_V2/cmsis_os2.o
                0x0000000008008994                osDelay
 .text.vApplicationGetIdleTaskMemory
                0x00000000080089f0       0x34 ./Middlewares/Third_Party/FreeRTOS/Source/CMSIS_RTOS_V2/cmsis_os2.o
                0x00000000080089f0                vApplicationGetIdleTaskMemory
 .text.vApplicationGetTimerTaskMemory
                0x0000000008008a24       0x34 ./Middlewares/Third_Party/FreeRTOS/Source/CMSIS_RTOS_V2/cmsis_os2.o
                0x0000000008008a24                vApplicationGetTimerTaskMemory
 .text.vListInitialise
                0x0000000008008a58       0x40 ./Middlewares/Third_Party/FreeRTOS/Source/list.o
                0x0000000008008a58                vListInitialise
 .text.vListInitialiseItem
                0x0000000008008a98       0x1a ./Middlewares/Third_Party/FreeRTOS/Source/list.o
                0x0000000008008a98                vListInitialiseItem
 .text.vListInsertEnd
                0x0000000008008ab2       0x48 ./Middlewares/Third_Party/FreeRTOS/Source/list.o
                0x0000000008008ab2                vListInsertEnd
 .text.vListInsert
                0x0000000008008afa       0x72 ./Middlewares/Third_Party/FreeRTOS/Source/list.o
                0x0000000008008afa                vListInsert
 .text.uxListRemove
                0x0000000008008b6c       0x54 ./Middlewares/Third_Party/FreeRTOS/Source/list.o
                0x0000000008008b6c                uxListRemove
 .text.xQueueGenericReset
                0x0000000008008bc0       0xd4 ./Middlewares/Third_Party/FreeRTOS/Source/queue.o
                0x0000000008008bc0                xQueueGenericReset
 .text.xQueueGenericCreateStatic
                0x0000000008008c94      0x104 ./Middlewares/Third_Party/FreeRTOS/Source/queue.o
                0x0000000008008c94                xQueueGenericCreateStatic
 .text.prvInitialiseNewQueue
                0x0000000008008d98       0x46 ./Middlewares/Third_Party/FreeRTOS/Source/queue.o
 *fill*         0x0000000008008dde        0x2 
 .text.xQueueGenericSend
                0x0000000008008de0      0x20c ./Middlewares/Third_Party/FreeRTOS/Source/queue.o
                0x0000000008008de0                xQueueGenericSend
 .text.xQueueGenericSendFromISR
                0x0000000008008fec      0x140 ./Middlewares/Third_Party/FreeRTOS/Source/queue.o
                0x0000000008008fec                xQueueGenericSendFromISR
 .text.xQueueReceive
                0x000000000800912c      0x1cc ./Middlewares/Third_Party/FreeRTOS/Source/queue.o
                0x000000000800912c                xQueueReceive
 .text.prvCopyDataToQueue
                0x00000000080092f8       0xd4 ./Middlewares/Third_Party/FreeRTOS/Source/queue.o
 .text.prvCopyDataFromQueue
                0x00000000080093cc       0x4c ./Middlewares/Third_Party/FreeRTOS/Source/queue.o
 .text.prvUnlockQueue
                0x0000000008009418       0xa4 ./Middlewares/Third_Party/FreeRTOS/Source/queue.o
 .text.prvIsQueueEmpty
                0x00000000080094bc       0x2c ./Middlewares/Third_Party/FreeRTOS/Source/queue.o
 .text.prvIsQueueFull
                0x00000000080094e8       0x30 ./Middlewares/Third_Party/FreeRTOS/Source/queue.o
 .text.vQueueAddToRegistry
                0x0000000008009518       0x54 ./Middlewares/Third_Party/FreeRTOS/Source/queue.o
                0x0000000008009518                vQueueAddToRegistry
 .text.vQueueWaitForMessageRestricted
                0x000000000800956c       0x68 ./Middlewares/Third_Party/FreeRTOS/Source/queue.o
                0x000000000800956c                vQueueWaitForMessageRestricted
 .text.xTaskCreateStatic
                0x00000000080095d4       0xc6 ./Middlewares/Third_Party/FreeRTOS/Source/tasks.o
                0x00000000080095d4                xTaskCreateStatic
 .text.xTaskCreate
                0x000000000800969a       0x8a ./Middlewares/Third_Party/FreeRTOS/Source/tasks.o
                0x000000000800969a                xTaskCreate
 .text.prvInitialiseNewTask
                0x0000000008009724      0x150 ./Middlewares/Third_Party/FreeRTOS/Source/tasks.o
 .text.prvAddNewTaskToReadyList
                0x0000000008009874       0xe0 ./Middlewares/Third_Party/FreeRTOS/Source/tasks.o
 .text.vTaskDelay
                0x0000000008009954       0x6c ./Middlewares/Third_Party/FreeRTOS/Source/tasks.o
                0x0000000008009954                vTaskDelay
 .text.vTaskStartScheduler
                0x00000000080099c0       0xe8 ./Middlewares/Third_Party/FreeRTOS/Source/tasks.o
                0x00000000080099c0                vTaskStartScheduler
 .text.vTaskSuspendAll
                0x0000000008009aa8       0x1c ./Middlewares/Third_Party/FreeRTOS/Source/tasks.o
                0x0000000008009aa8                vTaskSuspendAll
 .text.xTaskResumeAll
                0x0000000008009ac4      0x140 ./Middlewares/Third_Party/FreeRTOS/Source/tasks.o
                0x0000000008009ac4                xTaskResumeAll
 .text.xTaskGetTickCount
                0x0000000008009c04       0x20 ./Middlewares/Third_Party/FreeRTOS/Source/tasks.o
                0x0000000008009c04                xTaskGetTickCount
 .text.xTaskIncrementTick
                0x0000000008009c24      0x178 ./Middlewares/Third_Party/FreeRTOS/Source/tasks.o
                0x0000000008009c24                xTaskIncrementTick
 .text.vTaskSwitchContext
                0x0000000008009d9c       0xcc ./Middlewares/Third_Party/FreeRTOS/Source/tasks.o
                0x0000000008009d9c                vTaskSwitchContext
 .text.vTaskPlaceOnEventList
                0x0000000008009e68       0x4c ./Middlewares/Third_Party/FreeRTOS/Source/tasks.o
                0x0000000008009e68                vTaskPlaceOnEventList
 .text.vTaskPlaceOnEventListRestricted
                0x0000000008009eb4       0x5c ./Middlewares/Third_Party/FreeRTOS/Source/tasks.o
                0x0000000008009eb4                vTaskPlaceOnEventListRestricted
 .text.xTaskRemoveFromEventList
                0x0000000008009f10       0xcc ./Middlewares/Third_Party/FreeRTOS/Source/tasks.o
                0x0000000008009f10                xTaskRemoveFromEventList
 .text.vTaskInternalSetTimeOutState
                0x0000000008009fdc       0x2c ./Middlewares/Third_Party/FreeRTOS/Source/tasks.o
                0x0000000008009fdc                vTaskInternalSetTimeOutState
 .text.xTaskCheckForTimeOut
                0x000000000800a008       0xcc ./Middlewares/Third_Party/FreeRTOS/Source/tasks.o
                0x000000000800a008                xTaskCheckForTimeOut
 .text.vTaskMissedYield
                0x000000000800a0d4       0x18 ./Middlewares/Third_Party/FreeRTOS/Source/tasks.o
                0x000000000800a0d4                vTaskMissedYield
 .text.prvIdleTask
                0x000000000800a0ec       0x30 ./Middlewares/Third_Party/FreeRTOS/Source/tasks.o
 .text.prvInitialiseTaskLists
                0x000000000800a11c       0x80 ./Middlewares/Third_Party/FreeRTOS/Source/tasks.o
 .text.prvCheckTasksWaitingTermination
                0x000000000800a19c       0x5c ./Middlewares/Third_Party/FreeRTOS/Source/tasks.o
 .text.prvDeleteTCB
                0x000000000800a1f8       0x6c ./Middlewares/Third_Party/FreeRTOS/Source/tasks.o
 .text.prvResetNextTaskUnblockTime
                0x000000000800a264       0x40 ./Middlewares/Third_Party/FreeRTOS/Source/tasks.o
 .text.xTaskGetSchedulerState
                0x000000000800a2a4       0x3c ./Middlewares/Third_Party/FreeRTOS/Source/tasks.o
                0x000000000800a2a4                xTaskGetSchedulerState
 .text.xTaskPriorityDisinherit
                0x000000000800a2e0       0xe4 ./Middlewares/Third_Party/FreeRTOS/Source/tasks.o
                0x000000000800a2e0                xTaskPriorityDisinherit
 .text.prvAddCurrentTaskToDelayedList
                0x000000000800a3c4       0xa8 ./Middlewares/Third_Party/FreeRTOS/Source/tasks.o
 .text.xTimerCreateTimerTask
                0x000000000800a46c       0x94 ./Middlewares/Third_Party/FreeRTOS/Source/timers.o
                0x000000000800a46c                xTimerCreateTimerTask
 .text.xTimerGenericCommand
                0x000000000800a500       0xa0 ./Middlewares/Third_Party/FreeRTOS/Source/timers.o
                0x000000000800a500                xTimerGenericCommand
 .text.prvProcessExpiredTimer
                0x000000000800a5a0       0x9c ./Middlewares/Third_Party/FreeRTOS/Source/timers.o
 .text.prvTimerTask
                0x000000000800a63c       0x24 ./Middlewares/Third_Party/FreeRTOS/Source/timers.o
 .text.prvProcessTimerOrBlockTask
                0x000000000800a660       0x9c ./Middlewares/Third_Party/FreeRTOS/Source/timers.o
 .text.prvGetNextExpireTime
                0x000000000800a6fc       0x48 ./Middlewares/Third_Party/FreeRTOS/Source/timers.o
 .text.prvSampleTimeNow
                0x000000000800a744       0x40 ./Middlewares/Third_Party/FreeRTOS/Source/timers.o
 .text.prvInsertTimerInActiveList
                0x000000000800a784       0x84 ./Middlewares/Third_Party/FreeRTOS/Source/timers.o
 .text.prvProcessReceivedCommands
                0x000000000800a808      0x1d0 ./Middlewares/Third_Party/FreeRTOS/Source/timers.o
 .text.prvSwitchTimerLists
                0x000000000800a9d8       0xcc ./Middlewares/Third_Party/FreeRTOS/Source/timers.o
 .text.prvCheckForValidListAndQueue
                0x000000000800aaa4       0x80 ./Middlewares/Third_Party/FreeRTOS/Source/timers.o
 .text.pxPortInitialiseStack
                0x000000000800ab24       0x68 ./Middlewares/Third_Party/FreeRTOS/Source/portable/GCC/ARM_CM7/r0p1/port.o
                0x000000000800ab24                pxPortInitialiseStack
 .text.prvTaskExitError
                0x000000000800ab8c       0x60 ./Middlewares/Third_Party/FreeRTOS/Source/portable/GCC/ARM_CM7/r0p1/port.o
 *fill*         0x000000000800abec        0x4 
 .text.SVC_Handler
                0x000000000800abf0       0x28 ./Middlewares/Third_Party/FreeRTOS/Source/portable/GCC/ARM_CM7/r0p1/port.o
                0x000000000800abf0                SVC_Handler
 .text.prvPortStartFirstTask
                0x000000000800ac18       0x28 ./Middlewares/Third_Party/FreeRTOS/Source/portable/GCC/ARM_CM7/r0p1/port.o
 .text.xPortStartScheduler
                0x000000000800ac40       0xfc ./Middlewares/Third_Party/FreeRTOS/Source/portable/GCC/ARM_CM7/r0p1/port.o
                0x000000000800ac40                xPortStartScheduler
 .text.vPortEnterCritical
                0x000000000800ad3c       0x68 ./Middlewares/Third_Party/FreeRTOS/Source/portable/GCC/ARM_CM7/r0p1/port.o
                0x000000000800ad3c                vPortEnterCritical
 .text.vPortExitCritical
                0x000000000800ada4       0x58 ./Middlewares/Third_Party/FreeRTOS/Source/portable/GCC/ARM_CM7/r0p1/port.o
                0x000000000800ada4                vPortExitCritical
 *fill*         0x000000000800adfc        0x4 
 .text.PendSV_Handler
                0x000000000800ae00       0x68 ./Middlewares/Third_Party/FreeRTOS/Source/portable/GCC/ARM_CM7/r0p1/port.o
                0x000000000800ae00                PendSV_Handler
 .text.SysTick_Handler
                0x000000000800ae68       0x48 ./Middlewares/Third_Party/FreeRTOS/Source/portable/GCC/ARM_CM7/r0p1/port.o
                0x000000000800ae68                SysTick_Handler
 .text.vPortSetupTimerInterrupt
                0x000000000800aeb0       0x48 ./Middlewares/Third_Party/FreeRTOS/Source/portable/GCC/ARM_CM7/r0p1/port.o
                0x000000000800aeb0                vPortSetupTimerInterrupt
 .text.vPortEnableVFP
                0x000000000800aef8       0x14 ./Middlewares/Third_Party/FreeRTOS/Source/portable/GCC/ARM_CM7/r0p1/port.o
 .text.vPortValidateInterruptPriority
                0x000000000800af0c       0x88 ./Middlewares/Third_Party/FreeRTOS/Source/portable/GCC/ARM_CM7/r0p1/port.o
                0x000000000800af0c                vPortValidateInterruptPriority
 .text.pvPortMalloc
                0x000000000800af94      0x194 ./Middlewares/Third_Party/FreeRTOS/Source/portable/MemMang/heap_4.o
                0x000000000800af94                pvPortMalloc
 .text.vPortFree
                0x000000000800b128       0xbc ./Middlewares/Third_Party/FreeRTOS/Source/portable/MemMang/heap_4.o
                0x000000000800b128                vPortFree
 .text.prvHeapInit
                0x000000000800b1e4       0xc4 ./Middlewares/Third_Party/FreeRTOS/Source/portable/MemMang/heap_4.o
 .text.prvInsertBlockIntoFreeList
                0x000000000800b2a8       0xb4 ./Middlewares/Third_Party/FreeRTOS/Source/portable/MemMang/heap_4.o
 .text.MX_USB_DEVICE_Init
                0x000000000800b35c       0x60 ./USB_DEVICE/App/usb_device.o
                0x000000000800b35c                MX_USB_DEVICE_Init
 .text.CDC_Init_FS
                0x000000000800b3bc       0x28 ./USB_DEVICE/App/usbd_cdc_if.o
 .text.CDC_DeInit_FS
                0x000000000800b3e4       0x10 ./USB_DEVICE/App/usbd_cdc_if.o
 .text.CDC_Control_FS
                0x000000000800b3f4       0xbc ./USB_DEVICE/App/usbd_cdc_if.o
 .text.CDC_Receive_FS
                0x000000000800b4b0       0x40 ./USB_DEVICE/App/usbd_cdc_if.o
 .text.CDC_TransmitCplt_FS
                0x000000000800b4f0       0x22 ./USB_DEVICE/App/usbd_cdc_if.o
 *fill*         0x000000000800b512        0x2 
 .text.USBD_FS_DeviceDescriptor
                0x000000000800b514       0x24 ./USB_DEVICE/App/usbd_desc.o
                0x000000000800b514                USBD_FS_DeviceDescriptor
 .text.USBD_FS_LangIDStrDescriptor
                0x000000000800b538       0x24 ./USB_DEVICE/App/usbd_desc.o
                0x000000000800b538                USBD_FS_LangIDStrDescriptor
 .text.USBD_FS_ProductStrDescriptor
                0x000000000800b55c       0x3c ./USB_DEVICE/App/usbd_desc.o
                0x000000000800b55c                USBD_FS_ProductStrDescriptor
 .text.USBD_FS_ManufacturerStrDescriptor
                0x000000000800b598       0x28 ./USB_DEVICE/App/usbd_desc.o
                0x000000000800b598                USBD_FS_ManufacturerStrDescriptor
 .text.USBD_FS_SerialStrDescriptor
                0x000000000800b5c0       0x24 ./USB_DEVICE/App/usbd_desc.o
                0x000000000800b5c0                USBD_FS_SerialStrDescriptor
 .text.USBD_FS_ConfigStrDescriptor
                0x000000000800b5e4       0x3c ./USB_DEVICE/App/usbd_desc.o
                0x000000000800b5e4                USBD_FS_ConfigStrDescriptor
 .text.USBD_FS_InterfaceStrDescriptor
                0x000000000800b620       0x3c ./USB_DEVICE/App/usbd_desc.o
                0x000000000800b620                USBD_FS_InterfaceStrDescriptor
 .text.USBD_FS_USR_BOSDescriptor
                0x000000000800b65c       0x24 ./USB_DEVICE/App/usbd_desc.o
                0x000000000800b65c                USBD_FS_USR_BOSDescriptor
 .text.Get_SerialNum
                0x000000000800b680       0x58 ./USB_DEVICE/App/usbd_desc.o
 .text.IntToUnicode
                0x000000000800b6d8       0x7e ./USB_DEVICE/App/usbd_desc.o
 *fill*         0x000000000800b756        0x2 
 .text.HAL_PCD_MspInit
                0x000000000800b758      0x104 ./USB_DEVICE/Target/usbd_conf.o
                0x000000000800b758                HAL_PCD_MspInit
 .text.HAL_PCD_SetupStageCallback
                0x000000000800b85c       0x24 ./USB_DEVICE/Target/usbd_conf.o
                0x000000000800b85c                HAL_PCD_SetupStageCallback
 .text.HAL_PCD_DataOutStageCallback
                0x000000000800b880       0x36 ./USB_DEVICE/Target/usbd_conf.o
                0x000000000800b880                HAL_PCD_DataOutStageCallback
 .text.HAL_PCD_DataInStageCallback
                0x000000000800b8b6       0x34 ./USB_DEVICE/Target/usbd_conf.o
                0x000000000800b8b6                HAL_PCD_DataInStageCallback
 .text.HAL_PCD_SOFCallback
                0x000000000800b8ea       0x1c ./USB_DEVICE/Target/usbd_conf.o
                0x000000000800b8ea                HAL_PCD_SOFCallback
 .text.HAL_PCD_ResetCallback
                0x000000000800b906       0x50 ./USB_DEVICE/Target/usbd_conf.o
                0x000000000800b906                HAL_PCD_ResetCallback
 *fill*         0x000000000800b956        0x2 
 .text.HAL_PCD_SuspendCallback
                0x000000000800b958       0x4c ./USB_DEVICE/Target/usbd_conf.o
                0x000000000800b958                HAL_PCD_SuspendCallback
 .text.HAL_PCD_ResumeCallback
                0x000000000800b9a4       0x1c ./USB_DEVICE/Target/usbd_conf.o
                0x000000000800b9a4                HAL_PCD_ResumeCallback
 .text.HAL_PCD_ISOOUTIncompleteCallback
                0x000000000800b9c0       0x24 ./USB_DEVICE/Target/usbd_conf.o
                0x000000000800b9c0                HAL_PCD_ISOOUTIncompleteCallback
 .text.HAL_PCD_ISOINIncompleteCallback
                0x000000000800b9e4       0x24 ./USB_DEVICE/Target/usbd_conf.o
                0x000000000800b9e4                HAL_PCD_ISOINIncompleteCallback
 .text.HAL_PCD_ConnectCallback
                0x000000000800ba08       0x1c ./USB_DEVICE/Target/usbd_conf.o
                0x000000000800ba08                HAL_PCD_ConnectCallback
 .text.HAL_PCD_DisconnectCallback
                0x000000000800ba24       0x1c ./USB_DEVICE/Target/usbd_conf.o
                0x000000000800ba24                HAL_PCD_DisconnectCallback
 .text.USBD_LL_Init
                0x000000000800ba40       0x98 ./USB_DEVICE/Target/usbd_conf.o
                0x000000000800ba40                USBD_LL_Init
 .text.USBD_LL_Start
                0x000000000800bad8       0x36 ./USB_DEVICE/Target/usbd_conf.o
                0x000000000800bad8                USBD_LL_Start
 .text.USBD_LL_OpenEP
                0x000000000800bb0e       0x4c ./USB_DEVICE/Target/usbd_conf.o
                0x000000000800bb0e                USBD_LL_OpenEP
 .text.USBD_LL_CloseEP
                0x000000000800bb5a       0x3e ./USB_DEVICE/Target/usbd_conf.o
                0x000000000800bb5a                USBD_LL_CloseEP
 .text.USBD_LL_StallEP
                0x000000000800bb98       0x3e ./USB_DEVICE/Target/usbd_conf.o
                0x000000000800bb98                USBD_LL_StallEP
 .text.USBD_LL_ClearStallEP
                0x000000000800bbd6       0x3e ./USB_DEVICE/Target/usbd_conf.o
                0x000000000800bbd6                USBD_LL_ClearStallEP
 .text.USBD_LL_IsStallEP
                0x000000000800bc14       0x58 ./USB_DEVICE/Target/usbd_conf.o
                0x000000000800bc14                USBD_LL_IsStallEP
 .text.USBD_LL_SetUSBAddress
                0x000000000800bc6c       0x3e ./USB_DEVICE/Target/usbd_conf.o
                0x000000000800bc6c                USBD_LL_SetUSBAddress
 .text.USBD_LL_Transmit
                0x000000000800bcaa       0x42 ./USB_DEVICE/Target/usbd_conf.o
                0x000000000800bcaa                USBD_LL_Transmit
 .text.USBD_LL_PrepareReceive
                0x000000000800bcec       0x42 ./USB_DEVICE/Target/usbd_conf.o
                0x000000000800bcec                USBD_LL_PrepareReceive
 .text.USBD_LL_GetRxDataSize
                0x000000000800bd2e       0x26 ./USB_DEVICE/Target/usbd_conf.o
                0x000000000800bd2e                USBD_LL_GetRxDataSize
 .text.HAL_PCDEx_LPM_Callback
                0x000000000800bd54       0x9c ./USB_DEVICE/Target/usbd_conf.o
                0x000000000800bd54                HAL_PCDEx_LPM_Callback
 .text.SystemClockConfig_Resume
                0x000000000800bdf0        0xc ./USB_DEVICE/Target/usbd_conf.o
 .text.USBD_Get_USB_Status
                0x000000000800bdfc       0x58 ./USB_DEVICE/Target/usbd_conf.o
                0x000000000800bdfc                USBD_Get_USB_Status
 .text.malloc   0x000000000800be54       0x10 D:/STM32CubeIDE/STM32CubeIDE/plugins/com.st.stm32cube.ide.mcu.externaltools.gnu-tools-for-stm32.11.3.rel1.win32_1.1.100.202309141235/tools/bin/../lib/gcc/arm-none-eabi/11.3.1/../../../../arm-none-eabi/lib/thumb/v7e-m+fp/hard\libc_nano.a(libc_a-malloc.o)
                0x000000000800be54                malloc
 .text.free     0x000000000800be64       0x10 D:/STM32CubeIDE/STM32CubeIDE/plugins/com.st.stm32cube.ide.mcu.externaltools.gnu-tools-for-stm32.11.3.rel1.win32_1.1.100.202309141235/tools/bin/../lib/gcc/arm-none-eabi/11.3.1/../../../../arm-none-eabi/lib/thumb/v7e-m+fp/hard\libc_nano.a(libc_a-malloc.o)
                0x000000000800be64                free
 .text.sbrk_aligned
                0x000000000800be74       0x40 D:/STM32CubeIDE/STM32CubeIDE/plugins/com.st.stm32cube.ide.mcu.externaltools.gnu-tools-for-stm32.11.3.rel1.win32_1.1.100.202309141235/tools/bin/../lib/gcc/arm-none-eabi/11.3.1/../../../../arm-none-eabi/lib/thumb/v7e-m+fp/hard\libc_nano.a(libc_a-mallocr.o)
 .text._malloc_r
                0x000000000800beb4      0x100 D:/STM32CubeIDE/STM32CubeIDE/plugins/com.st.stm32cube.ide.mcu.externaltools.gnu-tools-for-stm32.11.3.rel1.win32_1.1.100.202309141235/tools/bin/../lib/gcc/arm-none-eabi/11.3.1/../../../../arm-none-eabi/lib/thumb/v7e-m+fp/hard\libc_nano.a(libc_a-mallocr.o)
                0x000000000800beb4                _malloc_r
 .text.__malloc_lock
                0x000000000800bfb4        0xc D:/STM32CubeIDE/STM32CubeIDE/plugins/com.st.stm32cube.ide.mcu.externaltools.gnu-tools-for-stm32.11.3.rel1.win32_1.1.100.202309141235/tools/bin/../lib/gcc/arm-none-eabi/11.3.1/../../../../arm-none-eabi/lib/thumb/v7e-m+fp/hard\libc_nano.a(libc_a-mlock.o)
                0x000000000800bfb4                __malloc_lock
 .text.__malloc_unlock
                0x000000000800bfc0        0xc D:/STM32CubeIDE/STM32CubeIDE/plugins/com.st.stm32cube.ide.mcu.externaltools.gnu-tools-for-stm32.11.3.rel1.win32_1.1.100.202309141235/tools/bin/../lib/gcc/arm-none-eabi/11.3.1/../../../../arm-none-eabi/lib/thumb/v7e-m+fp/hard\libc_nano.a(libc_a-mlock.o)
                0x000000000800bfc0                __malloc_unlock
 .text.memset   0x000000000800bfcc       0x10 D:/STM32CubeIDE/STM32CubeIDE/plugins/com.st.stm32cube.ide.mcu.externaltools.gnu-tools-for-stm32.11.3.rel1.win32_1.1.100.202309141235/tools/bin/../lib/gcc/arm-none-eabi/11.3.1/../../../../arm-none-eabi/lib/thumb/v7e-m+fp/hard\libc_nano.a(libc_a-memset.o)
                0x000000000800bfcc                memset
 .text._reclaim_reent
                0x000000000800bfdc       0xac D:/STM32CubeIDE/STM32CubeIDE/plugins/com.st.stm32cube.ide.mcu.externaltools.gnu-tools-for-stm32.11.3.rel1.win32_1.1.100.202309141235/tools/bin/../lib/gcc/arm-none-eabi/11.3.1/../../../../arm-none-eabi/lib/thumb/v7e-m+fp/hard\libc_nano.a(libc_a-reent.o)
                0x000000000800bfdc                _reclaim_reent
 .text._sbrk_r  0x000000000800c088       0x20 D:/STM32CubeIDE/STM32CubeIDE/plugins/com.st.stm32cube.ide.mcu.externaltools.gnu-tools-for-stm32.11.3.rel1.win32_1.1.100.202309141235/tools/bin/../lib/gcc/arm-none-eabi/11.3.1/../../../../arm-none-eabi/lib/thumb/v7e-m+fp/hard\libc_nano.a(libc_a-sbrkr.o)
                0x000000000800c088                _sbrk_r
 .text.__errno  0x000000000800c0a8        0xc D:/STM32CubeIDE/STM32CubeIDE/plugins/com.st.stm32cube.ide.mcu.externaltools.gnu-tools-for-stm32.11.3.rel1.win32_1.1.100.202309141235/tools/bin/../lib/gcc/arm-none-eabi/11.3.1/../../../../arm-none-eabi/lib/thumb/v7e-m+fp/hard\libc_nano.a(libc_a-errno.o)
                0x000000000800c0a8                __errno
 .text.__libc_init_array
                0x000000000800c0b4       0x48 D:/STM32CubeIDE/STM32CubeIDE/plugins/com.st.stm32cube.ide.mcu.externaltools.gnu-tools-for-stm32.11.3.rel1.win32_1.1.100.202309141235/tools/bin/../lib/gcc/arm-none-eabi/11.3.1/../../../../arm-none-eabi/lib/thumb/v7e-m+fp/hard\libc_nano.a(libc_a-init.o)
                0x000000000800c0b4                __libc_init_array
 .text.__retarget_lock_acquire_recursive
                0x000000000800c0fc        0x2 D:/STM32CubeIDE/STM32CubeIDE/plugins/com.st.stm32cube.ide.mcu.externaltools.gnu-tools-for-stm32.11.3.rel1.win32_1.1.100.202309141235/tools/bin/../lib/gcc/arm-none-eabi/11.3.1/../../../../arm-none-eabi/lib/thumb/v7e-m+fp/hard\libc_nano.a(libc_a-lock.o)
                0x000000000800c0fc                __retarget_lock_acquire_recursive
 .text.__retarget_lock_release_recursive
                0x000000000800c0fe        0x2 D:/STM32CubeIDE/STM32CubeIDE/plugins/com.st.stm32cube.ide.mcu.externaltools.gnu-tools-for-stm32.11.3.rel1.win32_1.1.100.202309141235/tools/bin/../lib/gcc/arm-none-eabi/11.3.1/../../../../arm-none-eabi/lib/thumb/v7e-m+fp/hard\libc_nano.a(libc_a-lock.o)
                0x000000000800c0fe                __retarget_lock_release_recursive
 .text.memcpy   0x000000000800c100       0x1c D:/STM32CubeIDE/STM32CubeIDE/plugins/com.st.stm32cube.ide.mcu.externaltools.gnu-tools-for-stm32.11.3.rel1.win32_1.1.100.202309141235/tools/bin/../lib/gcc/arm-none-eabi/11.3.1/../../../../arm-none-eabi/lib/thumb/v7e-m+fp/hard\libc_nano.a(libc_a-memcpy-stub.o)
                0x000000000800c100                memcpy
 .text._free_r  0x000000000800c11c       0x98 D:/STM32CubeIDE/STM32CubeIDE/plugins/com.st.stm32cube.ide.mcu.externaltools.gnu-tools-for-stm32.11.3.rel1.win32_1.1.100.202309141235/tools/bin/../lib/gcc/arm-none-eabi/11.3.1/../../../../arm-none-eabi/lib/thumb/v7e-m+fp/hard\libc_nano.a(libc_a-freer.o)
                0x000000000800c11c                _free_r
 *(.glue_7)
 .glue_7        0x000000000800c1b4        0x0 linker stubs
 *(.glue_7t)
 .glue_7t       0x000000000800c1b4        0x0 linker stubs
 *(.eh_frame)
 .eh_frame      0x000000000800c1b4        0x0 D:/STM32CubeIDE/STM32CubeIDE/plugins/com.st.stm32cube.ide.mcu.externaltools.gnu-tools-for-stm32.11.3.rel1.win32_1.1.100.202309141235/tools/bin/../lib/gcc/arm-none-eabi/11.3.1/thumb/v7e-m+fp/hard/crtbegin.o
 *(.init)
 .init          0x000000000800c1b4        0x4 D:/STM32CubeIDE/STM32CubeIDE/plugins/com.st.stm32cube.ide.mcu.externaltools.gnu-tools-for-stm32.11.3.rel1.win32_1.1.100.202309141235/tools/bin/../lib/gcc/arm-none-eabi/11.3.1/thumb/v7e-m+fp/hard/crti.o
                0x000000000800c1b4                _init
 .init          0x000000000800c1b8        0x8 D:/STM32CubeIDE/STM32CubeIDE/plugins/com.st.stm32cube.ide.mcu.externaltools.gnu-tools-for-stm32.11.3.rel1.win32_1.1.100.202309141235/tools/bin/../lib/gcc/arm-none-eabi/11.3.1/thumb/v7e-m+fp/hard/crtn.o
 *(.fini)
 .fini          0x000000000800c1c0        0x4 D:/STM32CubeIDE/STM32CubeIDE/plugins/com.st.stm32cube.ide.mcu.externaltools.gnu-tools-for-stm32.11.3.rel1.win32_1.1.100.202309141235/tools/bin/../lib/gcc/arm-none-eabi/11.3.1/thumb/v7e-m+fp/hard/crti.o
                0x000000000800c1c0                _fini
 .fini          0x000000000800c1c4        0x8 D:/STM32CubeIDE/STM32CubeIDE/plugins/com.st.stm32cube.ide.mcu.externaltools.gnu-tools-for-stm32.11.3.rel1.win32_1.1.100.202309141235/tools/bin/../lib/gcc/arm-none-eabi/11.3.1/thumb/v7e-m+fp/hard/crtn.o
                0x000000000800c1cc                . = ALIGN (0x4)
                0x000000000800c1cc                _etext = .

.vfp11_veneer   0x000000000800c1cc        0x0
 .vfp11_veneer  0x000000000800c1cc        0x0 linker stubs

.v4_bx          0x000000000800c1cc        0x0
 .v4_bx         0x000000000800c1cc        0x0 linker stubs

.iplt           0x000000000800c1cc        0x0
 .iplt          0x000000000800c1cc        0x0 D:/STM32CubeIDE/STM32CubeIDE/plugins/com.st.stm32cube.ide.mcu.externaltools.gnu-tools-for-stm32.11.3.rel1.win32_1.1.100.202309141235/tools/bin/../lib/gcc/arm-none-eabi/11.3.1/thumb/v7e-m+fp/hard/crtbegin.o

.rodata         0x000000000800c1cc       0xac
                0x000000000800c1cc                . = ALIGN (0x4)
 *(.rodata)
 .rodata        0x000000000800c1cc        0x6 ./Core/Src/lab.o
 *fill*         0x000000000800c1d2        0x2 
 .rodata        0x000000000800c1d4        0xc ./Core/Src/main.o
 .rodata        0x000000000800c1e0        0x5 ./Middlewares/Third_Party/FreeRTOS/Source/tasks.o
 *fill*         0x000000000800c1e5        0x3 
 .rodata        0x000000000800c1e8        0xd ./Middlewares/Third_Party/FreeRTOS/Source/timers.o
 *fill*         0x000000000800c1f5        0x3 
 .rodata        0x000000000800c1f8       0x42 ./USB_DEVICE/App/usbd_desc.o
 *(.rodata*)
 *fill*         0x000000000800c23a        0x2 
 .rodata.defaultTask_attributes
                0x000000000800c23c       0x24 ./Core/Src/main.o
                0x000000000800c23c                defaultTask_attributes
 .rodata.AHBPrescTable
                0x000000000800c260       0x10 ./Core/Src/system_stm32f7xx.o
                0x000000000800c260                AHBPrescTable
 .rodata.APBPrescTable
                0x000000000800c270        0x8 ./Core/Src/system_stm32f7xx.o
                0x000000000800c270                APBPrescTable
                0x000000000800c278                . = ALIGN (0x4)

.ARM.extab      0x000000000800c278        0x0
                0x000000000800c278                . = ALIGN (0x4)
 *(.ARM.extab* .gnu.linkonce.armextab.*)
                0x000000000800c278                . = ALIGN (0x4)

.ARM            0x000000000800c278        0x8
                0x000000000800c278                . = ALIGN (0x4)
                0x000000000800c278                __exidx_start = .
 *(.ARM.exidx*)
 .ARM.exidx     0x000000000800c278        0x8 D:/STM32CubeIDE/STM32CubeIDE/plugins/com.st.stm32cube.ide.mcu.externaltools.gnu-tools-for-stm32.11.3.rel1.win32_1.1.100.202309141235/tools/bin/../lib/gcc/arm-none-eabi/11.3.1/thumb/v7e-m+fp/hard\libgcc.a(_udivmoddi4.o)
                0x000000000800c280                __exidx_end = .
                0x000000000800c280                . = ALIGN (0x4)

.rel.dyn        0x000000000800c280        0x0
 .rel.iplt      0x000000000800c280        0x0 D:/STM32CubeIDE/STM32CubeIDE/plugins/com.st.stm32cube.ide.mcu.externaltools.gnu-tools-for-stm32.11.3.rel1.win32_1.1.100.202309141235/tools/bin/../lib/gcc/arm-none-eabi/11.3.1/thumb/v7e-m+fp/hard/crtbegin.o

.preinit_array  0x000000000800c280        0x0
                0x000000000800c280                . = ALIGN (0x4)
                0x000000000800c280                PROVIDE (__preinit_array_start = .)
 *(.preinit_array*)
                0x000000000800c280                PROVIDE (__preinit_array_end = .)
                0x000000000800c280                . = ALIGN (0x4)

.init_array     0x000000000800c280        0x4
                0x000000000800c280                . = ALIGN (0x4)
                0x000000000800c280                PROVIDE (__init_array_start = .)
 *(SORT_BY_NAME(.init_array.*))
 *(.init_array*)
 .init_array    0x000000000800c280        0x4 D:/STM32CubeIDE/STM32CubeIDE/plugins/com.st.stm32cube.ide.mcu.externaltools.gnu-tools-for-stm32.11.3.rel1.win32_1.1.100.202309141235/tools/bin/../lib/gcc/arm-none-eabi/11.3.1/thumb/v7e-m+fp/hard/crtbegin.o
                0x000000000800c284                PROVIDE (__init_array_end = .)
                0x000000000800c284                . = ALIGN (0x4)

.fini_array     0x000000000800c284        0x4
                0x000000000800c284                . = ALIGN (0x4)
                [!provide]                        PROVIDE (__fini_array_start = .)
 *(SORT_BY_NAME(.fini_array.*))
 *(.fini_array*)
 .fini_array    0x000000000800c284        0x4 D:/STM32CubeIDE/STM32CubeIDE/plugins/com.st.stm32cube.ide.mcu.externaltools.gnu-tools-for-stm32.11.3.rel1.win32_1.1.100.202309141235/tools/bin/../lib/gcc/arm-none-eabi/11.3.1/thumb/v7e-m+fp/hard/crtbegin.o
                [!provide]                        PROVIDE (__fini_array_end = .)
                0x000000000800c288                . = ALIGN (0x4)
                0x000000000800c288                _sidata = LOADADDR (.data)

.data           0x0000000020000000      0x160 load address 0x000000000800c288
                0x0000000020000000                . = ALIGN (0x4)
                0x0000000020000000                _sdata = .
 *(.data)
 *(.data*)
 .data.SystemCoreClock
                0x0000000020000000        0x4 ./Core/Src/system_stm32f7xx.o
                0x0000000020000000                SystemCoreClock
 .data.uwTickPrio
                0x0000000020000004        0x4 ./Drivers/STM32F7xx_HAL_Driver/Src/stm32f7xx_hal.o
                0x0000000020000004                uwTickPrio
 .data.uwTickFreq
                0x0000000020000008        0x1 ./Drivers/STM32F7xx_HAL_Driver/Src/stm32f7xx_hal.o
                0x0000000020000008                uwTickFreq
 *fill*         0x0000000020000009        0x3 
 .data.USBD_CDC_DeviceQualifierDesc
                0x000000002000000c        0xa ./Middlewares/ST/STM32_USB_Device_Library/Class/CDC/Src/usbd_cdc.o
 *fill*         0x0000000020000016        0x2 
 .data.USBD_CDC
                0x0000000020000018       0x38 ./Middlewares/ST/STM32_USB_Device_Library/Class/CDC/Src/usbd_cdc.o
                0x0000000020000018                USBD_CDC
 .data.USBD_CDC_CfgDesc
                0x0000000020000050       0x43 ./Middlewares/ST/STM32_USB_Device_Library/Class/CDC/Src/usbd_cdc.o
 .data.CDCInEpAdd
                0x0000000020000093        0x1 ./Middlewares/ST/STM32_USB_Device_Library/Class/CDC/Src/usbd_cdc.o
 .data.CDCOutEpAdd
                0x0000000020000094        0x1 ./Middlewares/ST/STM32_USB_Device_Library/Class/CDC/Src/usbd_cdc.o
 .data.CDCCmdEpAdd
                0x0000000020000095        0x1 ./Middlewares/ST/STM32_USB_Device_Library/Class/CDC/Src/usbd_cdc.o
 *fill*         0x0000000020000096        0x2 
 .data.uxCriticalNesting
                0x0000000020000098        0x4 ./Middlewares/Third_Party/FreeRTOS/Source/portable/GCC/ARM_CM7/r0p1/port.o
 .data.USBD_Interface_fops_FS
                0x000000002000009c       0x14 ./USB_DEVICE/App/usbd_cdc_if.o
                0x000000002000009c                USBD_Interface_fops_FS
 .data.FS_Desc  0x00000000200000b0       0x20 ./USB_DEVICE/App/usbd_desc.o
                0x00000000200000b0                FS_Desc
 .data.USBD_FS_DeviceDesc
                0x00000000200000d0       0x12 ./USB_DEVICE/App/usbd_desc.o
                0x00000000200000d0                USBD_FS_DeviceDesc
 *fill*         0x00000000200000e2        0x2 
 .data.USBD_FS_BOSDesc
                0x00000000200000e4        0xc ./USB_DEVICE/App/usbd_desc.o
                0x00000000200000e4                USBD_FS_BOSDesc
 .data.USBD_LangIDDesc
                0x00000000200000f0        0x4 ./USB_DEVICE/App/usbd_desc.o
                0x00000000200000f0                USBD_LangIDDesc
 .data.USBD_StringSerial
                0x00000000200000f4       0x1a ./USB_DEVICE/App/usbd_desc.o
                0x00000000200000f4                USBD_StringSerial
 *fill*         0x000000002000010e        0x2 
 .data._impure_data
                0x0000000020000110       0x4c D:/STM32CubeIDE/STM32CubeIDE/plugins/com.st.stm32cube.ide.mcu.externaltools.gnu-tools-for-stm32.11.3.rel1.win32_1.1.100.202309141235/tools/bin/../lib/gcc/arm-none-eabi/11.3.1/../../../../arm-none-eabi/lib/thumb/v7e-m+fp/hard\libc_nano.a(libc_a-impure.o)
                0x0000000020000110                _impure_data
 .data._impure_ptr
                0x000000002000015c        0x4 D:/STM32CubeIDE/STM32CubeIDE/plugins/com.st.stm32cube.ide.mcu.externaltools.gnu-tools-for-stm32.11.3.rel1.win32_1.1.100.202309141235/tools/bin/../lib/gcc/arm-none-eabi/11.3.1/../../../../arm-none-eabi/lib/thumb/v7e-m+fp/hard\libc_nano.a(libc_a-impure.o)
                0x000000002000015c                _impure_ptr
 *(.RamFunc)
 *(.RamFunc*)
                0x0000000020000160                . = ALIGN (0x4)
                0x0000000020000160                _edata = .

.igot.plt       0x0000000020000160        0x0 load address 0x000000000800c3e8
 .igot.plt      0x0000000020000160        0x0 D:/STM32CubeIDE/STM32CubeIDE/plugins/com.st.stm32cube.ide.mcu.externaltools.gnu-tools-for-stm32.11.3.rel1.win32_1.1.100.202309141235/tools/bin/../lib/gcc/arm-none-eabi/11.3.1/thumb/v7e-m+fp/hard/crtbegin.o

.RxDecripSection
                0x0000000020000160       0xa0 load address 0x000000000800c3e8
 .RxDecripSection
                0x0000000020000160       0xa0 ./Core/Src/main.o
                0x0000000020000160                DMARxDscrTab

.TxDecripSection
                0x0000000020000200       0xa0 load address 0x000000000800c488
 .TxDecripSection
                0x0000000020000200       0xa0 ./Core/Src/main.o
                0x0000000020000200                DMATxDscrTab
                0x00000000200002a0                . = ALIGN (0x4)

.bss            0x00000000200002a0     0x6700 load address 0x000000000800c528
                0x00000000200002a0                _sbss = .
                0x00000000200002a0                __bss_start__ = _sbss
 *(.bss)
 .bss           0x00000000200002a0       0x1c D:/STM32CubeIDE/STM32CubeIDE/plugins/com.st.stm32cube.ide.mcu.externaltools.gnu-tools-for-stm32.11.3.rel1.win32_1.1.100.202309141235/tools/bin/../lib/gcc/arm-none-eabi/11.3.1/thumb/v7e-m+fp/hard/crtbegin.o
 *(.bss*)
 .bss.xHandle   0x00000000200002bc        0x4 ./Core/Src/lab.o
                0x00000000200002bc                xHandle
 .bss.TxConfig  0x00000000200002c0       0x38 ./Core/Src/main.o
                0x00000000200002c0                TxConfig
 .bss.heth      0x00000000200002f8       0xb0 ./Core/Src/main.o
                0x00000000200002f8                heth
 .bss.huart3    0x00000000200003a8       0x88 ./Core/Src/main.o
                0x00000000200003a8                huart3
 .bss.defaultTaskHandle
                0x0000000020000430        0x4 ./Core/Src/main.o
                0x0000000020000430                defaultTaskHandle
 .bss.MACAddr.0
                0x0000000020000434        0x6 ./Core/Src/main.o
 *fill*         0x000000002000043a        0x2 
 .bss.htim1     0x000000002000043c       0x4c ./Core/Src/stm32f7xx_hal_timebase_tim.o
                0x000000002000043c                htim1
 .bss.__sbrk_heap_end
                0x0000000020000488        0x4 ./Core/Src/sysmem.o
 .bss.uwTick    0x000000002000048c        0x4 ./Drivers/STM32F7xx_HAL_Driver/Src/stm32f7xx_hal.o
                0x000000002000048c                uwTick
 .bss.cfgidx.0  0x0000000020000490        0x1 ./Middlewares/ST/STM32_USB_Device_Library/Core/Src/usbd_ctlreq.o
 *fill*         0x0000000020000491        0x3 
 .bss.KernelState
                0x0000000020000494        0x4 ./Middlewares/Third_Party/FreeRTOS/Source/CMSIS_RTOS_V2/cmsis_os2.o
 .bss.Idle_TCB  0x0000000020000498       0xa8 ./Middlewares/Third_Party/FreeRTOS/Source/CMSIS_RTOS_V2/cmsis_os2.o
 .bss.Idle_Stack
                0x0000000020000540      0x200 ./Middlewares/Third_Party/FreeRTOS/Source/CMSIS_RTOS_V2/cmsis_os2.o
 .bss.Timer_TCB
                0x0000000020000740       0xa8 ./Middlewares/Third_Party/FreeRTOS/Source/CMSIS_RTOS_V2/cmsis_os2.o
 .bss.Timer_Stack
                0x00000000200007e8      0x400 ./Middlewares/Third_Party/FreeRTOS/Source/CMSIS_RTOS_V2/cmsis_os2.o
 .bss.xQueueRegistry
                0x0000000020000be8       0x40 ./Middlewares/Third_Party/FreeRTOS/Source/queue.o
                0x0000000020000be8                xQueueRegistry
 .bss.pxCurrentTCB
                0x0000000020000c28        0x4 ./Middlewares/Third_Party/FreeRTOS/Source/tasks.o
                0x0000000020000c28                pxCurrentTCB
 .bss.pxReadyTasksLists
                0x0000000020000c2c      0x460 ./Middlewares/Third_Party/FreeRTOS/Source/tasks.o
 .bss.xDelayedTaskList1
                0x000000002000108c       0x14 ./Middlewares/Third_Party/FreeRTOS/Source/tasks.o
 .bss.xDelayedTaskList2
                0x00000000200010a0       0x14 ./Middlewares/Third_Party/FreeRTOS/Source/tasks.o
 .bss.pxDelayedTaskList
                0x00000000200010b4        0x4 ./Middlewares/Third_Party/FreeRTOS/Source/tasks.o
 .bss.pxOverflowDelayedTaskList
                0x00000000200010b8        0x4 ./Middlewares/Third_Party/FreeRTOS/Source/tasks.o
 .bss.xPendingReadyList
                0x00000000200010bc       0x14 ./Middlewares/Third_Party/FreeRTOS/Source/tasks.o
 .bss.xTasksWaitingTermination
                0x00000000200010d0       0x14 ./Middlewares/Third_Party/FreeRTOS/Source/tasks.o
 .bss.uxDeletedTasksWaitingCleanUp
                0x00000000200010e4        0x4 ./Middlewares/Third_Party/FreeRTOS/Source/tasks.o
 .bss.xSuspendedTaskList
                0x00000000200010e8       0x14 ./Middlewares/Third_Party/FreeRTOS/Source/tasks.o
 .bss.uxCurrentNumberOfTasks
                0x00000000200010fc        0x4 ./Middlewares/Third_Party/FreeRTOS/Source/tasks.o
 .bss.xTickCount
                0x0000000020001100        0x4 ./Middlewares/Third_Party/FreeRTOS/Source/tasks.o
 .bss.uxTopReadyPriority
                0x0000000020001104        0x4 ./Middlewares/Third_Party/FreeRTOS/Source/tasks.o
 .bss.xSchedulerRunning
                0x0000000020001108        0x4 ./Middlewares/Third_Party/FreeRTOS/Source/tasks.o
 .bss.uxPendedTicks
                0x000000002000110c        0x4 ./Middlewares/Third_Party/FreeRTOS/Source/tasks.o
 .bss.xYieldPending
                0x0000000020001110        0x4 ./Middlewares/Third_Party/FreeRTOS/Source/tasks.o
 .bss.xNumOfOverflows
                0x0000000020001114        0x4 ./Middlewares/Third_Party/FreeRTOS/Source/tasks.o
 .bss.uxTaskNumber
                0x0000000020001118        0x4 ./Middlewares/Third_Party/FreeRTOS/Source/tasks.o
 .bss.xNextTaskUnblockTime
                0x000000002000111c        0x4 ./Middlewares/Third_Party/FreeRTOS/Source/tasks.o
 .bss.xIdleTaskHandle
                0x0000000020001120        0x4 ./Middlewares/Third_Party/FreeRTOS/Source/tasks.o
 .bss.uxSchedulerSuspended
                0x0000000020001124        0x4 ./Middlewares/Third_Party/FreeRTOS/Source/tasks.o
 .bss.xActiveTimerList1
                0x0000000020001128       0x14 ./Middlewares/Third_Party/FreeRTOS/Source/timers.o
 .bss.xActiveTimerList2
                0x000000002000113c       0x14 ./Middlewares/Third_Party/FreeRTOS/Source/timers.o
 .bss.pxCurrentTimerList
                0x0000000020001150        0x4 ./Middlewares/Third_Party/FreeRTOS/Source/timers.o
 .bss.pxOverflowTimerList
                0x0000000020001154        0x4 ./Middlewares/Third_Party/FreeRTOS/Source/timers.o
 .bss.xTimerQueue
                0x0000000020001158        0x4 ./Middlewares/Third_Party/FreeRTOS/Source/timers.o
 .bss.xTimerTaskHandle
                0x000000002000115c        0x4 ./Middlewares/Third_Party/FreeRTOS/Source/timers.o
 .bss.xLastTime.2
                0x0000000020001160        0x4 ./Middlewares/Third_Party/FreeRTOS/Source/timers.o
 .bss.ucStaticTimerQueueStorage.1
                0x0000000020001164       0xa0 ./Middlewares/Third_Party/FreeRTOS/Source/timers.o
 .bss.xStaticTimerQueue.0
                0x0000000020001204       0x50 ./Middlewares/Third_Party/FreeRTOS/Source/timers.o
 .bss.ucMaxSysCallPriority
                0x0000000020001254        0x1 ./Middlewares/Third_Party/FreeRTOS/Source/portable/GCC/ARM_CM7/r0p1/port.o
 *fill*         0x0000000020001255        0x3 
 .bss.ulMaxPRIGROUPValue
                0x0000000020001258        0x4 ./Middlewares/Third_Party/FreeRTOS/Source/portable/GCC/ARM_CM7/r0p1/port.o
 .bss.ucHeap    0x000000002000125c     0x3c00 ./Middlewares/Third_Party/FreeRTOS/Source/portable/MemMang/heap_4.o
 .bss.xStart    0x0000000020004e5c        0x8 ./Middlewares/Third_Party/FreeRTOS/Source/portable/MemMang/heap_4.o
 .bss.pxEnd     0x0000000020004e64        0x4 ./Middlewares/Third_Party/FreeRTOS/Source/portable/MemMang/heap_4.o
 .bss.xFreeBytesRemaining
                0x0000000020004e68        0x4 ./Middlewares/Third_Party/FreeRTOS/Source/portable/MemMang/heap_4.o
 .bss.xMinimumEverFreeBytesRemaining
                0x0000000020004e6c        0x4 ./Middlewares/Third_Party/FreeRTOS/Source/portable/MemMang/heap_4.o
 .bss.xBlockAllocatedBit
                0x0000000020004e70        0x4 ./Middlewares/Third_Party/FreeRTOS/Source/portable/MemMang/heap_4.o
 .bss.hUsbDeviceFS
                0x0000000020004e74      0x2dc ./USB_DEVICE/App/usb_device.o
                0x0000000020004e74                hUsbDeviceFS
 .bss.UserRxBufferFS
                0x0000000020005150      0x800 ./USB_DEVICE/App/usbd_cdc_if.o
                0x0000000020005150                UserRxBufferFS
 .bss.UserTxBufferFS
                0x0000000020005950      0x800 ./USB_DEVICE/App/usbd_cdc_if.o
                0x0000000020005950                UserTxBufferFS
 .bss.USBD_StrDesc
                0x0000000020006150      0x200 ./USB_DEVICE/App/usbd_desc.o
                0x0000000020006150                USBD_StrDesc
 .bss.hpcd_USB_OTG_FS
                0x0000000020006350      0x508 ./USB_DEVICE/Target/usbd_conf.o
                0x0000000020006350                hpcd_USB_OTG_FS
 .bss.__malloc_free_list
                0x0000000020006858        0x4 D:/STM32CubeIDE/STM32CubeIDE/plugins/com.st.stm32cube.ide.mcu.externaltools.gnu-tools-for-stm32.11.3.rel1.win32_1.1.100.202309141235/tools/bin/../lib/gcc/arm-none-eabi/11.3.1/../../../../arm-none-eabi/lib/thumb/v7e-m+fp/hard\libc_nano.a(libc_a-mallocr.o)
                0x0000000020006858                __malloc_free_list
 .bss.__malloc_sbrk_start
                0x000000002000685c        0x4 D:/STM32CubeIDE/STM32CubeIDE/plugins/com.st.stm32cube.ide.mcu.externaltools.gnu-tools-for-stm32.11.3.rel1.win32_1.1.100.202309141235/tools/bin/../lib/gcc/arm-none-eabi/11.3.1/../../../../arm-none-eabi/lib/thumb/v7e-m+fp/hard\libc_nano.a(libc_a-mallocr.o)
                0x000000002000685c                __malloc_sbrk_start
 .bss.__sf      0x0000000020006860      0x138 D:/STM32CubeIDE/STM32CubeIDE/plugins/com.st.stm32cube.ide.mcu.externaltools.gnu-tools-for-stm32.11.3.rel1.win32_1.1.100.202309141235/tools/bin/../lib/gcc/arm-none-eabi/11.3.1/../../../../arm-none-eabi/lib/thumb/v7e-m+fp/hard\libc_nano.a(libc_a-findfp.o)
                0x0000000020006860                __sf
 .bss.errno     0x0000000020006998        0x4 D:/STM32CubeIDE/STM32CubeIDE/plugins/com.st.stm32cube.ide.mcu.externaltools.gnu-tools-for-stm32.11.3.rel1.win32_1.1.100.202309141235/tools/bin/../lib/gcc/arm-none-eabi/11.3.1/../../../../arm-none-eabi/lib/thumb/v7e-m+fp/hard\libc_nano.a(libc_a-reent.o)
                0x0000000020006998                errno
 .bss.__lock___malloc_recursive_mutex
                0x000000002000699c        0x1 D:/STM32CubeIDE/STM32CubeIDE/plugins/com.st.stm32cube.ide.mcu.externaltools.gnu-tools-for-stm32.11.3.rel1.win32_1.1.100.202309141235/tools/bin/../lib/gcc/arm-none-eabi/11.3.1/../../../../arm-none-eabi/lib/thumb/v7e-m+fp/hard\libc_nano.a(libc_a-lock.o)